  Determining projects to restore...
  All projects are up-to-date for restore.
  XAML source generation is enabled (MauiXamlInflator=SourceGen). This generates C# code from XAML at compile time for better performance. To disable, remove the MauiXamlInflator line from your .csproj file (reverts to configuration-based defaults: Runtime in Debug, XamlC in Release).
  XAML source generation is enabled (MauiXamlInflator=SourceGen). This generates C# code from XAML at compile time for better performance. To disable, remove the MauiXamlInflator line from your .csproj file (reverts to configuration-based defaults: Runtime in Debug, XamlC in Release).
  XAML source generation is enabled (MauiXamlInflator=SourceGen). This generates C# code from XAML at compile time for better performance. To disable, remove the MauiXamlInflator line from your .csproj file (reverts to configuration-based defaults: Runtime in Debug, XamlC in Release).
  XAML source generation is enabled (MauiXamlInflator=SourceGen). This generates C# code from XAML at compile time for better performance. To disable, remove the MauiXamlInflator line from your .csproj file (reverts to configuration-based defaults: Runtime in Debug, XamlC in Release).
D:\STUDY\C#\TasteTourApp\TasteTourApp\Views\TourPage.xaml.cs(18,13): warning CS0618: 'Application.MainPage.set' is obsolete: 'This property is deprecated. Initialize your application by overriding Application.CreateWindow rather than setting MainPage. To modify the root page in an active application, use Windows[0].Page for applications with a single window. For applications with multiple windows, use Application.Windows to identify and update the root page on the correct window.  Additionally, each element features a Window property, accessible when it's part of the current window.' [D:\STUDY\C#\TasteTourApp\TasteTourApp\TasteTourApp.csproj::TargetFramework=net10.0-maccatalyst]
D:\STUDY\C#\TasteTourApp\TasteTourApp\Views\TourPage.xaml.cs(18,67): error CS7036: There is no argument given that corresponds to the required parameter 'dbService' of 'MainPage.MainPage(DatabaseService, GeofenceEngine)' [D:\STUDY\C#\TasteTourApp\TasteTourApp\TasteTourApp.csproj::TargetFramework=net10.0-maccatalyst]
D:\STUDY\C#\TasteTourApp\TasteTourApp\Views\TourPage.xaml.cs(37,13): warning CS0618: 'Application.MainPage.set' is obsolete: 'This property is deprecated. Initialize your application by overriding Application.CreateWindow rather than setting MainPage. To modify the root page in an active application, use Windows[0].Page for applications with a single window. For applications with multiple windows, use Application.Windows to identify and update the root page on the correct window.  Additionally, each element features a Window property, accessible when it's part of the current window.' [D:\STUDY\C#\TasteTourApp\TasteTourApp\TasteTourApp.csproj::TargetFramework=net10.0-maccatalyst]
D:\STUDY\C#\TasteTourApp\TasteTourApp\Views\TourPage.xaml.cs(37,67): error CS7036: There is no argument given that corresponds to the required parameter 'dbService' of 'MainPage.MainPage(DatabaseService, GeofenceEngine)' [D:\STUDY\C#\TasteTourApp\TasteTourApp\TasteTourApp.csproj::TargetFramework=net10.0-maccatalyst]
D:\STUDY\C#\TasteTourApp\TasteTourApp\Views\TourPage.xaml.cs(50,13): warning CS0618: 'Application.MainPage.set' is obsolete: 'This property is deprecated. Initialize your application by overriding Application.CreateWindow rather than setting MainPage. To modify the root page in an active application, use Windows[0].Page for applications with a single window. For applications with multiple windows, use Application.Windows to identify and update the root page on the correct window.  Additionally, each element features a Window property, accessible when it's part of the current window.' [D:\STUDY\C#\TasteTourApp\TasteTourApp\TasteTourApp.csproj::TargetFramework=net10.0-maccatalyst]
D:\STUDY\C#\TasteTourApp\TasteTourApp\Models\QuanAn.cs(11,23): warning CS8618: Non-nullable property 'Id' must contain a non-null value when exiting constructor. Consider adding the 'required' modifier or declaring the property as nullable. [D:\STUDY\C#\TasteTourApp\TasteTourApp\TasteTourApp.csproj::TargetFramework=net10.0-maccatalyst]
D:\STUDY\C#\TasteTourApp\TasteTourApp\Models\QuanAn.cs(13,23): warning CS8618: Non-nullable property 'TenQuan' must contain a non-null value when exiting constructor. Consider adding the 'required' modifier or declaring the property as nullable. [D:\STUDY\C#\TasteTourApp\TasteTourApp\TasteTourApp.csproj::TargetFramework=net10.0-maccatalyst]
D:\STUDY\C#\TasteTourApp\TasteTourApp\Models\QuanAn.cs(14,23): warning CS8618: Non-nullable property 'MoTa' must contain a non-null value when exiting constructor. Consider adding the 'required' modifier or declaring the property as nullable. [D:\STUDY\C#\TasteTourApp\TasteTourApp\TasteTourApp.csproj::TargetFramework=net10.0-maccatalyst]
D:\STUDY\C#\TasteTourApp\TasteTourApp\Models\QuanAn.cs(17,23): warning CS8618: Non-nullable property 'HinhAnh' must contain a non-null value when exiting constructor. Consider adding the 'required' modifier or declaring the property as nullable. [D:\STUDY\C#\TasteTourApp\TasteTourApp\TasteTourApp.csproj::TargetFramework=net10.0-maccatalyst]
D:\STUDY\C#\TasteTourApp\TasteTourApp\Models\QuanAn.cs(18,23): warning CS8618: Non-nullable property 'LoaiQuan' must contain a non-null value when exiting constructor. Consider adding the 'required' modifier or declaring the property as nullable. [D:\STUDY\C#\TasteTourApp\TasteTourApp\TasteTourApp.csproj::TargetFramework=net10.0-maccatalyst]
D:\STUDY\C#\TasteTourApp\TasteTourApp\Views\ProfilePage.xaml.cs(17,13): warning CS0618: 'Application.MainPage.set' is obsolete: 'This property is deprecated. Initialize your application by overriding Application.CreateWindow rather than setting MainPage. To modify the root page in an active application, use Windows[0].Page for applications with a single window. For applications with multiple windows, use Application.Windows to identify and update the root page on the correct window.  Additionally, each element features a Window property, accessible when it's part of the current window.' [D:\STUDY\C#\TasteTourApp\TasteTourApp\TasteTourApp.csproj::TargetFramework=net10.0-maccatalyst]
D:\STUDY\C#\TasteTourApp\TasteTourApp\Views\ProfilePage.xaml.cs(17,67): error CS7036: There is no argument given that corresponds to the required parameter 'dbService' of 'MainPage.MainPage(DatabaseService, GeofenceEngine)' [D:\STUDY\C#\TasteTourApp\TasteTourApp\TasteTourApp.csproj::TargetFramework=net10.0-maccatalyst]
D:\STUDY\C#\TasteTourApp\TasteTourApp\Views\LoginPage.xaml.cs(12,15): warning CS0618: 'Page.DisplayAlert(string, string, string)' is obsolete: 'Use DisplayAlertAsync instead' [D:\STUDY\C#\TasteTourApp\TasteTourApp\TasteTourApp.csproj::TargetFramework=net10.0-maccatalyst]
D:\STUDY\C#\TasteTourApp\TasteTourApp\Views\ProfilePage.xaml.cs(25,13): warning CS0618: 'Application.MainPage.set' is obsolete: 'This property is deprecated. Initialize your application by overriding Application.CreateWindow rather than setting MainPage. To modify the root page in an active application, use Windows[0].Page for applications with a single window. For applications with multiple windows, use Application.Windows to identify and update the root page on the correct window.  Additionally, each element features a Window property, accessible when it's part of the current window.' [D:\STUDY\C#\TasteTourApp\TasteTourApp\TasteTourApp.csproj::TargetFramework=net10.0-maccatalyst]
D:\STUDY\C#\TasteTourApp\TasteTourApp\Views\LoginPage.xaml.cs(25,13): warning CS0618: 'Application.MainPage.set' is obsolete: 'This property is deprecated. Initialize your application by overriding Application.CreateWindow rather than setting MainPage. To modify the root page in an active application, use Windows[0].Page for applications with a single window. For applications with multiple windows, use Application.Windows to identify and update the root page on the correct window.  Additionally, each element features a Window property, accessible when it's part of the current window.' [D:\STUDY\C#\TasteTourApp\TasteTourApp\TasteTourApp.csproj::TargetFramework=net10.0-maccatalyst]
D:\STUDY\C#\TasteTourApp\TasteTourApp\Views\ProfilePage.xaml.cs(36,29): warning CS0618: 'Page.DisplayAlert(string, string, string, string)' is obsolete: 'Use DisplayAlertAsync instead' [D:\STUDY\C#\TasteTourApp\TasteTourApp\TasteTourApp.csproj::TargetFramework=net10.0-maccatalyst]
D:\STUDY\C#\TasteTourApp\TasteTourApp\Views\ProfilePage.xaml.cs(39,13): warning CS0618: 'Application.MainPage.set' is obsolete: 'This property is deprecated. Initialize your application by overriding Application.CreateWindow rather than setting MainPage. To modify the root page in an active application, use Windows[0].Page for applications with a single window. For applications with multiple windows, use Application.Windows to identify and update the root page on the correct window.  Additionally, each element features a Window property, accessible when it's part of the current window.' [D:\STUDY\C#\TasteTourApp\TasteTourApp\TasteTourApp.csproj::TargetFramework=net10.0-maccatalyst]
D:\STUDY\C#\TasteTourApp\TasteTourApp\Views\LoginPage.xaml.cs(31,15): warning CS0618: 'Page.DisplayAlert(string, string, string)' is obsolete: 'Use DisplayAlertAsync instead' [D:\STUDY\C#\TasteTourApp\TasteTourApp\TasteTourApp.csproj::TargetFramework=net10.0-maccatalyst]
D:\STUDY\C#\TasteTourApp\TasteTourApp\Views\LoginPage.xaml.cs(36,15): warning CS0618: 'Page.DisplayAlert(string, string, string)' is obsolete: 'Use DisplayAlertAsync instead' [D:\STUDY\C#\TasteTourApp\TasteTourApp\TasteTourApp.csproj::TargetFramework=net10.0-maccatalyst]
D:\STUDY\C#\TasteTourApp\TasteTourApp\Views\LoginPage.xaml.cs(44,13): warning CS0618: 'Application.MainPage.set' is obsolete: 'This property is deprecated. Initialize your application by overriding Application.CreateWindow rather than setting MainPage. To modify the root page in an active application, use Windows[0].Page for applications with a single window. For applications with multiple windows, use Application.Windows to identify and update the root page on the correct window.  Additionally, each element features a Window property, accessible when it's part of the current window.' [D:\STUDY\C#\TasteTourApp\TasteTourApp\TasteTourApp.csproj::TargetFramework=net10.0-maccatalyst]
D:\STUDY\C#\TasteTourApp\TasteTourApp\Views\ProfilePage.xaml.cs(51,15): warning CS0618: 'ViewExtensions.RotateTo(VisualElement, double, uint, Easing?)' is obsolete: 'Please use RotateToAsync instead.' [D:\STUDY\C#\TasteTourApp\TasteTourApp\TasteTourApp.csproj::TargetFramework=net10.0-maccatalyst]
D:\STUDY\C#\TasteTourApp\TasteTourApp\Views\LoginPage.xaml.cs(50,15): warning CS0618: 'Page.DisplayAlert(string, string, string)' is obsolete: 'Use DisplayAlertAsync instead' [D:\STUDY\C#\TasteTourApp\TasteTourApp\TasteTourApp.csproj::TargetFramework=net10.0-maccatalyst]
D:\STUDY\C#\TasteTourApp\TasteTourApp\Views\ProfilePage.xaml.cs(77,31): warning CS0618: 'Page.DisplayActionSheet(string, string, string, params string[])' is obsolete: 'Use DisplayActionSheetAsync instead' [D:\STUDY\C#\TasteTourApp\TasteTourApp\TasteTourApp.csproj::TargetFramework=net10.0-maccatalyst]
D:\STUDY\C#\TasteTourApp\TasteTourApp\Views\ProfilePage.xaml.cs(89,27): warning CS0618: 'Page.DisplayAlert(string, string, string)' is obsolete: 'Use DisplayAlertAsync instead' [D:\STUDY\C#\TasteTourApp\TasteTourApp\TasteTourApp.csproj::TargetFramework=net10.0-maccatalyst]
D:\STUDY\C#\TasteTourApp\TasteTourApp\Views\ProfilePage.xaml.cs(101,31): warning CS0618: 'Page.DisplayActionSheet(string, string, string, params string[])' is obsolete: 'Use DisplayActionSheetAsync instead' [D:\STUDY\C#\TasteTourApp\TasteTourApp\TasteTourApp.csproj::TargetFramework=net10.0-maccatalyst]
D:\STUDY\C#\TasteTourApp\TasteTourApp\Views\ProfilePage.xaml.cs(104,19): warning CS0618: 'Page.DisplayAlert(string, string, string)' is obsolete: 'Use DisplayAlertAsync instead' [D:\STUDY\C#\TasteTourApp\TasteTourApp\TasteTourApp.csproj::TargetFramework=net10.0-maccatalyst]
D:\STUDY\C#\TasteTourApp\TasteTourApp\Views\ProfilePage.xaml.cs(111,31): warning CS0618: 'Page.DisplayActionSheet(string, string, string, params string[])' is obsolete: 'Use DisplayActionSheetAsync instead' [D:\STUDY\C#\TasteTourApp\TasteTourApp\TasteTourApp.csproj::TargetFramework=net10.0-maccatalyst]
D:\STUDY\C#\TasteTourApp\TasteTourApp\Views\ProfilePage.xaml.cs(116,38): warning CS0618: 'Page.DisplayAlert(string, string, string, string)' is obsolete: 'Use DisplayAlertAsync instead' [D:\STUDY\C#\TasteTourApp\TasteTourApp\TasteTourApp.csproj::TargetFramework=net10.0-maccatalyst]
D:\STUDY\C#\TasteTourApp\TasteTourApp\Views\ProfilePage.xaml.cs(119,27): warning CS0618: 'Page.DisplayAlert(string, string, string)' is obsolete: 'Use DisplayAlertAsync instead' [D:\STUDY\C#\TasteTourApp\TasteTourApp\TasteTourApp.csproj::TargetFramework=net10.0-maccatalyst]
D:\STUDY\C#\TasteTourApp\TasteTourApp\Views\ProfilePage.xaml.cs(124,23): warning CS0618: 'Page.DisplayAlert(string, string, string)' is obsolete: 'Use DisplayAlertAsync instead' [D:\STUDY\C#\TasteTourApp\TasteTourApp\TasteTourApp.csproj::TargetFramework=net10.0-maccatalyst]
D:\STUDY\C#\TasteTourApp\TasteTourApp\Services\DatabaseServices.cs(16,39): warning CS8618: Non-nullable field '_db' must contain a non-null value when exiting constructor. Consider adding the 'required' modifier or declaring the field as nullable. [D:\STUDY\C#\TasteTourApp\TasteTourApp\TasteTourApp.csproj::TargetFramework=net10.0-maccatalyst]
D:\STUDY\C#\TasteTourApp\TasteTourApp\Views\SavedPage.xaml.cs(145,13): error CS0120: An object reference is required for the non-static field, method, or property 'Grid.SetRow(IView, int)' [D:\STUDY\C#\TasteTourApp\TasteTourApp\TasteTourApp.csproj::TargetFramework=net10.0-maccatalyst]
D:\STUDY\C#\TasteTourApp\TasteTourApp\Views\SavedPage.xaml.cs(178,13): error CS0120: An object reference is required for the non-static field, method, or property 'Grid.SetRow(IView, int)' [D:\STUDY\C#\TasteTourApp\TasteTourApp\TasteTourApp.csproj::TargetFramework=net10.0-maccatalyst]
D:\STUDY\C#\TasteTourApp\TasteTourApp\Views\SavedPage.xaml.cs(208,23): warning CS0618: 'ViewExtensions.ScaleTo(VisualElement, double, uint, Easing?)' is obsolete: 'Please use ScaleToAsync instead.' [D:\STUDY\C#\TasteTourApp\TasteTourApp\TasteTourApp.csproj::TargetFramework=net10.0-maccatalyst]
D:\STUDY\C#\TasteTourApp\TasteTourApp\Views\SavedPage.xaml.cs(258,13): warning CS0618: 'Application.MainPage.set' is obsolete: 'This property is deprecated. Initialize your application by overriding Application.CreateWindow rather than setting MainPage. To modify the root page in an active application, use Windows[0].Page for applications with a single window. For applications with multiple windows, use Application.Windows to identify and update the root page on the correct window.  Additionally, each element features a Window property, accessible when it's part of the current window.' [D:\STUDY\C#\TasteTourApp\TasteTourApp\TasteTourApp.csproj::TargetFramework=net10.0-maccatalyst]
D:\STUDY\C#\TasteTourApp\TasteTourApp\Views\SavedPage.xaml.cs(268,33): warning CS0618: 'Application.MainPage.get' is obsolete: 'This property has been deprecated. For single-window applications, use Windows[0].Page. For multi-window applications, identify and use the appropriate Window object to access the desired Page. Additionally, each element features a Window property, accessible when it's part of the current window.' [D:\STUDY\C#\TasteTourApp\TasteTourApp\TasteTourApp.csproj::TargetFramework=net10.0-maccatalyst]
D:\STUDY\C#\TasteTourApp\TasteTourApp\Views\SavedPage.xaml.cs(278,33): warning CS0618: 'Application.MainPage.get' is obsolete: 'This property has been deprecated. For single-window applications, use Windows[0].Page. For multi-window applications, identify and use the appropriate Window object to access the desired Page. Additionally, each element features a Window property, accessible when it's part of the current window.' [D:\STUDY\C#\TasteTourApp\TasteTourApp\TasteTourApp.csproj::TargetFramework=net10.0-maccatalyst]
D:\STUDY\C#\TasteTourApp\TasteTourApp\Views\MainPage.xaml.cs(645,13): warning CS0618: 'ViewExtensions.FadeTo(VisualElement, double, uint, Easing?)' is obsolete: 'Please use FadeToAsync instead.' [D:\STUDY\C#\TasteTourApp\TasteTourApp\TasteTourApp.csproj::TargetFramework=net10.0-maccatalyst]
D:\STUDY\C#\TasteTourApp\TasteTourApp\Views\MainPage.xaml.cs(646,13): warning CS0618: 'ViewExtensions.FadeTo(VisualElement, double, uint, Easing?)' is obsolete: 'Please use FadeToAsync instead.' [D:\STUDY\C#\TasteTourApp\TasteTourApp\TasteTourApp.csproj::TargetFramework=net10.0-maccatalyst]
D:\STUDY\C#\TasteTourApp\TasteTourApp\Views\MainPage.xaml.cs(652,15): warning CS0618: 'ViewExtensions.TranslateTo(VisualElement, double, double, uint, Easing?)' is obsolete: 'Please use TranslateToAsync instead.' [D:\STUDY\C#\TasteTourApp\TasteTourApp\TasteTourApp.csproj::TargetFramework=net10.0-maccatalyst]
D:\STUDY\C#\TasteTourApp\TasteTourApp\Views\MainPage.xaml.cs(666,15): warning CS0618: 'ViewExtensions.TranslateTo(VisualElement, double, double, uint, Easing?)' is obsolete: 'Please use TranslateToAsync instead.' [D:\STUDY\C#\TasteTourApp\TasteTourApp\TasteTourApp.csproj::TargetFramework=net10.0-maccatalyst]
D:\STUDY\C#\TasteTourApp\TasteTourApp\Views\MainPage.xaml.cs(675,13): warning CS0618: 'ViewExtensions.FadeTo(VisualElement, double, uint, Easing?)' is obsolete: 'Please use FadeToAsync instead.' [D:\STUDY\C#\TasteTourApp\TasteTourApp\TasteTourApp.csproj::TargetFramework=net10.0-maccatalyst]
D:\STUDY\C#\TasteTourApp\TasteTourApp\Views\MainPage.xaml.cs(676,13): warning CS0618: 'ViewExtensions.FadeTo(VisualElement, double, uint, Easing?)' is obsolete: 'Please use FadeToAsync instead.' [D:\STUDY\C#\TasteTourApp\TasteTourApp\TasteTourApp.csproj::TargetFramework=net10.0-maccatalyst]
D:\STUDY\C#\TasteTourApp\TasteTourApp\obj\Debug\net10.0-maccatalyst\maccatalyst-x64\Microsoft.Maui.Controls.SourceGen\Microsoft.Maui.Controls.SourceGen.XamlGenerator\Views_LoginPage.xaml.xsg.cs(383,34): warning CS8622: Nullability of reference types in type of parameter 'sender' of 'void LoginPage.QuenMatKhau_Tapped(object sender, EventArgs e)' doesn't match the target delegate 'EventHandler<TappedEventArgs>' (possibly because of nullability attributes). [D:\STUDY\C#\TasteTourApp\TasteTourApp\TasteTourApp.csproj::TargetFramework=net10.0-maccatalyst]
D:\STUDY\C#\TasteTourApp\TasteTourApp\obj\Debug\net10.0-maccatalyst\maccatalyst-x64\Microsoft.Maui.Controls.SourceGen\Microsoft.Maui.Controls.SourceGen.XamlGenerator\Views_LoginPage.xaml.xsg.cs(421,35): warning CS8622: Nullability of reference types in type of parameter 'sender' of 'void LoginPage.DangNhap_Tapped(object sender, EventArgs e)' doesn't match the target delegate 'EventHandler<TappedEventArgs>' (possibly because of nullability attributes). [D:\STUDY\C#\TasteTourApp\TasteTourApp\TasteTourApp.csproj::TargetFramework=net10.0-maccatalyst]
D:\STUDY\C#\TasteTourApp\TasteTourApp\obj\Debug\net10.0-maccatalyst\maccatalyst-x64\Microsoft.Maui.Controls.SourceGen\Microsoft.Maui.Controls.SourceGen.XamlGenerator\Views_LoginPage.xaml.xsg.cs(469,35): warning CS8622: Nullability of reference types in type of parameter 'sender' of 'void LoginPage.Google_Tapped(object sender, EventArgs e)' doesn't match the target delegate 'EventHandler<TappedEventArgs>' (possibly because of nullability attributes). [D:\STUDY\C#\TasteTourApp\TasteTourApp\TasteTourApp.csproj::TargetFramework=net10.0-maccatalyst]
D:\STUDY\C#\TasteTourApp\TasteTourApp\obj\Debug\net10.0-maccatalyst\maccatalyst-x64\Microsoft.Maui.Controls.SourceGen\Microsoft.Maui.Controls.SourceGen.XamlGenerator\Views_LoginPage.xaml.xsg.cs(492,35): warning CS8622: Nullability of reference types in type of parameter 'sender' of 'void LoginPage.Apple_Tapped(object sender, EventArgs e)' doesn't match the target delegate 'EventHandler<TappedEventArgs>' (possibly because of nullability attributes). [D:\STUDY\C#\TasteTourApp\TasteTourApp\TasteTourApp.csproj::TargetFramework=net10.0-maccatalyst]
D:\STUDY\C#\TasteTourApp\TasteTourApp\obj\Debug\net10.0-maccatalyst\maccatalyst-x64\Microsoft.Maui.Controls.SourceGen\Microsoft.Maui.Controls.SourceGen.XamlGenerator\Views_LoginPage.xaml.xsg.cs(513,35): warning CS8622: Nullability of reference types in type of parameter 'sender' of 'void LoginPage.Khach_Tapped(object sender, EventArgs e)' doesn't match the target delegate 'EventHandler<TappedEventArgs>' (possibly because of nullability attributes). [D:\STUDY\C#\TasteTourApp\TasteTourApp\TasteTourApp.csproj::TargetFramework=net10.0-maccatalyst]
D:\STUDY\C#\TasteTourApp\TasteTourApp\obj\Debug\net10.0-maccatalyst\maccatalyst-x64\Microsoft.Maui.Controls.SourceGen\Microsoft.Maui.Controls.SourceGen.XamlGenerator\Views_LoginPage.xaml.xsg.cs(542,35): warning CS8622: Nullability of reference types in type of parameter 'sender' of 'void LoginPage.TaoTaiKhoan_Tapped(object sender, EventArgs e)' doesn't match the target delegate 'EventHandler<TappedEventArgs>' (possibly because of nullability attributes). [D:\STUDY\C#\TasteTourApp\TasteTourApp\TasteTourApp.csproj::TargetFramework=net10.0-maccatalyst]
D:\STUDY\C#\TasteTourApp\TasteTourApp\Views\MainPage.xaml.cs(864,13): warning CS0618: 'Application.MainPage.set' is obsolete: 'This property is deprecated. Initialize your application by overriding Application.CreateWindow rather than setting MainPage. To modify the root page in an active application, use Windows[0].Page for applications with a single window. For applications with multiple windows, use Application.Windows to identify and update the root page on the correct window.  Additionally, each element features a Window property, accessible when it's part of the current window.' [D:\STUDY\C#\TasteTourApp\TasteTourApp\TasteTourApp.csproj::TargetFramework=net10.0-maccatalyst]
D:\STUDY\C#\TasteTourApp\TasteTourApp\Views\MainPage.xaml.cs(874,13): warning CS0618: 'Application.MainPage.set' is obsolete: 'This property is deprecated. Initialize your application by overriding Application.CreateWindow rather than setting MainPage. To modify the root page in an active application, use Windows[0].Page for applications with a single window. For applications with multiple windows, use Application.Windows to identify and update the root page on the correct window.  Additionally, each element features a Window property, accessible when it's part of the current window.' [D:\STUDY\C#\TasteTourApp\TasteTourApp\TasteTourApp.csproj::TargetFramework=net10.0-maccatalyst]
D:\STUDY\C#\TasteTourApp\TasteTourApp\Views\MainPage.xaml.cs(882,13): warning CS0618: 'Application.MainPage.set' is obsolete: 'This property is deprecated. Initialize your application by overriding Application.CreateWindow rather than setting MainPage. To modify the root page in an active application, use Windows[0].Page for applications with a single window. For applications with multiple windows, use Application.Windows to identify and update the root page on the correct window.  Additionally, each element features a Window property, accessible when it's part of the current window.' [D:\STUDY\C#\TasteTourApp\TasteTourApp\TasteTourApp.csproj::TargetFramework=net10.0-maccatalyst]
D:\STUDY\C#\TasteTourApp\TasteTourApp\Views\MainPage.xaml.cs(901,15): warning CS0618: 'ViewExtensions.ScaleTo(VisualElement, double, uint, Easing?)' is obsolete: 'Please use ScaleToAsync instead.' [D:\STUDY\C#\TasteTourApp\TasteTourApp\TasteTourApp.csproj::TargetFramework=net10.0-maccatalyst]
D:\STUDY\C#\TasteTourApp\TasteTourApp\Views\MainPage.xaml.cs(902,15): warning CS0618: 'ViewExtensions.ScaleTo(VisualElement, double, uint, Easing?)' is obsolete: 'Please use ScaleToAsync instead.' [D:\STUDY\C#\TasteTourApp\TasteTourApp\TasteTourApp.csproj::TargetFramework=net10.0-maccatalyst]
D:\STUDY\C#\TasteTourApp\TasteTourApp\obj\Debug\net10.0-maccatalyst\maccatalyst-x64\Microsoft.Maui.Controls.SourceGen\Microsoft.Maui.Controls.SourceGen.XamlGenerator\Views_SavedPage.xaml.xsg.cs(340,24): warning CS8622: Nullability of reference types in type of parameter 'sender' of 'void SavedPage.SearchEntry_TextChanged(object sender, TextChangedEventArgs e)' doesn't match the target delegate 'EventHandler<TextChangedEventArgs>' (possibly because of nullability attributes). [D:\STUDY\C#\TasteTourApp\TasteTourApp\TasteTourApp.csproj::TargetFramework=net10.0-maccatalyst]
D:\STUDY\C#\TasteTourApp\TasteTourApp\obj\Debug\net10.0-maccatalyst\maccatalyst-x64\Microsoft.Maui.Controls.SourceGen\Microsoft.Maui.Controls.SourceGen.XamlGenerator\Views_SavedPage.xaml.xsg.cs(473,34): warning CS8622: Nullability of reference types in type of parameter 'sender' of 'void SavedPage.NavHome_Tapped(object sender, EventArgs e)' doesn't match the target delegate 'EventHandler<TappedEventArgs>' (possibly because of nullability attributes). [D:\STUDY\C#\TasteTourApp\TasteTourApp\TasteTourApp.csproj::TargetFramework=net10.0-maccatalyst]
D:\STUDY\C#\TasteTourApp\TasteTourApp\obj\Debug\net10.0-maccatalyst\maccatalyst-x64\Microsoft.Maui.Controls.SourceGen\Microsoft.Maui.Controls.SourceGen.XamlGenerator\Views_SavedPage.xaml.xsg.cs(487,35): warning CS8622: Nullability of reference types in type of parameter 'sender' of 'void SavedPage.NavTours_Tapped(object sender, EventArgs e)' doesn't match the target delegate 'EventHandler<TappedEventArgs>' (possibly because of nullability attributes). [D:\STUDY\C#\TasteTourApp\TasteTourApp\TasteTourApp.csproj::TargetFramework=net10.0-maccatalyst]
D:\STUDY\C#\TasteTourApp\TasteTourApp\obj\Debug\net10.0-maccatalyst\maccatalyst-x64\Microsoft.Maui.Controls.SourceGen\Microsoft.Maui.Controls.SourceGen.XamlGenerator\Views_SavedPage.xaml.xsg.cs(517,35): warning CS8622: Nullability of reference types in type of parameter 'sender' of 'void SavedPage.NavProfile_Tapped(object sender, EventArgs e)' doesn't match the target delegate 'EventHandler<TappedEventArgs>' (possibly because of nullability attributes). [D:\STUDY\C#\TasteTourApp\TasteTourApp\TasteTourApp.csproj::TargetFramework=net10.0-maccatalyst]
D:\STUDY\C#\TasteTourApp\TasteTourApp\obj\Debug\net10.0-maccatalyst\maccatalyst-x64\Microsoft.Maui.Controls.SourceGen\Microsoft.Maui.Controls.SourceGen.XamlGenerator\Views_TourPage.xaml.xsg.cs(862,34): warning CS8622: Nullability of reference types in type of parameter 'sender' of 'void TourPage.BtnBatDau_Tapped(object sender, EventArgs e)' doesn't match the target delegate 'EventHandler<TappedEventArgs>' (possibly because of nullability attributes). [D:\STUDY\C#\TasteTourApp\TasteTourApp\TasteTourApp.csproj::TargetFramework=net10.0-maccatalyst]
D:\STUDY\C#\TasteTourApp\TasteTourApp\obj\Debug\net10.0-maccatalyst\maccatalyst-x64\Microsoft.Maui.Controls.SourceGen\Microsoft.Maui.Controls.SourceGen.XamlGenerator\Views_TourPage.xaml.xsg.cs(1465,35): warning CS8622: Nullability of reference types in type of parameter 'sender' of 'void TourPage.BtnCloseMini_Tapped(object sender, EventArgs e)' doesn't match the target delegate 'EventHandler<TappedEventArgs>' (possibly because of nullability attributes). [D:\STUDY\C#\TasteTourApp\TasteTourApp\TasteTourApp.csproj::TargetFramework=net10.0-maccatalyst]
D:\STUDY\C#\TasteTourApp\TasteTourApp\obj\Debug\net10.0-maccatalyst\maccatalyst-x64\Microsoft.Maui.Controls.SourceGen\Microsoft.Maui.Controls.SourceGen.XamlGenerator\Views_TourPage.xaml.xsg.cs(1487,35): warning CS8622: Nullability of reference types in type of parameter 'sender' of 'void TourPage.NavExplore_Tapped(object sender, EventArgs e)' doesn't match the target delegate 'EventHandler<TappedEventArgs>' (possibly because of nullability attributes). [D:\STUDY\C#\TasteTourApp\TasteTourApp\TasteTourApp.csproj::TargetFramework=net10.0-maccatalyst]
D:\STUDY\C#\TasteTourApp\TasteTourApp\obj\Debug\net10.0-maccatalyst\maccatalyst-x64\Microsoft.Maui.Controls.SourceGen\Microsoft.Maui.Controls.SourceGen.XamlGenerator\Views_TourPage.xaml.xsg.cs(1520,35): warning CS8622: Nullability of reference types in type of parameter 'sender' of 'void TourPage.NavSaved_Tapped(object sender, EventArgs e)' doesn't match the target delegate 'EventHandler<TappedEventArgs>' (possibly because of nullability attributes). [D:\STUDY\C#\TasteTourApp\TasteTourApp\TasteTourApp.csproj::TargetFramework=net10.0-maccatalyst]
D:\STUDY\C#\TasteTourApp\TasteTourApp\obj\Debug\net10.0-maccatalyst\maccatalyst-x64\Microsoft.Maui.Controls.SourceGen\Microsoft.Maui.Controls.SourceGen.XamlGenerator\Views_TourPage.xaml.xsg.cs(1534,35): warning CS8622: Nullability of reference types in type of parameter 'sender' of 'void TourPage.NavProfile_Tapped(object sender, EventArgs e)' doesn't match the target delegate 'EventHandler<TappedEventArgs>' (possibly because of nullability attributes). [D:\STUDY\C#\TasteTourApp\TasteTourApp\TasteTourApp.csproj::TargetFramework=net10.0-maccatalyst]
D:\STUDY\C#\TasteTourApp\TasteTourApp\obj\Debug\net10.0-maccatalyst\maccatalyst-x64\Microsoft.Maui.Controls.SourceGen\Microsoft.Maui.Controls.SourceGen.XamlGenerator\Views_ProfilePage.xaml.xsg.cs(930,34): warning CS8622: Nullability of reference types in type of parameter 'sender' of 'void ProfilePage.CaiDat_Tapped(object sender, EventArgs e)' doesn't match the target delegate 'EventHandler<TappedEventArgs>' (possibly because of nullability attributes). [D:\STUDY\C#\TasteTourApp\TasteTourApp\TasteTourApp.csproj::TargetFramework=net10.0-maccatalyst]
D:\STUDY\C#\TasteTourApp\TasteTourApp\obj\Debug\net10.0-maccatalyst\maccatalyst-x64\Microsoft.Maui.Controls.SourceGen\Microsoft.Maui.Controls.SourceGen.XamlGenerator\Views_ProfilePage.xaml.xsg.cs(970,35): warning CS8622: Nullability of reference types in type of parameter 'sender' of 'void ProfilePage.TTSVoice_Tapped(object sender, EventArgs e)' doesn't match the target delegate 'EventHandler<TappedEventArgs>' (possibly because of nullability attributes). [D:\STUDY\C#\TasteTourApp\TasteTourApp\TasteTourApp.csproj::TargetFramework=net10.0-maccatalyst]
D:\STUDY\C#\TasteTourApp\TasteTourApp\obj\Debug\net10.0-maccatalyst\maccatalyst-x64\Microsoft.Maui.Controls.SourceGen\Microsoft.Maui.Controls.SourceGen.XamlGenerator\Views_ProfilePage.xaml.xsg.cs(1013,35): warning CS8622: Nullability of reference types in type of parameter 'sender' of 'void ProfilePage.GPSSensitivity_Tapped(object sender, EventArgs e)' doesn't match the target delegate 'EventHandler<TappedEventArgs>' (possibly because of nullability attributes). [D:\STUDY\C#\TasteTourApp\TasteTourApp\TasteTourApp.csproj::TargetFramework=net10.0-maccatalyst]
D:\STUDY\C#\TasteTourApp\TasteTourApp\obj\Debug\net10.0-maccatalyst\maccatalyst-x64\Microsoft.Maui.Controls.SourceGen\Microsoft.Maui.Controls.SourceGen.XamlGenerator\Views_ProfilePage.xaml.xsg.cs(1056,35): warning CS8622: Nullability of reference types in type of parameter 'sender' of 'void ProfilePage.OfflineData_Tapped(object sender, EventArgs e)' doesn't match the target delegate 'EventHandler<TappedEventArgs>' (possibly because of nullability attributes). [D:\STUDY\C#\TasteTourApp\TasteTourApp\TasteTourApp.csproj::TargetFramework=net10.0-maccatalyst]
D:\STUDY\C#\TasteTourApp\TasteTourApp\obj\Debug\net10.0-maccatalyst\maccatalyst-x64\Microsoft.Maui.Controls.SourceGen\Microsoft.Maui.Controls.SourceGen.XamlGenerator\Views_ProfilePage.xaml.xsg.cs(1135,35): warning CS8622: Nullability of reference types in type of parameter 'sender' of 'void ProfilePage.DangXuat_Tapped(object sender, EventArgs e)' doesn't match the target delegate 'EventHandler<TappedEventArgs>' (possibly because of nullability attributes). [D:\STUDY\C#\TasteTourApp\TasteTourApp\TasteTourApp.csproj::TargetFramework=net10.0-maccatalyst]
D:\STUDY\C#\TasteTourApp\TasteTourApp\obj\Debug\net10.0-maccatalyst\maccatalyst-x64\Microsoft.Maui.Controls.SourceGen\Microsoft.Maui.Controls.SourceGen.XamlGenerator\Views_ProfilePage.xaml.xsg.cs(1212,35): warning CS8622: Nullability of reference types in type of parameter 'sender' of 'void ProfilePage.NavExplore_Tapped(object sender, EventArgs e)' doesn't match the target delegate 'EventHandler<TappedEventArgs>' (possibly because of nullability attributes). [D:\STUDY\C#\TasteTourApp\TasteTourApp\TasteTourApp.csproj::TargetFramework=net10.0-maccatalyst]
D:\STUDY\C#\TasteTourApp\TasteTourApp\obj\Debug\net10.0-maccatalyst\maccatalyst-x64\Microsoft.Maui.Controls.SourceGen\Microsoft.Maui.Controls.SourceGen.XamlGenerator\Views_ProfilePage.xaml.xsg.cs(1226,35): warning CS8622: Nullability of reference types in type of parameter 'sender' of 'void ProfilePage.NavTours_Tapped(object sender, EventArgs e)' doesn't match the target delegate 'EventHandler<TappedEventArgs>' (possibly because of nullability attributes). [D:\STUDY\C#\TasteTourApp\TasteTourApp\TasteTourApp.csproj::TargetFramework=net10.0-maccatalyst]
D:\STUDY\C#\TasteTourApp\TasteTourApp\obj\Debug\net10.0-maccatalyst\maccatalyst-x64\Microsoft.Maui.Controls.SourceGen\Microsoft.Maui.Controls.SourceGen.XamlGenerator\Views_ProfilePage.xaml.xsg.cs(1240,35): warning CS8622: Nullability of reference types in type of parameter 'sender' of 'void ProfilePage.NavSaved_Tapped(object sender, EventArgs e)' doesn't match the target delegate 'EventHandler<TappedEventArgs>' (possibly because of nullability attributes). [D:\STUDY\C#\TasteTourApp\TasteTourApp\TasteTourApp.csproj::TargetFramework=net10.0-maccatalyst]
D:\STUDY\C#\TasteTourApp\TasteTourApp\obj\Debug\net10.0-maccatalyst\maccatalyst-x64\Microsoft.Maui.Controls.SourceGen\Microsoft.Maui.Controls.SourceGen.XamlGenerator\Views_MainPage.xaml.xsg.cs(670,82): warning CS0618: 'LayoutOptions.FillAndExpand' is obsolete: 'The StackLayout expansion options are deprecated; please use a Grid instead.' [D:\STUDY\C#\TasteTourApp\TasteTourApp\TasteTourApp.csproj::TargetFramework=net10.0-maccatalyst]
D:\STUDY\C#\TasteTourApp\TasteTourApp\obj\Debug\net10.0-maccatalyst\maccatalyst-x64\Microsoft.Maui.Controls.SourceGen\Microsoft.Maui.Controls.SourceGen.XamlGenerator\Views_MainPage.xaml.xsg.cs(671,84): warning CS0618: 'LayoutOptions.FillAndExpand' is obsolete: 'The StackLayout expansion options are deprecated; please use a Grid instead.' [D:\STUDY\C#\TasteTourApp\TasteTourApp\TasteTourApp.csproj::TargetFramework=net10.0-maccatalyst]
D:\STUDY\C#\TasteTourApp\TasteTourApp\obj\Debug\net10.0-maccatalyst\maccatalyst-x64\Microsoft.Maui.Controls.SourceGen\Microsoft.Maui.Controls.SourceGen.XamlGenerator\Views_MainPage.xaml.xsg.cs(673,25): warning CS8622: Nullability of reference types in type of parameter 'sender' of 'void MainPage.BanDoWebView_Navigating(object sender, WebNavigatingEventArgs e)' doesn't match the target delegate 'EventHandler<WebNavigatingEventArgs>' (possibly because of nullability attributes). [D:\STUDY\C#\TasteTourApp\TasteTourApp\TasteTourApp.csproj::TargetFramework=net10.0-maccatalyst]
D:\STUDY\C#\TasteTourApp\TasteTourApp\obj\Debug\net10.0-maccatalyst\maccatalyst-x64\Microsoft.Maui.Controls.SourceGen\Microsoft.Maui.Controls.SourceGen.XamlGenerator\Views_MainPage.xaml.xsg.cs(766,34): warning CS8622: Nullability of reference types in type of parameter 'sender' of 'void MainPage.BtnLocateMe_Tapped(object sender, EventArgs e)' doesn't match the target delegate 'EventHandler<TappedEventArgs>' (possibly because of nullability attributes). [D:\STUDY\C#\TasteTourApp\TasteTourApp\TasteTourApp.csproj::TargetFramework=net10.0-maccatalyst]
D:\STUDY\C#\TasteTourApp\TasteTourApp\obj\Debug\net10.0-maccatalyst\maccatalyst-x64\Microsoft.Maui.Controls.SourceGen\Microsoft.Maui.Controls.SourceGen.XamlGenerator\Views_MainPage.xaml.xsg.cs(784,38): warning CS8622: Nullability of reference types in type of parameter 'sender' of 'void MainPage.BottomSheet_PanUpdated(object sender, PanUpdatedEventArgs e)' doesn't match the target delegate 'EventHandler<PanUpdatedEventArgs>' (possibly because of nullability attributes). [D:\STUDY\C#\TasteTourApp\TasteTourApp\TasteTourApp.csproj::TargetFramework=net10.0-maccatalyst]
D:\STUDY\C#\TasteTourApp\TasteTourApp\obj\Debug\net10.0-maccatalyst\maccatalyst-x64\Microsoft.Maui.Controls.SourceGen\Microsoft.Maui.Controls.SourceGen.XamlGenerator\Views_MainPage.xaml.xsg.cs(822,35): warning CS8622: Nullability of reference types in type of parameter 'sender' of 'void MainPage.NearestPoi_Tapped(object sender, EventArgs e)' doesn't match the target delegate 'EventHandler<TappedEventArgs>' (possibly because of nullability attributes). [D:\STUDY\C#\TasteTourApp\TasteTourApp\TasteTourApp.csproj::TargetFramework=net10.0-maccatalyst]
D:\STUDY\C#\TasteTourApp\TasteTourApp\obj\Debug\net10.0-maccatalyst\maccatalyst-x64\Microsoft.Maui.Controls.SourceGen\Microsoft.Maui.Controls.SourceGen.XamlGenerator\Views_MainPage.xaml.xsg.cs(908,35): warning CS8622: Nullability of reference types in type of parameter 'sender' of 'void MainPage.BtnDong_Tapped(object sender, EventArgs e)' doesn't match the target delegate 'EventHandler<TappedEventArgs>' (possibly because of nullability attributes). [D:\STUDY\C#\TasteTourApp\TasteTourApp\TasteTourApp.csproj::TargetFramework=net10.0-maccatalyst]
D:\STUDY\C#\TasteTourApp\TasteTourApp\obj\Debug\net10.0-maccatalyst\maccatalyst-x64\Microsoft.Maui.Controls.SourceGen\Microsoft.Maui.Controls.SourceGen.XamlGenerator\Views_MainPage.xaml.xsg.cs(980,35): warning CS8622: Nullability of reference types in type of parameter 'sender' of 'void MainPage.BtnHeartPoi_Tapped(object sender, EventArgs e)' doesn't match the target delegate 'EventHandler<TappedEventArgs>' (possibly because of nullability attributes). [D:\STUDY\C#\TasteTourApp\TasteTourApp\TasteTourApp.csproj::TargetFramework=net10.0-maccatalyst]
D:\STUDY\C#\TasteTourApp\TasteTourApp\obj\Debug\net10.0-maccatalyst\maccatalyst-x64\Microsoft.Maui.Controls.SourceGen\Microsoft.Maui.Controls.SourceGen.XamlGenerator\Views_MainPage.xaml.xsg.cs(1026,35): warning CS8622: Nullability of reference types in type of parameter 'sender' of 'void MainPage.BtnPlay_Tapped(object sender, EventArgs e)' doesn't match the target delegate 'EventHandler<TappedEventArgs>' (possibly because of nullability attributes). [D:\STUDY\C#\TasteTourApp\TasteTourApp\TasteTourApp.csproj::TargetFramework=net10.0-maccatalyst]
D:\STUDY\C#\TasteTourApp\TasteTourApp\obj\Debug\net10.0-maccatalyst\maccatalyst-x64\Microsoft.Maui.Controls.SourceGen\Microsoft.Maui.Controls.SourceGen.XamlGenerator\Views_MainPage.xaml.xsg.cs(1064,35): warning CS8622: Nullability of reference types in type of parameter 'sender' of 'void MainPage.BtnChiDuong_Tapped(object sender, EventArgs e)' doesn't match the target delegate 'EventHandler<TappedEventArgs>' (possibly because of nullability attributes). [D:\STUDY\C#\TasteTourApp\TasteTourApp\TasteTourApp.csproj::TargetFramework=net10.0-maccatalyst]
D:\STUDY\C#\TasteTourApp\TasteTourApp\obj\Debug\net10.0-maccatalyst\maccatalyst-x64\Microsoft.Maui.Controls.SourceGen\Microsoft.Maui.Controls.SourceGen.XamlGenerator\Views_MainPage.xaml.xsg.cs(1084,35): warning CS8622: Nullability of reference types in type of parameter 'sender' of 'void MainPage.BtnNgheThuyetMinh_Tapped(object sender, EventArgs e)' doesn't match the target delegate 'EventHandler<TappedEventArgs>' (possibly because of nullability attributes). [D:\STUDY\C#\TasteTourApp\TasteTourApp\TasteTourApp.csproj::TargetFramework=net10.0-maccatalyst]
D:\STUDY\C#\TasteTourApp\TasteTourApp\obj\Debug\net10.0-maccatalyst\maccatalyst-x64\Microsoft.Maui.Controls.SourceGen\Microsoft.Maui.Controls.SourceGen.XamlGenerator\Views_MainPage.xaml.xsg.cs(1127,35): warning CS8622: Nullability of reference types in type of parameter 'sender' of 'void MainPage.NavTours_Tapped(object sender, EventArgs e)' doesn't match the target delegate 'EventHandler<TappedEventArgs>' (possibly because of nullability attributes). [D:\STUDY\C#\TasteTourApp\TasteTourApp\TasteTourApp.csproj::TargetFramework=net10.0-maccatalyst]
D:\STUDY\C#\TasteTourApp\TasteTourApp\obj\Debug\net10.0-maccatalyst\maccatalyst-x64\Microsoft.Maui.Controls.SourceGen\Microsoft.Maui.Controls.SourceGen.XamlGenerator\Views_MainPage.xaml.xsg.cs(1141,35): warning CS8622: Nullability of reference types in type of parameter 'sender' of 'void MainPage.NavSaved_Tapped(object sender, EventArgs e)' doesn't match the target delegate 'EventHandler<TappedEventArgs>' (possibly because of nullability attributes). [D:\STUDY\C#\TasteTourApp\TasteTourApp\TasteTourApp.csproj::TargetFramework=net10.0-maccatalyst]
D:\STUDY\C#\TasteTourApp\TasteTourApp\obj\Debug\net10.0-maccatalyst\maccatalyst-x64\Microsoft.Maui.Controls.SourceGen\Microsoft.Maui.Controls.SourceGen.XamlGenerator\Views_MainPage.xaml.xsg.cs(1155,35): warning CS8622: Nullability of reference types in type of parameter 'sender' of 'void MainPage.NavProfile_Tapped(object sender, EventArgs e)' doesn't match the target delegate 'EventHandler<TappedEventArgs>' (possibly because of nullability attributes). [D:\STUDY\C#\TasteTourApp\TasteTourApp\TasteTourApp.csproj::TargetFramework=net10.0-maccatalyst]
D:\STUDY\C#\TasteTourApp\TasteTourApp\Views\MainPage.xaml.cs(22,18): warning CS0414: The field 'MainPage._isSheetExpanded' is assigned but its value is never used [D:\STUDY\C#\TasteTourApp\TasteTourApp\TasteTourApp.csproj::TargetFramework=net10.0-maccatalyst]
D:\STUDY\C#\TasteTourApp\TasteTourApp\Views\TourPage.xaml.cs(18,13): warning CS0618: 'Application.MainPage.set' is obsolete: 'This property is deprecated. Initialize your application by overriding Application.CreateWindow rather than setting MainPage. To modify the root page in an active application, use Windows[0].Page for applications with a single window. For applications with multiple windows, use Application.Windows to identify and update the root page on the correct window.  Additionally, each element features a Window property, accessible when it's part of the current window.' [D:\STUDY\C#\TasteTourApp\TasteTourApp\TasteTourApp.csproj::TargetFramework=net10.0-ios]
D:\STUDY\C#\TasteTourApp\TasteTourApp\Views\TourPage.xaml.cs(18,67): error CS7036: There is no argument given that corresponds to the required parameter 'dbService' of 'MainPage.MainPage(DatabaseService, GeofenceEngine)' [D:\STUDY\C#\TasteTourApp\TasteTourApp\TasteTourApp.csproj::TargetFramework=net10.0-ios]
D:\STUDY\C#\TasteTourApp\TasteTourApp\Views\TourPage.xaml.cs(37,13): warning CS0618: 'Application.MainPage.set' is obsolete: 'This property is deprecated. Initialize your application by overriding Application.CreateWindow rather than setting MainPage. To modify the root page in an active application, use Windows[0].Page for applications with a single window. For applications with multiple windows, use Application.Windows to identify and update the root page on the correct window.  Additionally, each element features a Window property, accessible when it's part of the current window.' [D:\STUDY\C#\TasteTourApp\TasteTourApp\TasteTourApp.csproj::TargetFramework=net10.0-ios]
D:\STUDY\C#\TasteTourApp\TasteTourApp\Views\TourPage.xaml.cs(37,67): error CS7036: There is no argument given that corresponds to the required parameter 'dbService' of 'MainPage.MainPage(DatabaseService, GeofenceEngine)' [D:\STUDY\C#\TasteTourApp\TasteTourApp\TasteTourApp.csproj::TargetFramework=net10.0-ios]
D:\STUDY\C#\TasteTourApp\TasteTourApp\Views\TourPage.xaml.cs(50,13): warning CS0618: 'Application.MainPage.set' is obsolete: 'This property is deprecated. Initialize your application by overriding Application.CreateWindow rather than setting MainPage. To modify the root page in an active application, use Windows[0].Page for applications with a single window. For applications with multiple windows, use Application.Windows to identify and update the root page on the correct window.  Additionally, each element features a Window property, accessible when it's part of the current window.' [D:\STUDY\C#\TasteTourApp\TasteTourApp\TasteTourApp.csproj::TargetFramework=net10.0-ios]
D:\STUDY\C#\TasteTourApp\TasteTourApp\Models\QuanAn.cs(11,23): warning CS8618: Non-nullable property 'Id' must contain a non-null value when exiting constructor. Consider adding the 'required' modifier or declaring the property as nullable. [D:\STUDY\C#\TasteTourApp\TasteTourApp\TasteTourApp.csproj::TargetFramework=net10.0-ios]
D:\STUDY\C#\TasteTourApp\TasteTourApp\Models\QuanAn.cs(13,23): warning CS8618: Non-nullable property 'TenQuan' must contain a non-null value when exiting constructor. Consider adding the 'required' modifier or declaring the property as nullable. [D:\STUDY\C#\TasteTourApp\TasteTourApp\TasteTourApp.csproj::TargetFramework=net10.0-ios]
D:\STUDY\C#\TasteTourApp\TasteTourApp\Models\QuanAn.cs(14,23): warning CS8618: Non-nullable property 'MoTa' must contain a non-null value when exiting constructor. Consider adding the 'required' modifier or declaring the property as nullable. [D:\STUDY\C#\TasteTourApp\TasteTourApp\TasteTourApp.csproj::TargetFramework=net10.0-ios]
D:\STUDY\C#\TasteTourApp\TasteTourApp\Models\QuanAn.cs(17,23): warning CS8618: Non-nullable property 'HinhAnh' must contain a non-null value when exiting constructor. Consider adding the 'required' modifier or declaring the property as nullable. [D:\STUDY\C#\TasteTourApp\TasteTourApp\TasteTourApp.csproj::TargetFramework=net10.0-ios]
D:\STUDY\C#\TasteTourApp\TasteTourApp\Models\QuanAn.cs(18,23): warning CS8618: Non-nullable property 'LoaiQuan' must contain a non-null value when exiting constructor. Consider adding the 'required' modifier or declaring the property as nullable. [D:\STUDY\C#\TasteTourApp\TasteTourApp\TasteTourApp.csproj::TargetFramework=net10.0-ios]
D:\STUDY\C#\TasteTourApp\TasteTourApp\Views\LoginPage.xaml.cs(12,15): warning CS0618: 'Page.DisplayAlert(string, string, string)' is obsolete: 'Use DisplayAlertAsync instead' [D:\STUDY\C#\TasteTourApp\TasteTourApp\TasteTourApp.csproj::TargetFramework=net10.0-ios]
D:\STUDY\C#\TasteTourApp\TasteTourApp\Views\LoginPage.xaml.cs(25,13): warning CS0618: 'Application.MainPage.set' is obsolete: 'This property is deprecated. Initialize your application by overriding Application.CreateWindow rather than setting MainPage. To modify the root page in an active application, use Windows[0].Page for applications with a single window. For applications with multiple windows, use Application.Windows to identify and update the root page on the correct window.  Additionally, each element features a Window property, accessible when it's part of the current window.' [D:\STUDY\C#\TasteTourApp\TasteTourApp\TasteTourApp.csproj::TargetFramework=net10.0-ios]
D:\STUDY\C#\TasteTourApp\TasteTourApp\Views\LoginPage.xaml.cs(31,15): warning CS0618: 'Page.DisplayAlert(string, string, string)' is obsolete: 'Use DisplayAlertAsync instead' [D:\STUDY\C#\TasteTourApp\TasteTourApp\TasteTourApp.csproj::TargetFramework=net10.0-ios]
D:\STUDY\C#\TasteTourApp\TasteTourApp\Views\LoginPage.xaml.cs(36,15): warning CS0618: 'Page.DisplayAlert(string, string, string)' is obsolete: 'Use DisplayAlertAsync instead' [D:\STUDY\C#\TasteTourApp\TasteTourApp\TasteTourApp.csproj::TargetFramework=net10.0-ios]
D:\STUDY\C#\TasteTourApp\TasteTourApp\Views\LoginPage.xaml.cs(44,13): warning CS0618: 'Application.MainPage.set' is obsolete: 'This property is deprecated. Initialize your application by overriding Application.CreateWindow rather than setting MainPage. To modify the root page in an active application, use Windows[0].Page for applications with a single window. For applications with multiple windows, use Application.Windows to identify and update the root page on the correct window.  Additionally, each element features a Window property, accessible when it's part of the current window.' [D:\STUDY\C#\TasteTourApp\TasteTourApp\TasteTourApp.csproj::TargetFramework=net10.0-ios]
D:\STUDY\C#\TasteTourApp\TasteTourApp\Views\LoginPage.xaml.cs(50,15): warning CS0618: 'Page.DisplayAlert(string, string, string)' is obsolete: 'Use DisplayAlertAsync instead' [D:\STUDY\C#\TasteTourApp\TasteTourApp\TasteTourApp.csproj::TargetFramework=net10.0-ios]
D:\STUDY\C#\TasteTourApp\TasteTourApp\Views\ProfilePage.xaml.cs(17,13): warning CS0618: 'Application.MainPage.set' is obsolete: 'This property is deprecated. Initialize your application by overriding Application.CreateWindow rather than setting MainPage. To modify the root page in an active application, use Windows[0].Page for applications with a single window. For applications with multiple windows, use Application.Windows to identify and update the root page on the correct window.  Additionally, each element features a Window property, accessible when it's part of the current window.' [D:\STUDY\C#\TasteTourApp\TasteTourApp\TasteTourApp.csproj::TargetFramework=net10.0-ios]
D:\STUDY\C#\TasteTourApp\TasteTourApp\Views\ProfilePage.xaml.cs(17,67): error CS7036: There is no argument given that corresponds to the required parameter 'dbService' of 'MainPage.MainPage(DatabaseService, GeofenceEngine)' [D:\STUDY\C#\TasteTourApp\TasteTourApp\TasteTourApp.csproj::TargetFramework=net10.0-ios]
D:\STUDY\C#\TasteTourApp\TasteTourApp\Views\ProfilePage.xaml.cs(25,13): warning CS0618: 'Application.MainPage.set' is obsolete: 'This property is deprecated. Initialize your application by overriding Application.CreateWindow rather than setting MainPage. To modify the root page in an active application, use Windows[0].Page for applications with a single window. For applications with multiple windows, use Application.Windows to identify and update the root page on the correct window.  Additionally, each element features a Window property, accessible when it's part of the current window.' [D:\STUDY\C#\TasteTourApp\TasteTourApp\TasteTourApp.csproj::TargetFramework=net10.0-ios]
D:\STUDY\C#\TasteTourApp\TasteTourApp\Views\ProfilePage.xaml.cs(36,29): warning CS0618: 'Page.DisplayAlert(string, string, string, string)' is obsolete: 'Use DisplayAlertAsync instead' [D:\STUDY\C#\TasteTourApp\TasteTourApp\TasteTourApp.csproj::TargetFramework=net10.0-ios]
D:\STUDY\C#\TasteTourApp\TasteTourApp\Views\ProfilePage.xaml.cs(39,13): warning CS0618: 'Application.MainPage.set' is obsolete: 'This property is deprecated. Initialize your application by overriding Application.CreateWindow rather than setting MainPage. To modify the root page in an active application, use Windows[0].Page for applications with a single window. For applications with multiple windows, use Application.Windows to identify and update the root page on the correct window.  Additionally, each element features a Window property, accessible when it's part of the current window.' [D:\STUDY\C#\TasteTourApp\TasteTourApp\TasteTourApp.csproj::TargetFramework=net10.0-ios]
D:\STUDY\C#\TasteTourApp\TasteTourApp\Views\ProfilePage.xaml.cs(51,15): warning CS0618: 'ViewExtensions.RotateTo(VisualElement, double, uint, Easing?)' is obsolete: 'Please use RotateToAsync instead.' [D:\STUDY\C#\TasteTourApp\TasteTourApp\TasteTourApp.csproj::TargetFramework=net10.0-ios]
D:\STUDY\C#\TasteTourApp\TasteTourApp\Views\ProfilePage.xaml.cs(77,31): warning CS0618: 'Page.DisplayActionSheet(string, string, string, params string[])' is obsolete: 'Use DisplayActionSheetAsync instead' [D:\STUDY\C#\TasteTourApp\TasteTourApp\TasteTourApp.csproj::TargetFramework=net10.0-ios]
D:\STUDY\C#\TasteTourApp\TasteTourApp\Views\ProfilePage.xaml.cs(89,27): warning CS0618: 'Page.DisplayAlert(string, string, string)' is obsolete: 'Use DisplayAlertAsync instead' [D:\STUDY\C#\TasteTourApp\TasteTourApp\TasteTourApp.csproj::TargetFramework=net10.0-ios]
D:\STUDY\C#\TasteTourApp\TasteTourApp\Services\DatabaseServices.cs(16,39): warning CS8618: Non-nullable field '_db' must contain a non-null value when exiting constructor. Consider adding the 'required' modifier or declaring the field as nullable. [D:\STUDY\C#\TasteTourApp\TasteTourApp\TasteTourApp.csproj::TargetFramework=net10.0-ios]
D:\STUDY\C#\TasteTourApp\TasteTourApp\Views\ProfilePage.xaml.cs(101,31): warning CS0618: 'Page.DisplayActionSheet(string, string, string, params string[])' is obsolete: 'Use DisplayActionSheetAsync instead' [D:\STUDY\C#\TasteTourApp\TasteTourApp\TasteTourApp.csproj::TargetFramework=net10.0-ios]
D:\STUDY\C#\TasteTourApp\TasteTourApp\Views\ProfilePage.xaml.cs(104,19): warning CS0618: 'Page.DisplayAlert(string, string, string)' is obsolete: 'Use DisplayAlertAsync instead' [D:\STUDY\C#\TasteTourApp\TasteTourApp\TasteTourApp.csproj::TargetFramework=net10.0-ios]
D:\STUDY\C#\TasteTourApp\TasteTourApp\Views\ProfilePage.xaml.cs(111,31): warning CS0618: 'Page.DisplayActionSheet(string, string, string, params string[])' is obsolete: 'Use DisplayActionSheetAsync instead' [D:\STUDY\C#\TasteTourApp\TasteTourApp\TasteTourApp.csproj::TargetFramework=net10.0-ios]
D:\STUDY\C#\TasteTourApp\TasteTourApp\Views\ProfilePage.xaml.cs(116,38): warning CS0618: 'Page.DisplayAlert(string, string, string, string)' is obsolete: 'Use DisplayAlertAsync instead' [D:\STUDY\C#\TasteTourApp\TasteTourApp\TasteTourApp.csproj::TargetFramework=net10.0-ios]
D:\STUDY\C#\TasteTourApp\TasteTourApp\Views\ProfilePage.xaml.cs(119,27): warning CS0618: 'Page.DisplayAlert(string, string, string)' is obsolete: 'Use DisplayAlertAsync instead' [D:\STUDY\C#\TasteTourApp\TasteTourApp\TasteTourApp.csproj::TargetFramework=net10.0-ios]
D:\STUDY\C#\TasteTourApp\TasteTourApp\Views\ProfilePage.xaml.cs(124,23): warning CS0618: 'Page.DisplayAlert(string, string, string)' is obsolete: 'Use DisplayAlertAsync instead' [D:\STUDY\C#\TasteTourApp\TasteTourApp\TasteTourApp.csproj::TargetFramework=net10.0-ios]
D:\STUDY\C#\TasteTourApp\TasteTourApp\Views\SavedPage.xaml.cs(145,13): error CS0120: An object reference is required for the non-static field, method, or property 'Grid.SetRow(IView, int)' [D:\STUDY\C#\TasteTourApp\TasteTourApp\TasteTourApp.csproj::TargetFramework=net10.0-ios]
D:\STUDY\C#\TasteTourApp\TasteTourApp\Views\SavedPage.xaml.cs(178,13): error CS0120: An object reference is required for the non-static field, method, or property 'Grid.SetRow(IView, int)' [D:\STUDY\C#\TasteTourApp\TasteTourApp\TasteTourApp.csproj::TargetFramework=net10.0-ios]
D:\STUDY\C#\TasteTourApp\TasteTourApp\Views\SavedPage.xaml.cs(208,23): warning CS0618: 'ViewExtensions.ScaleTo(VisualElement, double, uint, Easing?)' is obsolete: 'Please use ScaleToAsync instead.' [D:\STUDY\C#\TasteTourApp\TasteTourApp\TasteTourApp.csproj::TargetFramework=net10.0-ios]
D:\STUDY\C#\TasteTourApp\TasteTourApp\Views\SavedPage.xaml.cs(258,13): warning CS0618: 'Application.MainPage.set' is obsolete: 'This property is deprecated. Initialize your application by overriding Application.CreateWindow rather than setting MainPage. To modify the root page in an active application, use Windows[0].Page for applications with a single window. For applications with multiple windows, use Application.Windows to identify and update the root page on the correct window.  Additionally, each element features a Window property, accessible when it's part of the current window.' [D:\STUDY\C#\TasteTourApp\TasteTourApp\TasteTourApp.csproj::TargetFramework=net10.0-ios]
D:\STUDY\C#\TasteTourApp\TasteTourApp\Views\SavedPage.xaml.cs(268,33): warning CS0618: 'Application.MainPage.get' is obsolete: 'This property has been deprecated. For single-window applications, use Windows[0].Page. For multi-window applications, identify and use the appropriate Window object to access the desired Page. Additionally, each element features a Window property, accessible when it's part of the current window.' [D:\STUDY\C#\TasteTourApp\TasteTourApp\TasteTourApp.csproj::TargetFramework=net10.0-ios]
D:\STUDY\C#\TasteTourApp\TasteTourApp\Views\SavedPage.xaml.cs(278,33): warning CS0618: 'Application.MainPage.get' is obsolete: 'This property has been deprecated. For single-window applications, use Windows[0].Page. For multi-window applications, identify and use the appropriate Window object to access the desired Page. Additionally, each element features a Window property, accessible when it's part of the current window.' [D:\STUDY\C#\TasteTourApp\TasteTourApp\TasteTourApp.csproj::TargetFramework=net10.0-ios]
D:\STUDY\C#\TasteTourApp\TasteTourApp\obj\Debug\net10.0-ios\iossimulator-x64\Microsoft.Maui.Controls.SourceGen\Microsoft.Maui.Controls.SourceGen.XamlGenerator\Views_SavedPage.xaml.xsg.cs(340,24): warning CS8622: Nullability of reference types in type of parameter 'sender' of 'void SavedPage.SearchEntry_TextChanged(object sender, TextChangedEventArgs e)' doesn't match the target delegate 'EventHandler<TextChangedEventArgs>' (possibly because of nullability attributes). [D:\STUDY\C#\TasteTourApp\TasteTourApp\TasteTourApp.csproj::TargetFramework=net10.0-ios]
D:\STUDY\C#\TasteTourApp\TasteTourApp\obj\Debug\net10.0-ios\iossimulator-x64\Microsoft.Maui.Controls.SourceGen\Microsoft.Maui.Controls.SourceGen.XamlGenerator\Views_SavedPage.xaml.xsg.cs(473,34): warning CS8622: Nullability of reference types in type of parameter 'sender' of 'void SavedPage.NavHome_Tapped(object sender, EventArgs e)' doesn't match the target delegate 'EventHandler<TappedEventArgs>' (possibly because of nullability attributes). [D:\STUDY\C#\TasteTourApp\TasteTourApp\TasteTourApp.csproj::TargetFramework=net10.0-ios]
D:\STUDY\C#\TasteTourApp\TasteTourApp\obj\Debug\net10.0-ios\iossimulator-x64\Microsoft.Maui.Controls.SourceGen\Microsoft.Maui.Controls.SourceGen.XamlGenerator\Views_SavedPage.xaml.xsg.cs(487,35): warning CS8622: Nullability of reference types in type of parameter 'sender' of 'void SavedPage.NavTours_Tapped(object sender, EventArgs e)' doesn't match the target delegate 'EventHandler<TappedEventArgs>' (possibly because of nullability attributes). [D:\STUDY\C#\TasteTourApp\TasteTourApp\TasteTourApp.csproj::TargetFramework=net10.0-ios]
D:\STUDY\C#\TasteTourApp\TasteTourApp\obj\Debug\net10.0-ios\iossimulator-x64\Microsoft.Maui.Controls.SourceGen\Microsoft.Maui.Controls.SourceGen.XamlGenerator\Views_SavedPage.xaml.xsg.cs(517,35): warning CS8622: Nullability of reference types in type of parameter 'sender' of 'void SavedPage.NavProfile_Tapped(object sender, EventArgs e)' doesn't match the target delegate 'EventHandler<TappedEventArgs>' (possibly because of nullability attributes). [D:\STUDY\C#\TasteTourApp\TasteTourApp\TasteTourApp.csproj::TargetFramework=net10.0-ios]
D:\STUDY\C#\TasteTourApp\TasteTourApp\Views\MainPage.xaml.cs(645,13): warning CS0618: 'ViewExtensions.FadeTo(VisualElement, double, uint, Easing?)' is obsolete: 'Please use FadeToAsync instead.' [D:\STUDY\C#\TasteTourApp\TasteTourApp\TasteTourApp.csproj::TargetFramework=net10.0-ios]
D:\STUDY\C#\TasteTourApp\TasteTourApp\Views\MainPage.xaml.cs(646,13): warning CS0618: 'ViewExtensions.FadeTo(VisualElement, double, uint, Easing?)' is obsolete: 'Please use FadeToAsync instead.' [D:\STUDY\C#\TasteTourApp\TasteTourApp\TasteTourApp.csproj::TargetFramework=net10.0-ios]
D:\STUDY\C#\TasteTourApp\TasteTourApp\Views\MainPage.xaml.cs(652,15): warning CS0618: 'ViewExtensions.TranslateTo(VisualElement, double, double, uint, Easing?)' is obsolete: 'Please use TranslateToAsync instead.' [D:\STUDY\C#\TasteTourApp\TasteTourApp\TasteTourApp.csproj::TargetFramework=net10.0-ios]
D:\STUDY\C#\TasteTourApp\TasteTourApp\Views\MainPage.xaml.cs(666,15): warning CS0618: 'ViewExtensions.TranslateTo(VisualElement, double, double, uint, Easing?)' is obsolete: 'Please use TranslateToAsync instead.' [D:\STUDY\C#\TasteTourApp\TasteTourApp\TasteTourApp.csproj::TargetFramework=net10.0-ios]
D:\STUDY\C#\TasteTourApp\TasteTourApp\Views\MainPage.xaml.cs(675,13): warning CS0618: 'ViewExtensions.FadeTo(VisualElement, double, uint, Easing?)' is obsolete: 'Please use FadeToAsync instead.' [D:\STUDY\C#\TasteTourApp\TasteTourApp\TasteTourApp.csproj::TargetFramework=net10.0-ios]
D:\STUDY\C#\TasteTourApp\TasteTourApp\Views\MainPage.xaml.cs(676,13): warning CS0618: 'ViewExtensions.FadeTo(VisualElement, double, uint, Easing?)' is obsolete: 'Please use FadeToAsync instead.' [D:\STUDY\C#\TasteTourApp\TasteTourApp\TasteTourApp.csproj::TargetFramework=net10.0-ios]
D:\STUDY\C#\TasteTourApp\TasteTourApp\obj\Debug\net10.0-ios\iossimulator-x64\Microsoft.Maui.Controls.SourceGen\Microsoft.Maui.Controls.SourceGen.XamlGenerator\Views_LoginPage.xaml.xsg.cs(383,34): warning CS8622: Nullability of reference types in type of parameter 'sender' of 'void LoginPage.QuenMatKhau_Tapped(object sender, EventArgs e)' doesn't match the target delegate 'EventHandler<TappedEventArgs>' (possibly because of nullability attributes). [D:\STUDY\C#\TasteTourApp\TasteTourApp\TasteTourApp.csproj::TargetFramework=net10.0-ios]
D:\STUDY\C#\TasteTourApp\TasteTourApp\obj\Debug\net10.0-ios\iossimulator-x64\Microsoft.Maui.Controls.SourceGen\Microsoft.Maui.Controls.SourceGen.XamlGenerator\Views_LoginPage.xaml.xsg.cs(421,35): warning CS8622: Nullability of reference types in type of parameter 'sender' of 'void LoginPage.DangNhap_Tapped(object sender, EventArgs e)' doesn't match the target delegate 'EventHandler<TappedEventArgs>' (possibly because of nullability attributes). [D:\STUDY\C#\TasteTourApp\TasteTourApp\TasteTourApp.csproj::TargetFramework=net10.0-ios]
D:\STUDY\C#\TasteTourApp\TasteTourApp\obj\Debug\net10.0-ios\iossimulator-x64\Microsoft.Maui.Controls.SourceGen\Microsoft.Maui.Controls.SourceGen.XamlGenerator\Views_LoginPage.xaml.xsg.cs(469,35): warning CS8622: Nullability of reference types in type of parameter 'sender' of 'void LoginPage.Google_Tapped(object sender, EventArgs e)' doesn't match the target delegate 'EventHandler<TappedEventArgs>' (possibly because of nullability attributes). [D:\STUDY\C#\TasteTourApp\TasteTourApp\TasteTourApp.csproj::TargetFramework=net10.0-ios]
D:\STUDY\C#\TasteTourApp\TasteTourApp\obj\Debug\net10.0-ios\iossimulator-x64\Microsoft.Maui.Controls.SourceGen\Microsoft.Maui.Controls.SourceGen.XamlGenerator\Views_LoginPage.xaml.xsg.cs(492,35): warning CS8622: Nullability of reference types in type of parameter 'sender' of 'void LoginPage.Apple_Tapped(object sender, EventArgs e)' doesn't match the target delegate 'EventHandler<TappedEventArgs>' (possibly because of nullability attributes). [D:\STUDY\C#\TasteTourApp\TasteTourApp\TasteTourApp.csproj::TargetFramework=net10.0-ios]
D:\STUDY\C#\TasteTourApp\TasteTourApp\obj\Debug\net10.0-ios\iossimulator-x64\Microsoft.Maui.Controls.SourceGen\Microsoft.Maui.Controls.SourceGen.XamlGenerator\Views_LoginPage.xaml.xsg.cs(513,35): warning CS8622: Nullability of reference types in type of parameter 'sender' of 'void LoginPage.Khach_Tapped(object sender, EventArgs e)' doesn't match the target delegate 'EventHandler<TappedEventArgs>' (possibly because of nullability attributes). [D:\STUDY\C#\TasteTourApp\TasteTourApp\TasteTourApp.csproj::TargetFramework=net10.0-ios]
D:\STUDY\C#\TasteTourApp\TasteTourApp\obj\Debug\net10.0-ios\iossimulator-x64\Microsoft.Maui.Controls.SourceGen\Microsoft.Maui.Controls.SourceGen.XamlGenerator\Views_LoginPage.xaml.xsg.cs(542,35): warning CS8622: Nullability of reference types in type of parameter 'sender' of 'void LoginPage.TaoTaiKhoan_Tapped(object sender, EventArgs e)' doesn't match the target delegate 'EventHandler<TappedEventArgs>' (possibly because of nullability attributes). [D:\STUDY\C#\TasteTourApp\TasteTourApp\TasteTourApp.csproj::TargetFramework=net10.0-ios]
D:\STUDY\C#\TasteTourApp\TasteTourApp\Views\MainPage.xaml.cs(864,13): warning CS0618: 'Application.MainPage.set' is obsolete: 'This property is deprecated. Initialize your application by overriding Application.CreateWindow rather than setting MainPage. To modify the root page in an active application, use Windows[0].Page for applications with a single window. For applications with multiple windows, use Application.Windows to identify and update the root page on the correct window.  Additionally, each element features a Window property, accessible when it's part of the current window.' [D:\STUDY\C#\TasteTourApp\TasteTourApp\TasteTourApp.csproj::TargetFramework=net10.0-ios]
D:\STUDY\C#\TasteTourApp\TasteTourApp\Views\MainPage.xaml.cs(874,13): warning CS0618: 'Application.MainPage.set' is obsolete: 'This property is deprecated. Initialize your application by overriding Application.CreateWindow rather than setting MainPage. To modify the root page in an active application, use Windows[0].Page for applications with a single window. For applications with multiple windows, use Application.Windows to identify and update the root page on the correct window.  Additionally, each element features a Window property, accessible when it's part of the current window.' [D:\STUDY\C#\TasteTourApp\TasteTourApp\TasteTourApp.csproj::TargetFramework=net10.0-ios]
D:\STUDY\C#\TasteTourApp\TasteTourApp\Views\MainPage.xaml.cs(882,13): warning CS0618: 'Application.MainPage.set' is obsolete: 'This property is deprecated. Initialize your application by overriding Application.CreateWindow rather than setting MainPage. To modify the root page in an active application, use Windows[0].Page for applications with a single window. For applications with multiple windows, use Application.Windows to identify and update the root page on the correct window.  Additionally, each element features a Window property, accessible when it's part of the current window.' [D:\STUDY\C#\TasteTourApp\TasteTourApp\TasteTourApp.csproj::TargetFramework=net10.0-ios]
D:\STUDY\C#\TasteTourApp\TasteTourApp\Views\MainPage.xaml.cs(901,15): warning CS0618: 'ViewExtensions.ScaleTo(VisualElement, double, uint, Easing?)' is obsolete: 'Please use ScaleToAsync instead.' [D:\STUDY\C#\TasteTourApp\TasteTourApp\TasteTourApp.csproj::TargetFramework=net10.0-ios]
D:\STUDY\C#\TasteTourApp\TasteTourApp\Views\MainPage.xaml.cs(902,15): warning CS0618: 'ViewExtensions.ScaleTo(VisualElement, double, uint, Easing?)' is obsolete: 'Please use ScaleToAsync instead.' [D:\STUDY\C#\TasteTourApp\TasteTourApp\TasteTourApp.csproj::TargetFramework=net10.0-ios]
D:\STUDY\C#\TasteTourApp\TasteTourApp\obj\Debug\net10.0-ios\iossimulator-x64\Microsoft.Maui.Controls.SourceGen\Microsoft.Maui.Controls.SourceGen.XamlGenerator\Views_TourPage.xaml.xsg.cs(862,34): warning CS8622: Nullability of reference types in type of parameter 'sender' of 'void TourPage.BtnBatDau_Tapped(object sender, EventArgs e)' doesn't match the target delegate 'EventHandler<TappedEventArgs>' (possibly because of nullability attributes). [D:\STUDY\C#\TasteTourApp\TasteTourApp\TasteTourApp.csproj::TargetFramework=net10.0-ios]
D:\STUDY\C#\TasteTourApp\TasteTourApp\obj\Debug\net10.0-ios\iossimulator-x64\Microsoft.Maui.Controls.SourceGen\Microsoft.Maui.Controls.SourceGen.XamlGenerator\Views_TourPage.xaml.xsg.cs(1465,35): warning CS8622: Nullability of reference types in type of parameter 'sender' of 'void TourPage.BtnCloseMini_Tapped(object sender, EventArgs e)' doesn't match the target delegate 'EventHandler<TappedEventArgs>' (possibly because of nullability attributes). [D:\STUDY\C#\TasteTourApp\TasteTourApp\TasteTourApp.csproj::TargetFramework=net10.0-ios]
D:\STUDY\C#\TasteTourApp\TasteTourApp\obj\Debug\net10.0-ios\iossimulator-x64\Microsoft.Maui.Controls.SourceGen\Microsoft.Maui.Controls.SourceGen.XamlGenerator\Views_TourPage.xaml.xsg.cs(1487,35): warning CS8622: Nullability of reference types in type of parameter 'sender' of 'void TourPage.NavExplore_Tapped(object sender, EventArgs e)' doesn't match the target delegate 'EventHandler<TappedEventArgs>' (possibly because of nullability attributes). [D:\STUDY\C#\TasteTourApp\TasteTourApp\TasteTourApp.csproj::TargetFramework=net10.0-ios]
D:\STUDY\C#\TasteTourApp\TasteTourApp\obj\Debug\net10.0-ios\iossimulator-x64\Microsoft.Maui.Controls.SourceGen\Microsoft.Maui.Controls.SourceGen.XamlGenerator\Views_TourPage.xaml.xsg.cs(1520,35): warning CS8622: Nullability of reference types in type of parameter 'sender' of 'void TourPage.NavSaved_Tapped(object sender, EventArgs e)' doesn't match the target delegate 'EventHandler<TappedEventArgs>' (possibly because of nullability attributes). [D:\STUDY\C#\TasteTourApp\TasteTourApp\TasteTourApp.csproj::TargetFramework=net10.0-ios]
D:\STUDY\C#\TasteTourApp\TasteTourApp\obj\Debug\net10.0-ios\iossimulator-x64\Microsoft.Maui.Controls.SourceGen\Microsoft.Maui.Controls.SourceGen.XamlGenerator\Views_TourPage.xaml.xsg.cs(1534,35): warning CS8622: Nullability of reference types in type of parameter 'sender' of 'void TourPage.NavProfile_Tapped(object sender, EventArgs e)' doesn't match the target delegate 'EventHandler<TappedEventArgs>' (possibly because of nullability attributes). [D:\STUDY\C#\TasteTourApp\TasteTourApp\TasteTourApp.csproj::TargetFramework=net10.0-ios]
D:\STUDY\C#\TasteTourApp\TasteTourApp\obj\Debug\net10.0-ios\iossimulator-x64\Microsoft.Maui.Controls.SourceGen\Microsoft.Maui.Controls.SourceGen.XamlGenerator\Views_ProfilePage.xaml.xsg.cs(930,34): warning CS8622: Nullability of reference types in type of parameter 'sender' of 'void ProfilePage.CaiDat_Tapped(object sender, EventArgs e)' doesn't match the target delegate 'EventHandler<TappedEventArgs>' (possibly because of nullability attributes). [D:\STUDY\C#\TasteTourApp\TasteTourApp\TasteTourApp.csproj::TargetFramework=net10.0-ios]
D:\STUDY\C#\TasteTourApp\TasteTourApp\obj\Debug\net10.0-ios\iossimulator-x64\Microsoft.Maui.Controls.SourceGen\Microsoft.Maui.Controls.SourceGen.XamlGenerator\Views_ProfilePage.xaml.xsg.cs(970,35): warning CS8622: Nullability of reference types in type of parameter 'sender' of 'void ProfilePage.TTSVoice_Tapped(object sender, EventArgs e)' doesn't match the target delegate 'EventHandler<TappedEventArgs>' (possibly because of nullability attributes). [D:\STUDY\C#\TasteTourApp\TasteTourApp\TasteTourApp.csproj::TargetFramework=net10.0-ios]
D:\STUDY\C#\TasteTourApp\TasteTourApp\obj\Debug\net10.0-ios\iossimulator-x64\Microsoft.Maui.Controls.SourceGen\Microsoft.Maui.Controls.SourceGen.XamlGenerator\Views_ProfilePage.xaml.xsg.cs(1013,35): warning CS8622: Nullability of reference types in type of parameter 'sender' of 'void ProfilePage.GPSSensitivity_Tapped(object sender, EventArgs e)' doesn't match the target delegate 'EventHandler<TappedEventArgs>' (possibly because of nullability attributes). [D:\STUDY\C#\TasteTourApp\TasteTourApp\TasteTourApp.csproj::TargetFramework=net10.0-ios]
D:\STUDY\C#\TasteTourApp\TasteTourApp\obj\Debug\net10.0-ios\iossimulator-x64\Microsoft.Maui.Controls.SourceGen\Microsoft.Maui.Controls.SourceGen.XamlGenerator\Views_ProfilePage.xaml.xsg.cs(1056,35): warning CS8622: Nullability of reference types in type of parameter 'sender' of 'void ProfilePage.OfflineData_Tapped(object sender, EventArgs e)' doesn't match the target delegate 'EventHandler<TappedEventArgs>' (possibly because of nullability attributes). [D:\STUDY\C#\TasteTourApp\TasteTourApp\TasteTourApp.csproj::TargetFramework=net10.0-ios]
D:\STUDY\C#\TasteTourApp\TasteTourApp\obj\Debug\net10.0-ios\iossimulator-x64\Microsoft.Maui.Controls.SourceGen\Microsoft.Maui.Controls.SourceGen.XamlGenerator\Views_ProfilePage.xaml.xsg.cs(1135,35): warning CS8622: Nullability of reference types in type of parameter 'sender' of 'void ProfilePage.DangXuat_Tapped(object sender, EventArgs e)' doesn't match the target delegate 'EventHandler<TappedEventArgs>' (possibly because of nullability attributes). [D:\STUDY\C#\TasteTourApp\TasteTourApp\TasteTourApp.csproj::TargetFramework=net10.0-ios]
D:\STUDY\C#\TasteTourApp\TasteTourApp\obj\Debug\net10.0-ios\iossimulator-x64\Microsoft.Maui.Controls.SourceGen\Microsoft.Maui.Controls.SourceGen.XamlGenerator\Views_ProfilePage.xaml.xsg.cs(1212,35): warning CS8622: Nullability of reference types in type of parameter 'sender' of 'void ProfilePage.NavExplore_Tapped(object sender, EventArgs e)' doesn't match the target delegate 'EventHandler<TappedEventArgs>' (possibly because of nullability attributes). [D:\STUDY\C#\TasteTourApp\TasteTourApp\TasteTourApp.csproj::TargetFramework=net10.0-ios]
D:\STUDY\C#\TasteTourApp\TasteTourApp\obj\Debug\net10.0-ios\iossimulator-x64\Microsoft.Maui.Controls.SourceGen\Microsoft.Maui.Controls.SourceGen.XamlGenerator\Views_ProfilePage.xaml.xsg.cs(1226,35): warning CS8622: Nullability of reference types in type of parameter 'sender' of 'void ProfilePage.NavTours_Tapped(object sender, EventArgs e)' doesn't match the target delegate 'EventHandler<TappedEventArgs>' (possibly because of nullability attributes). [D:\STUDY\C#\TasteTourApp\TasteTourApp\TasteTourApp.csproj::TargetFramework=net10.0-ios]
D:\STUDY\C#\TasteTourApp\TasteTourApp\obj\Debug\net10.0-ios\iossimulator-x64\Microsoft.Maui.Controls.SourceGen\Microsoft.Maui.Controls.SourceGen.XamlGenerator\Views_ProfilePage.xaml.xsg.cs(1240,35): warning CS8622: Nullability of reference types in type of parameter 'sender' of 'void ProfilePage.NavSaved_Tapped(object sender, EventArgs e)' doesn't match the target delegate 'EventHandler<TappedEventArgs>' (possibly because of nullability attributes). [D:\STUDY\C#\TasteTourApp\TasteTourApp\TasteTourApp.csproj::TargetFramework=net10.0-ios]
D:\STUDY\C#\TasteTourApp\TasteTourApp\obj\Debug\net10.0-ios\iossimulator-x64\Microsoft.Maui.Controls.SourceGen\Microsoft.Maui.Controls.SourceGen.XamlGenerator\Views_MainPage.xaml.xsg.cs(670,82): warning CS0618: 'LayoutOptions.FillAndExpand' is obsolete: 'The StackLayout expansion options are deprecated; please use a Grid instead.' [D:\STUDY\C#\TasteTourApp\TasteTourApp\TasteTourApp.csproj::TargetFramework=net10.0-ios]
D:\STUDY\C#\TasteTourApp\TasteTourApp\obj\Debug\net10.0-ios\iossimulator-x64\Microsoft.Maui.Controls.SourceGen\Microsoft.Maui.Controls.SourceGen.XamlGenerator\Views_MainPage.xaml.xsg.cs(671,84): warning CS0618: 'LayoutOptions.FillAndExpand' is obsolete: 'The StackLayout expansion options are deprecated; please use a Grid instead.' [D:\STUDY\C#\TasteTourApp\TasteTourApp\TasteTourApp.csproj::TargetFramework=net10.0-ios]
D:\STUDY\C#\TasteTourApp\TasteTourApp\obj\Debug\net10.0-ios\iossimulator-x64\Microsoft.Maui.Controls.SourceGen\Microsoft.Maui.Controls.SourceGen.XamlGenerator\Views_MainPage.xaml.xsg.cs(673,25): warning CS8622: Nullability of reference types in type of parameter 'sender' of 'void MainPage.BanDoWebView_Navigating(object sender, WebNavigatingEventArgs e)' doesn't match the target delegate 'EventHandler<WebNavigatingEventArgs>' (possibly because of nullability attributes). [D:\STUDY\C#\TasteTourApp\TasteTourApp\TasteTourApp.csproj::TargetFramework=net10.0-ios]
D:\STUDY\C#\TasteTourApp\TasteTourApp\obj\Debug\net10.0-ios\iossimulator-x64\Microsoft.Maui.Controls.SourceGen\Microsoft.Maui.Controls.SourceGen.XamlGenerator\Views_MainPage.xaml.xsg.cs(766,34): warning CS8622: Nullability of reference types in type of parameter 'sender' of 'void MainPage.BtnLocateMe_Tapped(object sender, EventArgs e)' doesn't match the target delegate 'EventHandler<TappedEventArgs>' (possibly because of nullability attributes). [D:\STUDY\C#\TasteTourApp\TasteTourApp\TasteTourApp.csproj::TargetFramework=net10.0-ios]
D:\STUDY\C#\TasteTourApp\TasteTourApp\obj\Debug\net10.0-ios\iossimulator-x64\Microsoft.Maui.Controls.SourceGen\Microsoft.Maui.Controls.SourceGen.XamlGenerator\Views_MainPage.xaml.xsg.cs(784,38): warning CS8622: Nullability of reference types in type of parameter 'sender' of 'void MainPage.BottomSheet_PanUpdated(object sender, PanUpdatedEventArgs e)' doesn't match the target delegate 'EventHandler<PanUpdatedEventArgs>' (possibly because of nullability attributes). [D:\STUDY\C#\TasteTourApp\TasteTourApp\TasteTourApp.csproj::TargetFramework=net10.0-ios]
D:\STUDY\C#\TasteTourApp\TasteTourApp\obj\Debug\net10.0-ios\iossimulator-x64\Microsoft.Maui.Controls.SourceGen\Microsoft.Maui.Controls.SourceGen.XamlGenerator\Views_MainPage.xaml.xsg.cs(822,35): warning CS8622: Nullability of reference types in type of parameter 'sender' of 'void MainPage.NearestPoi_Tapped(object sender, EventArgs e)' doesn't match the target delegate 'EventHandler<TappedEventArgs>' (possibly because of nullability attributes). [D:\STUDY\C#\TasteTourApp\TasteTourApp\TasteTourApp.csproj::TargetFramework=net10.0-ios]
D:\STUDY\C#\TasteTourApp\TasteTourApp\obj\Debug\net10.0-ios\iossimulator-x64\Microsoft.Maui.Controls.SourceGen\Microsoft.Maui.Controls.SourceGen.XamlGenerator\Views_MainPage.xaml.xsg.cs(908,35): warning CS8622: Nullability of reference types in type of parameter 'sender' of 'void MainPage.BtnDong_Tapped(object sender, EventArgs e)' doesn't match the target delegate 'EventHandler<TappedEventArgs>' (possibly because of nullability attributes). [D:\STUDY\C#\TasteTourApp\TasteTourApp\TasteTourApp.csproj::TargetFramework=net10.0-ios]
D:\STUDY\C#\TasteTourApp\TasteTourApp\obj\Debug\net10.0-ios\iossimulator-x64\Microsoft.Maui.Controls.SourceGen\Microsoft.Maui.Controls.SourceGen.XamlGenerator\Views_MainPage.xaml.xsg.cs(980,35): warning CS8622: Nullability of reference types in type of parameter 'sender' of 'void MainPage.BtnHeartPoi_Tapped(object sender, EventArgs e)' doesn't match the target delegate 'EventHandler<TappedEventArgs>' (possibly because of nullability attributes). [D:\STUDY\C#\TasteTourApp\TasteTourApp\TasteTourApp.csproj::TargetFramework=net10.0-ios]
D:\STUDY\C#\TasteTourApp\TasteTourApp\obj\Debug\net10.0-ios\iossimulator-x64\Microsoft.Maui.Controls.SourceGen\Microsoft.Maui.Controls.SourceGen.XamlGenerator\Views_MainPage.xaml.xsg.cs(1026,35): warning CS8622: Nullability of reference types in type of parameter 'sender' of 'void MainPage.BtnPlay_Tapped(object sender, EventArgs e)' doesn't match the target delegate 'EventHandler<TappedEventArgs>' (possibly because of nullability attributes). [D:\STUDY\C#\TasteTourApp\TasteTourApp\TasteTourApp.csproj::TargetFramework=net10.0-ios]
D:\STUDY\C#\TasteTourApp\TasteTourApp\obj\Debug\net10.0-ios\iossimulator-x64\Microsoft.Maui.Controls.SourceGen\Microsoft.Maui.Controls.SourceGen.XamlGenerator\Views_MainPage.xaml.xsg.cs(1064,35): warning CS8622: Nullability of reference types in type of parameter 'sender' of 'void MainPage.BtnChiDuong_Tapped(object sender, EventArgs e)' doesn't match the target delegate 'EventHandler<TappedEventArgs>' (possibly because of nullability attributes). [D:\STUDY\C#\TasteTourApp\TasteTourApp\TasteTourApp.csproj::TargetFramework=net10.0-ios]
D:\STUDY\C#\TasteTourApp\TasteTourApp\obj\Debug\net10.0-ios\iossimulator-x64\Microsoft.Maui.Controls.SourceGen\Microsoft.Maui.Controls.SourceGen.XamlGenerator\Views_MainPage.xaml.xsg.cs(1084,35): warning CS8622: Nullability of reference types in type of parameter 'sender' of 'void MainPage.BtnNgheThuyetMinh_Tapped(object sender, EventArgs e)' doesn't match the target delegate 'EventHandler<TappedEventArgs>' (possibly because of nullability attributes). [D:\STUDY\C#\TasteTourApp\TasteTourApp\TasteTourApp.csproj::TargetFramework=net10.0-ios]
D:\STUDY\C#\TasteTourApp\TasteTourApp\obj\Debug\net10.0-ios\iossimulator-x64\Microsoft.Maui.Controls.SourceGen\Microsoft.Maui.Controls.SourceGen.XamlGenerator\Views_MainPage.xaml.xsg.cs(1127,35): warning CS8622: Nullability of reference types in type of parameter 'sender' of 'void MainPage.NavTours_Tapped(object sender, EventArgs e)' doesn't match the target delegate 'EventHandler<TappedEventArgs>' (possibly because of nullability attributes). [D:\STUDY\C#\TasteTourApp\TasteTourApp\TasteTourApp.csproj::TargetFramework=net10.0-ios]
D:\STUDY\C#\TasteTourApp\TasteTourApp\obj\Debug\net10.0-ios\iossimulator-x64\Microsoft.Maui.Controls.SourceGen\Microsoft.Maui.Controls.SourceGen.XamlGenerator\Views_MainPage.xaml.xsg.cs(1141,35): warning CS8622: Nullability of reference types in type of parameter 'sender' of 'void MainPage.NavSaved_Tapped(object sender, EventArgs e)' doesn't match the target delegate 'EventHandler<TappedEventArgs>' (possibly because of nullability attributes). [D:\STUDY\C#\TasteTourApp\TasteTourApp\TasteTourApp.csproj::TargetFramework=net10.0-ios]
D:\STUDY\C#\TasteTourApp\TasteTourApp\obj\Debug\net10.0-ios\iossimulator-x64\Microsoft.Maui.Controls.SourceGen\Microsoft.Maui.Controls.SourceGen.XamlGenerator\Views_MainPage.xaml.xsg.cs(1155,35): warning CS8622: Nullability of reference types in type of parameter 'sender' of 'void MainPage.NavProfile_Tapped(object sender, EventArgs e)' doesn't match the target delegate 'EventHandler<TappedEventArgs>' (possibly because of nullability attributes). [D:\STUDY\C#\TasteTourApp\TasteTourApp\TasteTourApp.csproj::TargetFramework=net10.0-ios]
D:\STUDY\C#\TasteTourApp\TasteTourApp\Views\MainPage.xaml.cs(22,18): warning CS0414: The field 'MainPage._isSheetExpanded' is assigned but its value is never used [D:\STUDY\C#\TasteTourApp\TasteTourApp\TasteTourApp.csproj::TargetFramework=net10.0-ios]
D:\STUDY\C#\TasteTourApp\TasteTourApp\Platforms\Android\AndroidLocationListener.cs(3,15): error CS0234: The type or namespace name 'Gms' does not exist in the namespace 'Android' (are you missing an assembly reference?) [D:\STUDY\C#\TasteTourApp\TasteTourApp\TasteTourApp.csproj::TargetFramework=net10.0-android]
D:\STUDY\C#\TasteTourApp\TasteTourApp\Platforms\Android\AndroidLocationListener.cs(15,17): error CS0246: The type or namespace name 'IFusedLocationProviderClient' could not be found (are you missing a using directive or an assembly reference?) [D:\STUDY\C#\TasteTourApp\TasteTourApp\TasteTourApp.csproj::TargetFramework=net10.0-android]
D:\STUDY\C#\TasteTourApp\TasteTourApp\Platforms\Android\AndroidLocationListener.cs(16,17): error CS0246: The type or namespace name 'LocationCallback' could not be found (are you missing a using directive or an assembly reference?) [D:\STUDY\C#\TasteTourApp\TasteTourApp\TasteTourApp.csproj::TargetFramework=net10.0-android]
D:\STUDY\C#\TasteTourApp\TasteTourApp\Platforms\Android\AndroidLocationListener.cs(52,50): error CS0246: The type or namespace name 'LocationCallback' could not be found (are you missing a using directive or an assembly reference?) [D:\STUDY\C#\TasteTourApp\TasteTourApp\TasteTourApp.csproj::TargetFramework=net10.0-android]
D:\STUDY\C#\TasteTourApp\TasteTourApp\Platforms\Android\AndroidLocationListener.cs(61,51): error CS0246: The type or namespace name 'LocationResult' could not be found (are you missing a using directive or an assembly reference?) [D:\STUDY\C#\TasteTourApp\TasteTourApp\TasteTourApp.csproj::TargetFramework=net10.0-android]
D:\STUDY\C#\TasteTourApp\TasteTourApp\Views\TourPage.xaml.cs(18,13): warning CS0618: 'Application.MainPage.set' is obsolete: 'This property is deprecated. Initialize your application by overriding Application.CreateWindow rather than setting MainPage. To modify the root page in an active application, use Windows[0].Page for applications with a single window. For applications with multiple windows, use Application.Windows to identify and update the root page on the correct window.  Additionally, each element features a Window property, accessible when it's part of the current window.' [D:\STUDY\C#\TasteTourApp\TasteTourApp\TasteTourApp.csproj::TargetFramework=net10.0-windows10.0.19041.0]
D:\STUDY\C#\TasteTourApp\TasteTourApp\Views\TourPage.xaml.cs(18,67): error CS7036: There is no argument given that corresponds to the required parameter 'dbService' of 'MainPage.MainPage(DatabaseService, GeofenceEngine)' [D:\STUDY\C#\TasteTourApp\TasteTourApp\TasteTourApp.csproj::TargetFramework=net10.0-windows10.0.19041.0]
D:\STUDY\C#\TasteTourApp\TasteTourApp\Views\TourPage.xaml.cs(37,13): warning CS0618: 'Application.MainPage.set' is obsolete: 'This property is deprecated. Initialize your application by overriding Application.CreateWindow rather than setting MainPage. To modify the root page in an active application, use Windows[0].Page for applications with a single window. For applications with multiple windows, use Application.Windows to identify and update the root page on the correct window.  Additionally, each element features a Window property, accessible when it's part of the current window.' [D:\STUDY\C#\TasteTourApp\TasteTourApp\TasteTourApp.csproj::TargetFramework=net10.0-windows10.0.19041.0]
D:\STUDY\C#\TasteTourApp\TasteTourApp\Views\TourPage.xaml.cs(37,67): error CS7036: There is no argument given that corresponds to the required parameter 'dbService' of 'MainPage.MainPage(DatabaseService, GeofenceEngine)' [D:\STUDY\C#\TasteTourApp\TasteTourApp\TasteTourApp.csproj::TargetFramework=net10.0-windows10.0.19041.0]
D:\STUDY\C#\TasteTourApp\TasteTourApp\Views\TourPage.xaml.cs(50,13): warning CS0618: 'Application.MainPage.set' is obsolete: 'This property is deprecated. Initialize your application by overriding Application.CreateWindow rather than setting MainPage. To modify the root page in an active application, use Windows[0].Page for applications with a single window. For applications with multiple windows, use Application.Windows to identify and update the root page on the correct window.  Additionally, each element features a Window property, accessible when it's part of the current window.' [D:\STUDY\C#\TasteTourApp\TasteTourApp\TasteTourApp.csproj::TargetFramework=net10.0-windows10.0.19041.0]
D:\STUDY\C#\TasteTourApp\TasteTourApp\Models\QuanAn.cs(11,23): warning CS8618: Non-nullable property 'Id' must contain a non-null value when exiting constructor. Consider adding the 'required' modifier or declaring the property as nullable. [D:\STUDY\C#\TasteTourApp\TasteTourApp\TasteTourApp.csproj::TargetFramework=net10.0-windows10.0.19041.0]
D:\STUDY\C#\TasteTourApp\TasteTourApp\Models\QuanAn.cs(13,23): warning CS8618: Non-nullable property 'TenQuan' must contain a non-null value when exiting constructor. Consider adding the 'required' modifier or declaring the property as nullable. [D:\STUDY\C#\TasteTourApp\TasteTourApp\TasteTourApp.csproj::TargetFramework=net10.0-windows10.0.19041.0]
D:\STUDY\C#\TasteTourApp\TasteTourApp\Models\QuanAn.cs(14,23): warning CS8618: Non-nullable property 'MoTa' must contain a non-null value when exiting constructor. Consider adding the 'required' modifier or declaring the property as nullable. [D:\STUDY\C#\TasteTourApp\TasteTourApp\TasteTourApp.csproj::TargetFramework=net10.0-windows10.0.19041.0]
D:\STUDY\C#\TasteTourApp\TasteTourApp\Models\QuanAn.cs(17,23): warning CS8618: Non-nullable property 'HinhAnh' must contain a non-null value when exiting constructor. Consider adding the 'required' modifier or declaring the property as nullable. [D:\STUDY\C#\TasteTourApp\TasteTourApp\TasteTourApp.csproj::TargetFramework=net10.0-windows10.0.19041.0]
D:\STUDY\C#\TasteTourApp\TasteTourApp\Models\QuanAn.cs(18,23): warning CS8618: Non-nullable property 'LoaiQuan' must contain a non-null value when exiting constructor. Consider adding the 'required' modifier or declaring the property as nullable. [D:\STUDY\C#\TasteTourApp\TasteTourApp\TasteTourApp.csproj::TargetFramework=net10.0-windows10.0.19041.0]
D:\STUDY\C#\TasteTourApp\TasteTourApp\Views\LoginPage.xaml.cs(12,15): warning CS0618: 'Page.DisplayAlert(string, string, string)' is obsolete: 'Use DisplayAlertAsync instead' [D:\STUDY\C#\TasteTourApp\TasteTourApp\TasteTourApp.csproj::TargetFramework=net10.0-windows10.0.19041.0]
D:\STUDY\C#\TasteTourApp\TasteTourApp\Views\LoginPage.xaml.cs(25,13): warning CS0618: 'Application.MainPage.set' is obsolete: 'This property is deprecated. Initialize your application by overriding Application.CreateWindow rather than setting MainPage. To modify the root page in an active application, use Windows[0].Page for applications with a single window. For applications with multiple windows, use Application.Windows to identify and update the root page on the correct window.  Additionally, each element features a Window property, accessible when it's part of the current window.' [D:\STUDY\C#\TasteTourApp\TasteTourApp\TasteTourApp.csproj::TargetFramework=net10.0-windows10.0.19041.0]
D:\STUDY\C#\TasteTourApp\TasteTourApp\Views\LoginPage.xaml.cs(31,15): warning CS0618: 'Page.DisplayAlert(string, string, string)' is obsolete: 'Use DisplayAlertAsync instead' [D:\STUDY\C#\TasteTourApp\TasteTourApp\TasteTourApp.csproj::TargetFramework=net10.0-windows10.0.19041.0]
D:\STUDY\C#\TasteTourApp\TasteTourApp\Views\LoginPage.xaml.cs(36,15): warning CS0618: 'Page.DisplayAlert(string, string, string)' is obsolete: 'Use DisplayAlertAsync instead' [D:\STUDY\C#\TasteTourApp\TasteTourApp\TasteTourApp.csproj::TargetFramework=net10.0-windows10.0.19041.0]
D:\STUDY\C#\TasteTourApp\TasteTourApp\Views\LoginPage.xaml.cs(44,13): warning CS0618: 'Application.MainPage.set' is obsolete: 'This property is deprecated. Initialize your application by overriding Application.CreateWindow rather than setting MainPage. To modify the root page in an active application, use Windows[0].Page for applications with a single window. For applications with multiple windows, use Application.Windows to identify and update the root page on the correct window.  Additionally, each element features a Window property, accessible when it's part of the current window.' [D:\STUDY\C#\TasteTourApp\TasteTourApp\TasteTourApp.csproj::TargetFramework=net10.0-windows10.0.19041.0]
D:\STUDY\C#\TasteTourApp\TasteTourApp\Views\ProfilePage.xaml.cs(17,13): warning CS0618: 'Application.MainPage.set' is obsolete: 'This property is deprecated. Initialize your application by overriding Application.CreateWindow rather than setting MainPage. To modify the root page in an active application, use Windows[0].Page for applications with a single window. For applications with multiple windows, use Application.Windows to identify and update the root page on the correct window.  Additionally, each element features a Window property, accessible when it's part of the current window.' [D:\STUDY\C#\TasteTourApp\TasteTourApp\TasteTourApp.csproj::TargetFramework=net10.0-windows10.0.19041.0]
D:\STUDY\C#\TasteTourApp\TasteTourApp\Views\ProfilePage.xaml.cs(17,67): error CS7036: There is no argument given that corresponds to the required parameter 'dbService' of 'MainPage.MainPage(DatabaseService, GeofenceEngine)' [D:\STUDY\C#\TasteTourApp\TasteTourApp\TasteTourApp.csproj::TargetFramework=net10.0-windows10.0.19041.0]
D:\STUDY\C#\TasteTourApp\TasteTourApp\Views\LoginPage.xaml.cs(50,15): warning CS0618: 'Page.DisplayAlert(string, string, string)' is obsolete: 'Use DisplayAlertAsync instead' [D:\STUDY\C#\TasteTourApp\TasteTourApp\TasteTourApp.csproj::TargetFramework=net10.0-windows10.0.19041.0]
D:\STUDY\C#\TasteTourApp\TasteTourApp\Views\ProfilePage.xaml.cs(25,13): warning CS0618: 'Application.MainPage.set' is obsolete: 'This property is deprecated. Initialize your application by overriding Application.CreateWindow rather than setting MainPage. To modify the root page in an active application, use Windows[0].Page for applications with a single window. For applications with multiple windows, use Application.Windows to identify and update the root page on the correct window.  Additionally, each element features a Window property, accessible when it's part of the current window.' [D:\STUDY\C#\TasteTourApp\TasteTourApp\TasteTourApp.csproj::TargetFramework=net10.0-windows10.0.19041.0]
D:\STUDY\C#\TasteTourApp\TasteTourApp\Views\ProfilePage.xaml.cs(36,29): warning CS0618: 'Page.DisplayAlert(string, string, string, string)' is obsolete: 'Use DisplayAlertAsync instead' [D:\STUDY\C#\TasteTourApp\TasteTourApp\TasteTourApp.csproj::TargetFramework=net10.0-windows10.0.19041.0]
D:\STUDY\C#\TasteTourApp\TasteTourApp\Views\ProfilePage.xaml.cs(39,13): warning CS0618: 'Application.MainPage.set' is obsolete: 'This property is deprecated. Initialize your application by overriding Application.CreateWindow rather than setting MainPage. To modify the root page in an active application, use Windows[0].Page for applications with a single window. For applications with multiple windows, use Application.Windows to identify and update the root page on the correct window.  Additionally, each element features a Window property, accessible when it's part of the current window.' [D:\STUDY\C#\TasteTourApp\TasteTourApp\TasteTourApp.csproj::TargetFramework=net10.0-windows10.0.19041.0]
D:\STUDY\C#\TasteTourApp\TasteTourApp\Views\ProfilePage.xaml.cs(51,15): warning CS0618: 'ViewExtensions.RotateTo(VisualElement, double, uint, Easing?)' is obsolete: 'Please use RotateToAsync instead.' [D:\STUDY\C#\TasteTourApp\TasteTourApp\TasteTourApp.csproj::TargetFramework=net10.0-windows10.0.19041.0]
D:\STUDY\C#\TasteTourApp\TasteTourApp\Views\SavedPage.xaml.cs(145,13): error CS0120: An object reference is required for the non-static field, method, or property 'Grid.SetRow(IView, int)' [D:\STUDY\C#\TasteTourApp\TasteTourApp\TasteTourApp.csproj::TargetFramework=net10.0-windows10.0.19041.0]
D:\STUDY\C#\TasteTourApp\TasteTourApp\Views\SavedPage.xaml.cs(178,13): error CS0120: An object reference is required for the non-static field, method, or property 'Grid.SetRow(IView, int)' [D:\STUDY\C#\TasteTourApp\TasteTourApp\TasteTourApp.csproj::TargetFramework=net10.0-windows10.0.19041.0]
D:\STUDY\C#\TasteTourApp\TasteTourApp\Views\SavedPage.xaml.cs(208,23): warning CS0618: 'ViewExtensions.ScaleTo(VisualElement, double, uint, Easing?)' is obsolete: 'Please use ScaleToAsync instead.' [D:\STUDY\C#\TasteTourApp\TasteTourApp\TasteTourApp.csproj::TargetFramework=net10.0-windows10.0.19041.0]
D:\STUDY\C#\TasteTourApp\TasteTourApp\Views\SavedPage.xaml.cs(258,13): warning CS0618: 'Application.MainPage.set' is obsolete: 'This property is deprecated. Initialize your application by overriding Application.CreateWindow rather than setting MainPage. To modify the root page in an active application, use Windows[0].Page for applications with a single window. For applications with multiple windows, use Application.Windows to identify and update the root page on the correct window.  Additionally, each element features a Window property, accessible when it's part of the current window.' [D:\STUDY\C#\TasteTourApp\TasteTourApp\TasteTourApp.csproj::TargetFramework=net10.0-windows10.0.19041.0]
D:\STUDY\C#\TasteTourApp\TasteTourApp\Views\SavedPage.xaml.cs(268,33): warning CS0618: 'Application.MainPage.get' is obsolete: 'This property has been deprecated. For single-window applications, use Windows[0].Page. For multi-window applications, identify and use the appropriate Window object to access the desired Page. Additionally, each element features a Window property, accessible when it's part of the current window.' [D:\STUDY\C#\TasteTourApp\TasteTourApp\TasteTourApp.csproj::TargetFramework=net10.0-windows10.0.19041.0]
D:\STUDY\C#\TasteTourApp\TasteTourApp\Views\ProfilePage.xaml.cs(77,31): warning CS0618: 'Page.DisplayActionSheet(string, string, string, params string[])' is obsolete: 'Use DisplayActionSheetAsync instead' [D:\STUDY\C#\TasteTourApp\TasteTourApp\TasteTourApp.csproj::TargetFramework=net10.0-windows10.0.19041.0]
D:\STUDY\C#\TasteTourApp\TasteTourApp\Views\ProfilePage.xaml.cs(89,27): warning CS0618: 'Page.DisplayAlert(string, string, string)' is obsolete: 'Use DisplayAlertAsync instead' [D:\STUDY\C#\TasteTourApp\TasteTourApp\TasteTourApp.csproj::TargetFramework=net10.0-windows10.0.19041.0]
D:\STUDY\C#\TasteTourApp\TasteTourApp\Views\SavedPage.xaml.cs(278,33): warning CS0618: 'Application.MainPage.get' is obsolete: 'This property has been deprecated. For single-window applications, use Windows[0].Page. For multi-window applications, identify and use the appropriate Window object to access the desired Page. Additionally, each element features a Window property, accessible when it's part of the current window.' [D:\STUDY\C#\TasteTourApp\TasteTourApp\TasteTourApp.csproj::TargetFramework=net10.0-windows10.0.19041.0]
D:\STUDY\C#\TasteTourApp\TasteTourApp\Views\ProfilePage.xaml.cs(101,31): warning CS0618: 'Page.DisplayActionSheet(string, string, string, params string[])' is obsolete: 'Use DisplayActionSheetAsync instead' [D:\STUDY\C#\TasteTourApp\TasteTourApp\TasteTourApp.csproj::TargetFramework=net10.0-windows10.0.19041.0]
D:\STUDY\C#\TasteTourApp\TasteTourApp\Views\ProfilePage.xaml.cs(104,19): warning CS0618: 'Page.DisplayAlert(string, string, string)' is obsolete: 'Use DisplayAlertAsync instead' [D:\STUDY\C#\TasteTourApp\TasteTourApp\TasteTourApp.csproj::TargetFramework=net10.0-windows10.0.19041.0]
D:\STUDY\C#\TasteTourApp\TasteTourApp\Services\DatabaseServices.cs(16,39): warning CS8618: Non-nullable field '_db' must contain a non-null value when exiting constructor. Consider adding the 'required' modifier or declaring the field as nullable. [D:\STUDY\C#\TasteTourApp\TasteTourApp\TasteTourApp.csproj::TargetFramework=net10.0-windows10.0.19041.0]
D:\STUDY\C#\TasteTourApp\TasteTourApp\Views\ProfilePage.xaml.cs(111,31): warning CS0618: 'Page.DisplayActionSheet(string, string, string, params string[])' is obsolete: 'Use DisplayActionSheetAsync instead' [D:\STUDY\C#\TasteTourApp\TasteTourApp\TasteTourApp.csproj::TargetFramework=net10.0-windows10.0.19041.0]
D:\STUDY\C#\TasteTourApp\TasteTourApp\Views\ProfilePage.xaml.cs(116,38): warning CS0618: 'Page.DisplayAlert(string, string, string, string)' is obsolete: 'Use DisplayAlertAsync instead' [D:\STUDY\C#\TasteTourApp\TasteTourApp\TasteTourApp.csproj::TargetFramework=net10.0-windows10.0.19041.0]
D:\STUDY\C#\TasteTourApp\TasteTourApp\Views\ProfilePage.xaml.cs(119,27): warning CS0618: 'Page.DisplayAlert(string, string, string)' is obsolete: 'Use DisplayAlertAsync instead' [D:\STUDY\C#\TasteTourApp\TasteTourApp\TasteTourApp.csproj::TargetFramework=net10.0-windows10.0.19041.0]
D:\STUDY\C#\TasteTourApp\TasteTourApp\Views\ProfilePage.xaml.cs(124,23): warning CS0618: 'Page.DisplayAlert(string, string, string)' is obsolete: 'Use DisplayAlertAsync instead' [D:\STUDY\C#\TasteTourApp\TasteTourApp\TasteTourApp.csproj::TargetFramework=net10.0-windows10.0.19041.0]
D:\STUDY\C#\TasteTourApp\TasteTourApp\obj\Debug\net10.0-windows10.0.19041.0\win-x64\intermediatexaml\Microsoft.Maui.Controls.SourceGen\Microsoft.Maui.Controls.SourceGen.XamlGenerator\Views_LoginPage.xaml.xsg.cs(383,34): warning CS8622: Nullability of reference types in type of parameter 'sender' of 'void LoginPage.QuenMatKhau_Tapped(object sender, EventArgs e)' doesn't match the target delegate 'EventHandler<TappedEventArgs>' (possibly because of nullability attributes). [D:\STUDY\C#\TasteTourApp\TasteTourApp\TasteTourApp.csproj::TargetFramework=net10.0-windows10.0.19041.0]
D:\STUDY\C#\TasteTourApp\TasteTourApp\obj\Debug\net10.0-windows10.0.19041.0\win-x64\intermediatexaml\Microsoft.Maui.Controls.SourceGen\Microsoft.Maui.Controls.SourceGen.XamlGenerator\Views_LoginPage.xaml.xsg.cs(421,35): warning CS8622: Nullability of reference types in type of parameter 'sender' of 'void LoginPage.DangNhap_Tapped(object sender, EventArgs e)' doesn't match the target delegate 'EventHandler<TappedEventArgs>' (possibly because of nullability attributes). [D:\STUDY\C#\TasteTourApp\TasteTourApp\TasteTourApp.csproj::TargetFramework=net10.0-windows10.0.19041.0]
D:\STUDY\C#\TasteTourApp\TasteTourApp\obj\Debug\net10.0-windows10.0.19041.0\win-x64\intermediatexaml\Microsoft.Maui.Controls.SourceGen\Microsoft.Maui.Controls.SourceGen.XamlGenerator\Views_LoginPage.xaml.xsg.cs(469,35): warning CS8622: Nullability of reference types in type of parameter 'sender' of 'void LoginPage.Google_Tapped(object sender, EventArgs e)' doesn't match the target delegate 'EventHandler<TappedEventArgs>' (possibly because of nullability attributes). [D:\STUDY\C#\TasteTourApp\TasteTourApp\TasteTourApp.csproj::TargetFramework=net10.0-windows10.0.19041.0]
D:\STUDY\C#\TasteTourApp\TasteTourApp\obj\Debug\net10.0-windows10.0.19041.0\win-x64\intermediatexaml\Microsoft.Maui.Controls.SourceGen\Microsoft.Maui.Controls.SourceGen.XamlGenerator\Views_LoginPage.xaml.xsg.cs(492,35): warning CS8622: Nullability of reference types in type of parameter 'sender' of 'void LoginPage.Apple_Tapped(object sender, EventArgs e)' doesn't match the target delegate 'EventHandler<TappedEventArgs>' (possibly because of nullability attributes). [D:\STUDY\C#\TasteTourApp\TasteTourApp\TasteTourApp.csproj::TargetFramework=net10.0-windows10.0.19041.0]
D:\STUDY\C#\TasteTourApp\TasteTourApp\obj\Debug\net10.0-windows10.0.19041.0\win-x64\intermediatexaml\Microsoft.Maui.Controls.SourceGen\Microsoft.Maui.Controls.SourceGen.XamlGenerator\Views_LoginPage.xaml.xsg.cs(513,35): warning CS8622: Nullability of reference types in type of parameter 'sender' of 'void LoginPage.Khach_Tapped(object sender, EventArgs e)' doesn't match the target delegate 'EventHandler<TappedEventArgs>' (possibly because of nullability attributes). [D:\STUDY\C#\TasteTourApp\TasteTourApp\TasteTourApp.csproj::TargetFramework=net10.0-windows10.0.19041.0]
D:\STUDY\C#\TasteTourApp\TasteTourApp\obj\Debug\net10.0-windows10.0.19041.0\win-x64\intermediatexaml\Microsoft.Maui.Controls.SourceGen\Microsoft.Maui.Controls.SourceGen.XamlGenerator\Views_LoginPage.xaml.xsg.cs(542,35): warning CS8622: Nullability of reference types in type of parameter 'sender' of 'void LoginPage.TaoTaiKhoan_Tapped(object sender, EventArgs e)' doesn't match the target delegate 'EventHandler<TappedEventArgs>' (possibly because of nullability attributes). [D:\STUDY\C#\TasteTourApp\TasteTourApp\TasteTourApp.csproj::TargetFramework=net10.0-windows10.0.19041.0]
D:\STUDY\C#\TasteTourApp\TasteTourApp\Views\MainPage.xaml.cs(645,13): warning CS0618: 'ViewExtensions.FadeTo(VisualElement, double, uint, Easing?)' is obsolete: 'Please use FadeToAsync instead.' [D:\STUDY\C#\TasteTourApp\TasteTourApp\TasteTourApp.csproj::TargetFramework=net10.0-windows10.0.19041.0]
D:\STUDY\C#\TasteTourApp\TasteTourApp\Views\MainPage.xaml.cs(646,13): warning CS0618: 'ViewExtensions.FadeTo(VisualElement, double, uint, Easing?)' is obsolete: 'Please use FadeToAsync instead.' [D:\STUDY\C#\TasteTourApp\TasteTourApp\TasteTourApp.csproj::TargetFramework=net10.0-windows10.0.19041.0]
D:\STUDY\C#\TasteTourApp\TasteTourApp\Views\MainPage.xaml.cs(652,15): warning CS0618: 'ViewExtensions.TranslateTo(VisualElement, double, double, uint, Easing?)' is obsolete: 'Please use TranslateToAsync instead.' [D:\STUDY\C#\TasteTourApp\TasteTourApp\TasteTourApp.csproj::TargetFramework=net10.0-windows10.0.19041.0]
D:\STUDY\C#\TasteTourApp\TasteTourApp\Views\MainPage.xaml.cs(666,15): warning CS0618: 'ViewExtensions.TranslateTo(VisualElement, double, double, uint, Easing?)' is obsolete: 'Please use TranslateToAsync instead.' [D:\STUDY\C#\TasteTourApp\TasteTourApp\TasteTourApp.csproj::TargetFramework=net10.0-windows10.0.19041.0]
D:\STUDY\C#\TasteTourApp\TasteTourApp\Views\MainPage.xaml.cs(675,13): warning CS0618: 'ViewExtensions.FadeTo(VisualElement, double, uint, Easing?)' is obsolete: 'Please use FadeToAsync instead.' [D:\STUDY\C#\TasteTourApp\TasteTourApp\TasteTourApp.csproj::TargetFramework=net10.0-windows10.0.19041.0]
D:\STUDY\C#\TasteTourApp\TasteTourApp\Views\MainPage.xaml.cs(676,13): warning CS0618: 'ViewExtensions.FadeTo(VisualElement, double, uint, Easing?)' is obsolete: 'Please use FadeToAsync instead.' [D:\STUDY\C#\TasteTourApp\TasteTourApp\TasteTourApp.csproj::TargetFramework=net10.0-windows10.0.19041.0]
D:\STUDY\C#\TasteTourApp\TasteTourApp\obj\Debug\net10.0-windows10.0.19041.0\win-x64\intermediatexaml\Microsoft.Maui.Controls.SourceGen\Microsoft.Maui.Controls.SourceGen.XamlGenerator\Views_SavedPage.xaml.xsg.cs(340,24): warning CS8622: Nullability of reference types in type of parameter 'sender' of 'void SavedPage.SearchEntry_TextChanged(object sender, TextChangedEventArgs e)' doesn't match the target delegate 'EventHandler<TextChangedEventArgs>' (possibly because of nullability attributes). [D:\STUDY\C#\TasteTourApp\TasteTourApp\TasteTourApp.csproj::TargetFramework=net10.0-windows10.0.19041.0]
D:\STUDY\C#\TasteTourApp\TasteTourApp\obj\Debug\net10.0-windows10.0.19041.0\win-x64\intermediatexaml\Microsoft.Maui.Controls.SourceGen\Microsoft.Maui.Controls.SourceGen.XamlGenerator\Views_SavedPage.xaml.xsg.cs(473,34): warning CS8622: Nullability of reference types in type of parameter 'sender' of 'void SavedPage.NavHome_Tapped(object sender, EventArgs e)' doesn't match the target delegate 'EventHandler<TappedEventArgs>' (possibly because of nullability attributes). [D:\STUDY\C#\TasteTourApp\TasteTourApp\TasteTourApp.csproj::TargetFramework=net10.0-windows10.0.19041.0]
D:\STUDY\C#\TasteTourApp\TasteTourApp\obj\Debug\net10.0-windows10.0.19041.0\win-x64\intermediatexaml\Microsoft.Maui.Controls.SourceGen\Microsoft.Maui.Controls.SourceGen.XamlGenerator\Views_SavedPage.xaml.xsg.cs(487,35): warning CS8622: Nullability of reference types in type of parameter 'sender' of 'void SavedPage.NavTours_Tapped(object sender, EventArgs e)' doesn't match the target delegate 'EventHandler<TappedEventArgs>' (possibly because of nullability attributes). [D:\STUDY\C#\TasteTourApp\TasteTourApp\TasteTourApp.csproj::TargetFramework=net10.0-windows10.0.19041.0]
D:\STUDY\C#\TasteTourApp\TasteTourApp\obj\Debug\net10.0-windows10.0.19041.0\win-x64\intermediatexaml\Microsoft.Maui.Controls.SourceGen\Microsoft.Maui.Controls.SourceGen.XamlGenerator\Views_SavedPage.xaml.xsg.cs(517,35): warning CS8622: Nullability of reference types in type of parameter 'sender' of 'void SavedPage.NavProfile_Tapped(object sender, EventArgs e)' doesn't match the target delegate 'EventHandler<TappedEventArgs>' (possibly because of nullability attributes). [D:\STUDY\C#\TasteTourApp\TasteTourApp\TasteTourApp.csproj::TargetFramework=net10.0-windows10.0.19041.0]
D:\STUDY\C#\TasteTourApp\TasteTourApp\Views\MainPage.xaml.cs(864,13): warning CS0618: 'Application.MainPage.set' is obsolete: 'This property is deprecated. Initialize your application by overriding Application.CreateWindow rather than setting MainPage. To modify the root page in an active application, use Windows[0].Page for applications with a single window. For applications with multiple windows, use Application.Windows to identify and update the root page on the correct window.  Additionally, each element features a Window property, accessible when it's part of the current window.' [D:\STUDY\C#\TasteTourApp\TasteTourApp\TasteTourApp.csproj::TargetFramework=net10.0-windows10.0.19041.0]
D:\STUDY\C#\TasteTourApp\TasteTourApp\Views\MainPage.xaml.cs(874,13): warning CS0618: 'Application.MainPage.set' is obsolete: 'This property is deprecated. Initialize your application by overriding Application.CreateWindow rather than setting MainPage. To modify the root page in an active application, use Windows[0].Page for applications with a single window. For applications with multiple windows, use Application.Windows to identify and update the root page on the correct window.  Additionally, each element features a Window property, accessible when it's part of the current window.' [D:\STUDY\C#\TasteTourApp\TasteTourApp\TasteTourApp.csproj::TargetFramework=net10.0-windows10.0.19041.0]
D:\STUDY\C#\TasteTourApp\TasteTourApp\Views\MainPage.xaml.cs(882,13): warning CS0618: 'Application.MainPage.set' is obsolete: 'This property is deprecated. Initialize your application by overriding Application.CreateWindow rather than setting MainPage. To modify the root page in an active application, use Windows[0].Page for applications with a single window. For applications with multiple windows, use Application.Windows to identify and update the root page on the correct window.  Additionally, each element features a Window property, accessible when it's part of the current window.' [D:\STUDY\C#\TasteTourApp\TasteTourApp\TasteTourApp.csproj::TargetFramework=net10.0-windows10.0.19041.0]
D:\STUDY\C#\TasteTourApp\TasteTourApp\Views\MainPage.xaml.cs(901,15): warning CS0618: 'ViewExtensions.ScaleTo(VisualElement, double, uint, Easing?)' is obsolete: 'Please use ScaleToAsync instead.' [D:\STUDY\C#\TasteTourApp\TasteTourApp\TasteTourApp.csproj::TargetFramework=net10.0-windows10.0.19041.0]
D:\STUDY\C#\TasteTourApp\TasteTourApp\Views\MainPage.xaml.cs(902,15): warning CS0618: 'ViewExtensions.ScaleTo(VisualElement, double, uint, Easing?)' is obsolete: 'Please use ScaleToAsync instead.' [D:\STUDY\C#\TasteTourApp\TasteTourApp\TasteTourApp.csproj::TargetFramework=net10.0-windows10.0.19041.0]
D:\STUDY\C#\TasteTourApp\TasteTourApp\obj\Debug\net10.0-windows10.0.19041.0\win-x64\intermediatexaml\Microsoft.Maui.Controls.SourceGen\Microsoft.Maui.Controls.SourceGen.XamlGenerator\Views_ProfilePage.xaml.xsg.cs(930,34): warning CS8622: Nullability of reference types in type of parameter 'sender' of 'void ProfilePage.CaiDat_Tapped(object sender, EventArgs e)' doesn't match the target delegate 'EventHandler<TappedEventArgs>' (possibly because of nullability attributes). [D:\STUDY\C#\TasteTourApp\TasteTourApp\TasteTourApp.csproj::TargetFramework=net10.0-windows10.0.19041.0]
D:\STUDY\C#\TasteTourApp\TasteTourApp\obj\Debug\net10.0-windows10.0.19041.0\win-x64\intermediatexaml\Microsoft.Maui.Controls.SourceGen\Microsoft.Maui.Controls.SourceGen.XamlGenerator\Views_ProfilePage.xaml.xsg.cs(970,35): warning CS8622: Nullability of reference types in type of parameter 'sender' of 'void ProfilePage.TTSVoice_Tapped(object sender, EventArgs e)' doesn't match the target delegate 'EventHandler<TappedEventArgs>' (possibly because of nullability attributes). [D:\STUDY\C#\TasteTourApp\TasteTourApp\TasteTourApp.csproj::TargetFramework=net10.0-windows10.0.19041.0]
D:\STUDY\C#\TasteTourApp\TasteTourApp\obj\Debug\net10.0-windows10.0.19041.0\win-x64\intermediatexaml\Microsoft.Maui.Controls.SourceGen\Microsoft.Maui.Controls.SourceGen.XamlGenerator\Views_ProfilePage.xaml.xsg.cs(1013,35): warning CS8622: Nullability of reference types in type of parameter 'sender' of 'void ProfilePage.GPSSensitivity_Tapped(object sender, EventArgs e)' doesn't match the target delegate 'EventHandler<TappedEventArgs>' (possibly because of nullability attributes). [D:\STUDY\C#\TasteTourApp\TasteTourApp\TasteTourApp.csproj::TargetFramework=net10.0-windows10.0.19041.0]
D:\STUDY\C#\TasteTourApp\TasteTourApp\obj\Debug\net10.0-windows10.0.19041.0\win-x64\intermediatexaml\Microsoft.Maui.Controls.SourceGen\Microsoft.Maui.Controls.SourceGen.XamlGenerator\Views_ProfilePage.xaml.xsg.cs(1056,35): warning CS8622: Nullability of reference types in type of parameter 'sender' of 'void ProfilePage.OfflineData_Tapped(object sender, EventArgs e)' doesn't match the target delegate 'EventHandler<TappedEventArgs>' (possibly because of nullability attributes). [D:\STUDY\C#\TasteTourApp\TasteTourApp\TasteTourApp.csproj::TargetFramework=net10.0-windows10.0.19041.0]
D:\STUDY\C#\TasteTourApp\TasteTourApp\obj\Debug\net10.0-windows10.0.19041.0\win-x64\intermediatexaml\Microsoft.Maui.Controls.SourceGen\Microsoft.Maui.Controls.SourceGen.XamlGenerator\Views_ProfilePage.xaml.xsg.cs(1135,35): warning CS8622: Nullability of reference types in type of parameter 'sender' of 'void ProfilePage.DangXuat_Tapped(object sender, EventArgs e)' doesn't match the target delegate 'EventHandler<TappedEventArgs>' (possibly because of nullability attributes). [D:\STUDY\C#\TasteTourApp\TasteTourApp\TasteTourApp.csproj::TargetFramework=net10.0-windows10.0.19041.0]
D:\STUDY\C#\TasteTourApp\TasteTourApp\obj\Debug\net10.0-windows10.0.19041.0\win-x64\intermediatexaml\Microsoft.Maui.Controls.SourceGen\Microsoft.Maui.Controls.SourceGen.XamlGenerator\Views_ProfilePage.xaml.xsg.cs(1212,35): warning CS8622: Nullability of reference types in type of parameter 'sender' of 'void ProfilePage.NavExplore_Tapped(object sender, EventArgs e)' doesn't match the target delegate 'EventHandler<TappedEventArgs>' (possibly because of nullability attributes). [D:\STUDY\C#\TasteTourApp\TasteTourApp\TasteTourApp.csproj::TargetFramework=net10.0-windows10.0.19041.0]
D:\STUDY\C#\TasteTourApp\TasteTourApp\obj\Debug\net10.0-windows10.0.19041.0\win-x64\intermediatexaml\Microsoft.Maui.Controls.SourceGen\Microsoft.Maui.Controls.SourceGen.XamlGenerator\Views_ProfilePage.xaml.xsg.cs(1226,35): warning CS8622: Nullability of reference types in type of parameter 'sender' of 'void ProfilePage.NavTours_Tapped(object sender, EventArgs e)' doesn't match the target delegate 'EventHandler<TappedEventArgs>' (possibly because of nullability attributes). [D:\STUDY\C#\TasteTourApp\TasteTourApp\TasteTourApp.csproj::TargetFramework=net10.0-windows10.0.19041.0]
D:\STUDY\C#\TasteTourApp\TasteTourApp\obj\Debug\net10.0-windows10.0.19041.0\win-x64\intermediatexaml\Microsoft.Maui.Controls.SourceGen\Microsoft.Maui.Controls.SourceGen.XamlGenerator\Views_ProfilePage.xaml.xsg.cs(1240,35): warning CS8622: Nullability of reference types in type of parameter 'sender' of 'void ProfilePage.NavSaved_Tapped(object sender, EventArgs e)' doesn't match the target delegate 'EventHandler<TappedEventArgs>' (possibly because of nullability attributes). [D:\STUDY\C#\TasteTourApp\TasteTourApp\TasteTourApp.csproj::TargetFramework=net10.0-windows10.0.19041.0]
D:\STUDY\C#\TasteTourApp\TasteTourApp\obj\Debug\net10.0-windows10.0.19041.0\win-x64\intermediatexaml\Microsoft.Maui.Controls.SourceGen\Microsoft.Maui.Controls.SourceGen.XamlGenerator\Views_TourPage.xaml.xsg.cs(862,34): warning CS8622: Nullability of reference types in type of parameter 'sender' of 'void TourPage.BtnBatDau_Tapped(object sender, EventArgs e)' doesn't match the target delegate 'EventHandler<TappedEventArgs>' (possibly because of nullability attributes). [D:\STUDY\C#\TasteTourApp\TasteTourApp\TasteTourApp.csproj::TargetFramework=net10.0-windows10.0.19041.0]
D:\STUDY\C#\TasteTourApp\TasteTourApp\obj\Debug\net10.0-windows10.0.19041.0\win-x64\intermediatexaml\Microsoft.Maui.Controls.SourceGen\Microsoft.Maui.Controls.SourceGen.XamlGenerator\Views_TourPage.xaml.xsg.cs(1465,35): warning CS8622: Nullability of reference types in type of parameter 'sender' of 'void TourPage.BtnCloseMini_Tapped(object sender, EventArgs e)' doesn't match the target delegate 'EventHandler<TappedEventArgs>' (possibly because of nullability attributes). [D:\STUDY\C#\TasteTourApp\TasteTourApp\TasteTourApp.csproj::TargetFramework=net10.0-windows10.0.19041.0]
D:\STUDY\C#\TasteTourApp\TasteTourApp\obj\Debug\net10.0-windows10.0.19041.0\win-x64\intermediatexaml\Microsoft.Maui.Controls.SourceGen\Microsoft.Maui.Controls.SourceGen.XamlGenerator\Views_TourPage.xaml.xsg.cs(1487,35): warning CS8622: Nullability of reference types in type of parameter 'sender' of 'void TourPage.NavExplore_Tapped(object sender, EventArgs e)' doesn't match the target delegate 'EventHandler<TappedEventArgs>' (possibly because of nullability attributes). [D:\STUDY\C#\TasteTourApp\TasteTourApp\TasteTourApp.csproj::TargetFramework=net10.0-windows10.0.19041.0]
D:\STUDY\C#\TasteTourApp\TasteTourApp\obj\Debug\net10.0-windows10.0.19041.0\win-x64\intermediatexaml\Microsoft.Maui.Controls.SourceGen\Microsoft.Maui.Controls.SourceGen.XamlGenerator\Views_TourPage.xaml.xsg.cs(1520,35): warning CS8622: Nullability of reference types in type of parameter 'sender' of 'void TourPage.NavSaved_Tapped(object sender, EventArgs e)' doesn't match the target delegate 'EventHandler<TappedEventArgs>' (possibly because of nullability attributes). [D:\STUDY\C#\TasteTourApp\TasteTourApp\TasteTourApp.csproj::TargetFramework=net10.0-windows10.0.19041.0]
D:\STUDY\C#\TasteTourApp\TasteTourApp\obj\Debug\net10.0-windows10.0.19041.0\win-x64\intermediatexaml\Microsoft.Maui.Controls.SourceGen\Microsoft.Maui.Controls.SourceGen.XamlGenerator\Views_TourPage.xaml.xsg.cs(1534,35): warning CS8622: Nullability of reference types in type of parameter 'sender' of 'void TourPage.NavProfile_Tapped(object sender, EventArgs e)' doesn't match the target delegate 'EventHandler<TappedEventArgs>' (possibly because of nullability attributes). [D:\STUDY\C#\TasteTourApp\TasteTourApp\TasteTourApp.csproj::TargetFramework=net10.0-windows10.0.19041.0]
D:\STUDY\C#\TasteTourApp\TasteTourApp\obj\Debug\net10.0-windows10.0.19041.0\win-x64\intermediatexaml\Microsoft.Maui.Controls.SourceGen\Microsoft.Maui.Controls.SourceGen.XamlGenerator\Views_MainPage.xaml.xsg.cs(670,82): warning CS0618: 'LayoutOptions.FillAndExpand' is obsolete: 'The StackLayout expansion options are deprecated; please use a Grid instead.' [D:\STUDY\C#\TasteTourApp\TasteTourApp\TasteTourApp.csproj::TargetFramework=net10.0-windows10.0.19041.0]
D:\STUDY\C#\TasteTourApp\TasteTourApp\obj\Debug\net10.0-windows10.0.19041.0\win-x64\intermediatexaml\Microsoft.Maui.Controls.SourceGen\Microsoft.Maui.Controls.SourceGen.XamlGenerator\Views_MainPage.xaml.xsg.cs(671,84): warning CS0618: 'LayoutOptions.FillAndExpand' is obsolete: 'The StackLayout expansion options are deprecated; please use a Grid instead.' [D:\STUDY\C#\TasteTourApp\TasteTourApp\TasteTourApp.csproj::TargetFramework=net10.0-windows10.0.19041.0]
D:\STUDY\C#\TasteTourApp\TasteTourApp\obj\Debug\net10.0-windows10.0.19041.0\win-x64\intermediatexaml\Microsoft.Maui.Controls.SourceGen\Microsoft.Maui.Controls.SourceGen.XamlGenerator\Views_MainPage.xaml.xsg.cs(673,25): warning CS8622: Nullability of reference types in type of parameter 'sender' of 'void MainPage.BanDoWebView_Navigating(object sender, WebNavigatingEventArgs e)' doesn't match the target delegate 'EventHandler<WebNavigatingEventArgs>' (possibly because of nullability attributes). [D:\STUDY\C#\TasteTourApp\TasteTourApp\TasteTourApp.csproj::TargetFramework=net10.0-windows10.0.19041.0]
D:\STUDY\C#\TasteTourApp\TasteTourApp\obj\Debug\net10.0-windows10.0.19041.0\win-x64\intermediatexaml\Microsoft.Maui.Controls.SourceGen\Microsoft.Maui.Controls.SourceGen.XamlGenerator\Views_MainPage.xaml.xsg.cs(766,34): warning CS8622: Nullability of reference types in type of parameter 'sender' of 'void MainPage.BtnLocateMe_Tapped(object sender, EventArgs e)' doesn't match the target delegate 'EventHandler<TappedEventArgs>' (possibly because of nullability attributes). [D:\STUDY\C#\TasteTourApp\TasteTourApp\TasteTourApp.csproj::TargetFramework=net10.0-windows10.0.19041.0]
D:\STUDY\C#\TasteTourApp\TasteTourApp\obj\Debug\net10.0-windows10.0.19041.0\win-x64\intermediatexaml\Microsoft.Maui.Controls.SourceGen\Microsoft.Maui.Controls.SourceGen.XamlGenerator\Views_MainPage.xaml.xsg.cs(784,38): warning CS8622: Nullability of reference types in type of parameter 'sender' of 'void MainPage.BottomSheet_PanUpdated(object sender, PanUpdatedEventArgs e)' doesn't match the target delegate 'EventHandler<PanUpdatedEventArgs>' (possibly because of nullability attributes). [D:\STUDY\C#\TasteTourApp\TasteTourApp\TasteTourApp.csproj::TargetFramework=net10.0-windows10.0.19041.0]
D:\STUDY\C#\TasteTourApp\TasteTourApp\obj\Debug\net10.0-windows10.0.19041.0\win-x64\intermediatexaml\Microsoft.Maui.Controls.SourceGen\Microsoft.Maui.Controls.SourceGen.XamlGenerator\Views_MainPage.xaml.xsg.cs(822,35): warning CS8622: Nullability of reference types in type of parameter 'sender' of 'void MainPage.NearestPoi_Tapped(object sender, EventArgs e)' doesn't match the target delegate 'EventHandler<TappedEventArgs>' (possibly because of nullability attributes). [D:\STUDY\C#\TasteTourApp\TasteTourApp\TasteTourApp.csproj::TargetFramework=net10.0-windows10.0.19041.0]
D:\STUDY\C#\TasteTourApp\TasteTourApp\obj\Debug\net10.0-windows10.0.19041.0\win-x64\intermediatexaml\Microsoft.Maui.Controls.SourceGen\Microsoft.Maui.Controls.SourceGen.XamlGenerator\Views_MainPage.xaml.xsg.cs(908,35): warning CS8622: Nullability of reference types in type of parameter 'sender' of 'void MainPage.BtnDong_Tapped(object sender, EventArgs e)' doesn't match the target delegate 'EventHandler<TappedEventArgs>' (possibly because of nullability attributes). [D:\STUDY\C#\TasteTourApp\TasteTourApp\TasteTourApp.csproj::TargetFramework=net10.0-windows10.0.19041.0]
D:\STUDY\C#\TasteTourApp\TasteTourApp\obj\Debug\net10.0-windows10.0.19041.0\win-x64\intermediatexaml\Microsoft.Maui.Controls.SourceGen\Microsoft.Maui.Controls.SourceGen.XamlGenerator\Views_MainPage.xaml.xsg.cs(980,35): warning CS8622: Nullability of reference types in type of parameter 'sender' of 'void MainPage.BtnHeartPoi_Tapped(object sender, EventArgs e)' doesn't match the target delegate 'EventHandler<TappedEventArgs>' (possibly because of nullability attributes). [D:\STUDY\C#\TasteTourApp\TasteTourApp\TasteTourApp.csproj::TargetFramework=net10.0-windows10.0.19041.0]
D:\STUDY\C#\TasteTourApp\TasteTourApp\obj\Debug\net10.0-windows10.0.19041.0\win-x64\intermediatexaml\Microsoft.Maui.Controls.SourceGen\Microsoft.Maui.Controls.SourceGen.XamlGenerator\Views_MainPage.xaml.xsg.cs(1026,35): warning CS8622: Nullability of reference types in type of parameter 'sender' of 'void MainPage.BtnPlay_Tapped(object sender, EventArgs e)' doesn't match the target delegate 'EventHandler<TappedEventArgs>' (possibly because of nullability attributes). [D:\STUDY\C#\TasteTourApp\TasteTourApp\TasteTourApp.csproj::TargetFramework=net10.0-windows10.0.19041.0]
D:\STUDY\C#\TasteTourApp\TasteTourApp\obj\Debug\net10.0-windows10.0.19041.0\win-x64\intermediatexaml\Microsoft.Maui.Controls.SourceGen\Microsoft.Maui.Controls.SourceGen.XamlGenerator\Views_MainPage.xaml.xsg.cs(1064,35): warning CS8622: Nullability of reference types in type of parameter 'sender' of 'void MainPage.BtnChiDuong_Tapped(object sender, EventArgs e)' doesn't match the target delegate 'EventHandler<TappedEventArgs>' (possibly because of nullability attributes). [D:\STUDY\C#\TasteTourApp\TasteTourApp\TasteTourApp.csproj::TargetFramework=net10.0-windows10.0.19041.0]
D:\STUDY\C#\TasteTourApp\TasteTourApp\obj\Debug\net10.0-windows10.0.19041.0\win-x64\intermediatexaml\Microsoft.Maui.Controls.SourceGen\Microsoft.Maui.Controls.SourceGen.XamlGenerator\Views_MainPage.xaml.xsg.cs(1084,35): warning CS8622: Nullability of reference types in type of parameter 'sender' of 'void MainPage.BtnNgheThuyetMinh_Tapped(object sender, EventArgs e)' doesn't match the target delegate 'EventHandler<TappedEventArgs>' (possibly because of nullability attributes). [D:\STUDY\C#\TasteTourApp\TasteTourApp\TasteTourApp.csproj::TargetFramework=net10.0-windows10.0.19041.0]
D:\STUDY\C#\TasteTourApp\TasteTourApp\obj\Debug\net10.0-windows10.0.19041.0\win-x64\intermediatexaml\Microsoft.Maui.Controls.SourceGen\Microsoft.Maui.Controls.SourceGen.XamlGenerator\Views_MainPage.xaml.xsg.cs(1127,35): warning CS8622: Nullability of reference types in type of parameter 'sender' of 'void MainPage.NavTours_Tapped(object sender, EventArgs e)' doesn't match the target delegate 'EventHandler<TappedEventArgs>' (possibly because of nullability attributes). [D:\STUDY\C#\TasteTourApp\TasteTourApp\TasteTourApp.csproj::TargetFramework=net10.0-windows10.0.19041.0]
D:\STUDY\C#\TasteTourApp\TasteTourApp\obj\Debug\net10.0-windows10.0.19041.0\win-x64\intermediatexaml\Microsoft.Maui.Controls.SourceGen\Microsoft.Maui.Controls.SourceGen.XamlGenerator\Views_MainPage.xaml.xsg.cs(1141,35): warning CS8622: Nullability of reference types in type of parameter 'sender' of 'void MainPage.NavSaved_Tapped(object sender, EventArgs e)' doesn't match the target delegate 'EventHandler<TappedEventArgs>' (possibly because of nullability attributes). [D:\STUDY\C#\TasteTourApp\TasteTourApp\TasteTourApp.csproj::TargetFramework=net10.0-windows10.0.19041.0]
D:\STUDY\C#\TasteTourApp\TasteTourApp\obj\Debug\net10.0-windows10.0.19041.0\win-x64\intermediatexaml\Microsoft.Maui.Controls.SourceGen\Microsoft.Maui.Controls.SourceGen.XamlGenerator\Views_MainPage.xaml.xsg.cs(1155,35): warning CS8622: Nullability of reference types in type of parameter 'sender' of 'void MainPage.NavProfile_Tapped(object sender, EventArgs e)' doesn't match the target delegate 'EventHandler<TappedEventArgs>' (possibly because of nullability attributes). [D:\STUDY\C#\TasteTourApp\TasteTourApp\TasteTourApp.csproj::TargetFramework=net10.0-windows10.0.19041.0]
D:\STUDY\C#\TasteTourApp\TasteTourApp\Views\MainPage.xaml.cs(22,18): warning CS0414: The field 'MainPage._isSheetExpanded' is assigned but its value is never used [D:\STUDY\C#\TasteTourApp\TasteTourApp\TasteTourApp.csproj::TargetFramework=net10.0-windows10.0.19041.0]

Build FAILED.

D:\STUDY\C#\TasteTourApp\TasteTourApp\Views\TourPage.xaml.cs(18,13): warning CS0618: 'Application.MainPage.set' is obsolete: 'This property is deprecated. Initialize your application by overriding Application.CreateWindow rather than setting MainPage. To modify the root page in an active application, use Windows[0].Page for applications with a single window. For applications with multiple windows, use Application.Windows to identify and update the root page on the correct window.  Additionally, each element features a Window property, accessible when it's part of the current window.' [D:\STUDY\C#\TasteTourApp\TasteTourApp\TasteTourApp.csproj::TargetFramework=net10.0-maccatalyst]
D:\STUDY\C#\TasteTourApp\TasteTourApp\Views\TourPage.xaml.cs(37,13): warning CS0618: 'Application.MainPage.set' is obsolete: 'This property is deprecated. Initialize your application by overriding Application.CreateWindow rather than setting MainPage. To modify the root page in an active application, use Windows[0].Page for applications with a single window. For applications with multiple windows, use Application.Windows to identify and update the root page on the correct window.  Additionally, each element features a Window property, accessible when it's part of the current window.' [D:\STUDY\C#\TasteTourApp\TasteTourApp\TasteTourApp.csproj::TargetFramework=net10.0-maccatalyst]
D:\STUDY\C#\TasteTourApp\TasteTourApp\Views\TourPage.xaml.cs(50,13): warning CS0618: 'Application.MainPage.set' is obsolete: 'This property is deprecated. Initialize your application by overriding Application.CreateWindow rather than setting MainPage. To modify the root page in an active application, use Windows[0].Page for applications with a single window. For applications with multiple windows, use Application.Windows to identify and update the root page on the correct window.  Additionally, each element features a Window property, accessible when it's part of the current window.' [D:\STUDY\C#\TasteTourApp\TasteTourApp\TasteTourApp.csproj::TargetFramework=net10.0-maccatalyst]
D:\STUDY\C#\TasteTourApp\TasteTourApp\Models\QuanAn.cs(11,23): warning CS8618: Non-nullable property 'Id' must contain a non-null value when exiting constructor. Consider adding the 'required' modifier or declaring the property as nullable. [D:\STUDY\C#\TasteTourApp\TasteTourApp\TasteTourApp.csproj::TargetFramework=net10.0-maccatalyst]
D:\STUDY\C#\TasteTourApp\TasteTourApp\Models\QuanAn.cs(13,23): warning CS8618: Non-nullable property 'TenQuan' must contain a non-null value when exiting constructor. Consider adding the 'required' modifier or declaring the property as nullable. [D:\STUDY\C#\TasteTourApp\TasteTourApp\TasteTourApp.csproj::TargetFramework=net10.0-maccatalyst]
D:\STUDY\C#\TasteTourApp\TasteTourApp\Models\QuanAn.cs(14,23): warning CS8618: Non-nullable property 'MoTa' must contain a non-null value when exiting constructor. Consider adding the 'required' modifier or declaring the property as nullable. [D:\STUDY\C#\TasteTourApp\TasteTourApp\TasteTourApp.csproj::TargetFramework=net10.0-maccatalyst]
D:\STUDY\C#\TasteTourApp\TasteTourApp\Models\QuanAn.cs(17,23): warning CS8618: Non-nullable property 'HinhAnh' must contain a non-null value when exiting constructor. Consider adding the 'required' modifier or declaring the property as nullable. [D:\STUDY\C#\TasteTourApp\TasteTourApp\TasteTourApp.csproj::TargetFramework=net10.0-maccatalyst]
D:\STUDY\C#\TasteTourApp\TasteTourApp\Models\QuanAn.cs(18,23): warning CS8618: Non-nullable property 'LoaiQuan' must contain a non-null value when exiting constructor. Consider adding the 'required' modifier or declaring the property as nullable. [D:\STUDY\C#\TasteTourApp\TasteTourApp\TasteTourApp.csproj::TargetFramework=net10.0-maccatalyst]
D:\STUDY\C#\TasteTourApp\TasteTourApp\Views\ProfilePage.xaml.cs(17,13): warning CS0618: 'Application.MainPage.set' is obsolete: 'This property is deprecated. Initialize your application by overriding Application.CreateWindow rather than setting MainPage. To modify the root page in an active application, use Windows[0].Page for applications with a single window. For applications with multiple windows, use Application.Windows to identify and update the root page on the correct window.  Additionally, each element features a Window property, accessible when it's part of the current window.' [D:\STUDY\C#\TasteTourApp\TasteTourApp\TasteTourApp.csproj::TargetFramework=net10.0-maccatalyst]
D:\STUDY\C#\TasteTourApp\TasteTourApp\Views\LoginPage.xaml.cs(12,15): warning CS0618: 'Page.DisplayAlert(string, string, string)' is obsolete: 'Use DisplayAlertAsync instead' [D:\STUDY\C#\TasteTourApp\TasteTourApp\TasteTourApp.csproj::TargetFramework=net10.0-maccatalyst]
D:\STUDY\C#\TasteTourApp\TasteTourApp\Views\ProfilePage.xaml.cs(25,13): warning CS0618: 'Application.MainPage.set' is obsolete: 'This property is deprecated. Initialize your application by overriding Application.CreateWindow rather than setting MainPage. To modify the root page in an active application, use Windows[0].Page for applications with a single window. For applications with multiple windows, use Application.Windows to identify and update the root page on the correct window.  Additionally, each element features a Window property, accessible when it's part of the current window.' [D:\STUDY\C#\TasteTourApp\TasteTourApp\TasteTourApp.csproj::TargetFramework=net10.0-maccatalyst]
D:\STUDY\C#\TasteTourApp\TasteTourApp\Views\LoginPage.xaml.cs(25,13): warning CS0618: 'Application.MainPage.set' is obsolete: 'This property is deprecated. Initialize your application by overriding Application.CreateWindow rather than setting MainPage. To modify the root page in an active application, use Windows[0].Page for applications with a single window. For applications with multiple windows, use Application.Windows to identify and update the root page on the correct window.  Additionally, each element features a Window property, accessible when it's part of the current window.' [D:\STUDY\C#\TasteTourApp\TasteTourApp\TasteTourApp.csproj::TargetFramework=net10.0-maccatalyst]
D:\STUDY\C#\TasteTourApp\TasteTourApp\Views\ProfilePage.xaml.cs(36,29): warning CS0618: 'Page.DisplayAlert(string, string, string, string)' is obsolete: 'Use DisplayAlertAsync instead' [D:\STUDY\C#\TasteTourApp\TasteTourApp\TasteTourApp.csproj::TargetFramework=net10.0-maccatalyst]
D:\STUDY\C#\TasteTourApp\TasteTourApp\Views\ProfilePage.xaml.cs(39,13): warning CS0618: 'Application.MainPage.set' is obsolete: 'This property is deprecated. Initialize your application by overriding Application.CreateWindow rather than setting MainPage. To modify the root page in an active application, use Windows[0].Page for applications with a single window. For applications with multiple windows, use Application.Windows to identify and update the root page on the correct window.  Additionally, each element features a Window property, accessible when it's part of the current window.' [D:\STUDY\C#\TasteTourApp\TasteTourApp\TasteTourApp.csproj::TargetFramework=net10.0-maccatalyst]
D:\STUDY\C#\TasteTourApp\TasteTourApp\Views\LoginPage.xaml.cs(31,15): warning CS0618: 'Page.DisplayAlert(string, string, string)' is obsolete: 'Use DisplayAlertAsync instead' [D:\STUDY\C#\TasteTourApp\TasteTourApp\TasteTourApp.csproj::TargetFramework=net10.0-maccatalyst]
D:\STUDY\C#\TasteTourApp\TasteTourApp\Views\LoginPage.xaml.cs(36,15): warning CS0618: 'Page.DisplayAlert(string, string, string)' is obsolete: 'Use DisplayAlertAsync instead' [D:\STUDY\C#\TasteTourApp\TasteTourApp\TasteTourApp.csproj::TargetFramework=net10.0-maccatalyst]
D:\STUDY\C#\TasteTourApp\TasteTourApp\Views\LoginPage.xaml.cs(44,13): warning CS0618: 'Application.MainPage.set' is obsolete: 'This property is deprecated. Initialize your application by overriding Application.CreateWindow rather than setting MainPage. To modify the root page in an active application, use Windows[0].Page for applications with a single window. For applications with multiple windows, use Application.Windows to identify and update the root page on the correct window.  Additionally, each element features a Window property, accessible when it's part of the current window.' [D:\STUDY\C#\TasteTourApp\TasteTourApp\TasteTourApp.csproj::TargetFramework=net10.0-maccatalyst]
D:\STUDY\C#\TasteTourApp\TasteTourApp\Views\ProfilePage.xaml.cs(51,15): warning CS0618: 'ViewExtensions.RotateTo(VisualElement, double, uint, Easing?)' is obsolete: 'Please use RotateToAsync instead.' [D:\STUDY\C#\TasteTourApp\TasteTourApp\TasteTourApp.csproj::TargetFramework=net10.0-maccatalyst]
D:\STUDY\C#\TasteTourApp\TasteTourApp\Views\LoginPage.xaml.cs(50,15): warning CS0618: 'Page.DisplayAlert(string, string, string)' is obsolete: 'Use DisplayAlertAsync instead' [D:\STUDY\C#\TasteTourApp\TasteTourApp\TasteTourApp.csproj::TargetFramework=net10.0-maccatalyst]
D:\STUDY\C#\TasteTourApp\TasteTourApp\Views\ProfilePage.xaml.cs(77,31): warning CS0618: 'Page.DisplayActionSheet(string, string, string, params string[])' is obsolete: 'Use DisplayActionSheetAsync instead' [D:\STUDY\C#\TasteTourApp\TasteTourApp\TasteTourApp.csproj::TargetFramework=net10.0-maccatalyst]
D:\STUDY\C#\TasteTourApp\TasteTourApp\Views\ProfilePage.xaml.cs(89,27): warning CS0618: 'Page.DisplayAlert(string, string, string)' is obsolete: 'Use DisplayAlertAsync instead' [D:\STUDY\C#\TasteTourApp\TasteTourApp\TasteTourApp.csproj::TargetFramework=net10.0-maccatalyst]
D:\STUDY\C#\TasteTourApp\TasteTourApp\Views\ProfilePage.xaml.cs(101,31): warning CS0618: 'Page.DisplayActionSheet(string, string, string, params string[])' is obsolete: 'Use DisplayActionSheetAsync instead' [D:\STUDY\C#\TasteTourApp\TasteTourApp\TasteTourApp.csproj::TargetFramework=net10.0-maccatalyst]
D:\STUDY\C#\TasteTourApp\TasteTourApp\Views\ProfilePage.xaml.cs(104,19): warning CS0618: 'Page.DisplayAlert(string, string, string)' is obsolete: 'Use DisplayAlertAsync instead' [D:\STUDY\C#\TasteTourApp\TasteTourApp\TasteTourApp.csproj::TargetFramework=net10.0-maccatalyst]
D:\STUDY\C#\TasteTourApp\TasteTourApp\Views\ProfilePage.xaml.cs(111,31): warning CS0618: 'Page.DisplayActionSheet(string, string, string, params string[])' is obsolete: 'Use DisplayActionSheetAsync instead' [D:\STUDY\C#\TasteTourApp\TasteTourApp\TasteTourApp.csproj::TargetFramework=net10.0-maccatalyst]
D:\STUDY\C#\TasteTourApp\TasteTourApp\Views\ProfilePage.xaml.cs(116,38): warning CS0618: 'Page.DisplayAlert(string, string, string, string)' is obsolete: 'Use DisplayAlertAsync instead' [D:\STUDY\C#\TasteTourApp\TasteTourApp\TasteTourApp.csproj::TargetFramework=net10.0-maccatalyst]
D:\STUDY\C#\TasteTourApp\TasteTourApp\Views\ProfilePage.xaml.cs(119,27): warning CS0618: 'Page.DisplayAlert(string, string, string)' is obsolete: 'Use DisplayAlertAsync instead' [D:\STUDY\C#\TasteTourApp\TasteTourApp\TasteTourApp.csproj::TargetFramework=net10.0-maccatalyst]
D:\STUDY\C#\TasteTourApp\TasteTourApp\Views\ProfilePage.xaml.cs(124,23): warning CS0618: 'Page.DisplayAlert(string, string, string)' is obsolete: 'Use DisplayAlertAsync instead' [D:\STUDY\C#\TasteTourApp\TasteTourApp\TasteTourApp.csproj::TargetFramework=net10.0-maccatalyst]
D:\STUDY\C#\TasteTourApp\TasteTourApp\Services\DatabaseServices.cs(16,39): warning CS8618: Non-nullable field '_db' must contain a non-null value when exiting constructor. Consider adding the 'required' modifier or declaring the field as nullable. [D:\STUDY\C#\TasteTourApp\TasteTourApp\TasteTourApp.csproj::TargetFramework=net10.0-maccatalyst]
D:\STUDY\C#\TasteTourApp\TasteTourApp\Views\SavedPage.xaml.cs(208,23): warning CS0618: 'ViewExtensions.ScaleTo(VisualElement, double, uint, Easing?)' is obsolete: 'Please use ScaleToAsync instead.' [D:\STUDY\C#\TasteTourApp\TasteTourApp\TasteTourApp.csproj::TargetFramework=net10.0-maccatalyst]
D:\STUDY\C#\TasteTourApp\TasteTourApp\Views\SavedPage.xaml.cs(258,13): warning CS0618: 'Application.MainPage.set' is obsolete: 'This property is deprecated. Initialize your application by overriding Application.CreateWindow rather than setting MainPage. To modify the root page in an active application, use Windows[0].Page for applications with a single window. For applications with multiple windows, use Application.Windows to identify and update the root page on the correct window.  Additionally, each element features a Window property, accessible when it's part of the current window.' [D:\STUDY\C#\TasteTourApp\TasteTourApp\TasteTourApp.csproj::TargetFramework=net10.0-maccatalyst]
D:\STUDY\C#\TasteTourApp\TasteTourApp\Views\SavedPage.xaml.cs(268,33): warning CS0618: 'Application.MainPage.get' is obsolete: 'This property has been deprecated. For single-window applications, use Windows[0].Page. For multi-window applications, identify and use the appropriate Window object to access the desired Page. Additionally, each element features a Window property, accessible when it's part of the current window.' [D:\STUDY\C#\TasteTourApp\TasteTourApp\TasteTourApp.csproj::TargetFramework=net10.0-maccatalyst]
D:\STUDY\C#\TasteTourApp\TasteTourApp\Views\SavedPage.xaml.cs(278,33): warning CS0618: 'Application.MainPage.get' is obsolete: 'This property has been deprecated. For single-window applications, use Windows[0].Page. For multi-window applications, identify and use the appropriate Window object to access the desired Page. Additionally, each element features a Window property, accessible when it's part of the current window.' [D:\STUDY\C#\TasteTourApp\TasteTourApp\TasteTourApp.csproj::TargetFramework=net10.0-maccatalyst]
D:\STUDY\C#\TasteTourApp\TasteTourApp\Views\MainPage.xaml.cs(645,13): warning CS0618: 'ViewExtensions.FadeTo(VisualElement, double, uint, Easing?)' is obsolete: 'Please use FadeToAsync instead.' [D:\STUDY\C#\TasteTourApp\TasteTourApp\TasteTourApp.csproj::TargetFramework=net10.0-maccatalyst]
D:\STUDY\C#\TasteTourApp\TasteTourApp\Views\MainPage.xaml.cs(646,13): warning CS0618: 'ViewExtensions.FadeTo(VisualElement, double, uint, Easing?)' is obsolete: 'Please use FadeToAsync instead.' [D:\STUDY\C#\TasteTourApp\TasteTourApp\TasteTourApp.csproj::TargetFramework=net10.0-maccatalyst]
D:\STUDY\C#\TasteTourApp\TasteTourApp\Views\MainPage.xaml.cs(652,15): warning CS0618: 'ViewExtensions.TranslateTo(VisualElement, double, double, uint, Easing?)' is obsolete: 'Please use TranslateToAsync instead.' [D:\STUDY\C#\TasteTourApp\TasteTourApp\TasteTourApp.csproj::TargetFramework=net10.0-maccatalyst]
D:\STUDY\C#\TasteTourApp\TasteTourApp\Views\MainPage.xaml.cs(666,15): warning CS0618: 'ViewExtensions.TranslateTo(VisualElement, double, double, uint, Easing?)' is obsolete: 'Please use TranslateToAsync instead.' [D:\STUDY\C#\TasteTourApp\TasteTourApp\TasteTourApp.csproj::TargetFramework=net10.0-maccatalyst]
D:\STUDY\C#\TasteTourApp\TasteTourApp\Views\MainPage.xaml.cs(675,13): warning CS0618: 'ViewExtensions.FadeTo(VisualElement, double, uint, Easing?)' is obsolete: 'Please use FadeToAsync instead.' [D:\STUDY\C#\TasteTourApp\TasteTourApp\TasteTourApp.csproj::TargetFramework=net10.0-maccatalyst]
D:\STUDY\C#\TasteTourApp\TasteTourApp\Views\MainPage.xaml.cs(676,13): warning CS0618: 'ViewExtensions.FadeTo(VisualElement, double, uint, Easing?)' is obsolete: 'Please use FadeToAsync instead.' [D:\STUDY\C#\TasteTourApp\TasteTourApp\TasteTourApp.csproj::TargetFramework=net10.0-maccatalyst]
D:\STUDY\C#\TasteTourApp\TasteTourApp\obj\Debug\net10.0-maccatalyst\maccatalyst-x64\Microsoft.Maui.Controls.SourceGen\Microsoft.Maui.Controls.SourceGen.XamlGenerator\Views_LoginPage.xaml.xsg.cs(383,34): warning CS8622: Nullability of reference types in type of parameter 'sender' of 'void LoginPage.QuenMatKhau_Tapped(object sender, EventArgs e)' doesn't match the target delegate 'EventHandler<TappedEventArgs>' (possibly because of nullability attributes). [D:\STUDY\C#\TasteTourApp\TasteTourApp\TasteTourApp.csproj::TargetFramework=net10.0-maccatalyst]
D:\STUDY\C#\TasteTourApp\TasteTourApp\obj\Debug\net10.0-maccatalyst\maccatalyst-x64\Microsoft.Maui.Controls.SourceGen\Microsoft.Maui.Controls.SourceGen.XamlGenerator\Views_LoginPage.xaml.xsg.cs(421,35): warning CS8622: Nullability of reference types in type of parameter 'sender' of 'void LoginPage.DangNhap_Tapped(object sender, EventArgs e)' doesn't match the target delegate 'EventHandler<TappedEventArgs>' (possibly because of nullability attributes). [D:\STUDY\C#\TasteTourApp\TasteTourApp\TasteTourApp.csproj::TargetFramework=net10.0-maccatalyst]
D:\STUDY\C#\TasteTourApp\TasteTourApp\obj\Debug\net10.0-maccatalyst\maccatalyst-x64\Microsoft.Maui.Controls.SourceGen\Microsoft.Maui.Controls.SourceGen.XamlGenerator\Views_LoginPage.xaml.xsg.cs(469,35): warning CS8622: Nullability of reference types in type of parameter 'sender' of 'void LoginPage.Google_Tapped(object sender, EventArgs e)' doesn't match the target delegate 'EventHandler<TappedEventArgs>' (possibly because of nullability attributes). [D:\STUDY\C#\TasteTourApp\TasteTourApp\TasteTourApp.csproj::TargetFramework=net10.0-maccatalyst]
D:\STUDY\C#\TasteTourApp\TasteTourApp\obj\Debug\net10.0-maccatalyst\maccatalyst-x64\Microsoft.Maui.Controls.SourceGen\Microsoft.Maui.Controls.SourceGen.XamlGenerator\Views_LoginPage.xaml.xsg.cs(492,35): warning CS8622: Nullability of reference types in type of parameter 'sender' of 'void LoginPage.Apple_Tapped(object sender, EventArgs e)' doesn't match the target delegate 'EventHandler<TappedEventArgs>' (possibly because of nullability attributes). [D:\STUDY\C#\TasteTourApp\TasteTourApp\TasteTourApp.csproj::TargetFramework=net10.0-maccatalyst]
D:\STUDY\C#\TasteTourApp\TasteTourApp\obj\Debug\net10.0-maccatalyst\maccatalyst-x64\Microsoft.Maui.Controls.SourceGen\Microsoft.Maui.Controls.SourceGen.XamlGenerator\Views_LoginPage.xaml.xsg.cs(513,35): warning CS8622: Nullability of reference types in type of parameter 'sender' of 'void LoginPage.Khach_Tapped(object sender, EventArgs e)' doesn't match the target delegate 'EventHandler<TappedEventArgs>' (possibly because of nullability attributes). [D:\STUDY\C#\TasteTourApp\TasteTourApp\TasteTourApp.csproj::TargetFramework=net10.0-maccatalyst]
D:\STUDY\C#\TasteTourApp\TasteTourApp\obj\Debug\net10.0-maccatalyst\maccatalyst-x64\Microsoft.Maui.Controls.SourceGen\Microsoft.Maui.Controls.SourceGen.XamlGenerator\Views_LoginPage.xaml.xsg.cs(542,35): warning CS8622: Nullability of reference types in type of parameter 'sender' of 'void LoginPage.TaoTaiKhoan_Tapped(object sender, EventArgs e)' doesn't match the target delegate 'EventHandler<TappedEventArgs>' (possibly because of nullability attributes). [D:\STUDY\C#\TasteTourApp\TasteTourApp\TasteTourApp.csproj::TargetFramework=net10.0-maccatalyst]
D:\STUDY\C#\TasteTourApp\TasteTourApp\Views\MainPage.xaml.cs(864,13): warning CS0618: 'Application.MainPage.set' is obsolete: 'This property is deprecated. Initialize your application by overriding Application.CreateWindow rather than setting MainPage. To modify the root page in an active application, use Windows[0].Page for applications with a single window. For applications with multiple windows, use Application.Windows to identify and update the root page on the correct window.  Additionally, each element features a Window property, accessible when it's part of the current window.' [D:\STUDY\C#\TasteTourApp\TasteTourApp\TasteTourApp.csproj::TargetFramework=net10.0-maccatalyst]
D:\STUDY\C#\TasteTourApp\TasteTourApp\Views\MainPage.xaml.cs(874,13): warning CS0618: 'Application.MainPage.set' is obsolete: 'This property is deprecated. Initialize your application by overriding Application.CreateWindow rather than setting MainPage. To modify the root page in an active application, use Windows[0].Page for applications with a single window. For applications with multiple windows, use Application.Windows to identify and update the root page on the correct window.  Additionally, each element features a Window property, accessible when it's part of the current window.' [D:\STUDY\C#\TasteTourApp\TasteTourApp\TasteTourApp.csproj::TargetFramework=net10.0-maccatalyst]
D:\STUDY\C#\TasteTourApp\TasteTourApp\Views\MainPage.xaml.cs(882,13): warning CS0618: 'Application.MainPage.set' is obsolete: 'This property is deprecated. Initialize your application by overriding Application.CreateWindow rather than setting MainPage. To modify the root page in an active application, use Windows[0].Page for applications with a single window. For applications with multiple windows, use Application.Windows to identify and update the root page on the correct window.  Additionally, each element features a Window property, accessible when it's part of the current window.' [D:\STUDY\C#\TasteTourApp\TasteTourApp\TasteTourApp.csproj::TargetFramework=net10.0-maccatalyst]
D:\STUDY\C#\TasteTourApp\TasteTourApp\Views\MainPage.xaml.cs(901,15): warning CS0618: 'ViewExtensions.ScaleTo(VisualElement, double, uint, Easing?)' is obsolete: 'Please use ScaleToAsync instead.' [D:\STUDY\C#\TasteTourApp\TasteTourApp\TasteTourApp.csproj::TargetFramework=net10.0-maccatalyst]
D:\STUDY\C#\TasteTourApp\TasteTourApp\Views\MainPage.xaml.cs(902,15): warning CS0618: 'ViewExtensions.ScaleTo(VisualElement, double, uint, Easing?)' is obsolete: 'Please use ScaleToAsync instead.' [D:\STUDY\C#\TasteTourApp\TasteTourApp\TasteTourApp.csproj::TargetFramework=net10.0-maccatalyst]
D:\STUDY\C#\TasteTourApp\TasteTourApp\obj\Debug\net10.0-maccatalyst\maccatalyst-x64\Microsoft.Maui.Controls.SourceGen\Microsoft.Maui.Controls.SourceGen.XamlGenerator\Views_SavedPage.xaml.xsg.cs(340,24): warning CS8622: Nullability of reference types in type of parameter 'sender' of 'void SavedPage.SearchEntry_TextChanged(object sender, TextChangedEventArgs e)' doesn't match the target delegate 'EventHandler<TextChangedEventArgs>' (possibly because of nullability attributes). [D:\STUDY\C#\TasteTourApp\TasteTourApp\TasteTourApp.csproj::TargetFramework=net10.0-maccatalyst]
D:\STUDY\C#\TasteTourApp\TasteTourApp\obj\Debug\net10.0-maccatalyst\maccatalyst-x64\Microsoft.Maui.Controls.SourceGen\Microsoft.Maui.Controls.SourceGen.XamlGenerator\Views_SavedPage.xaml.xsg.cs(473,34): warning CS8622: Nullability of reference types in type of parameter 'sender' of 'void SavedPage.NavHome_Tapped(object sender, EventArgs e)' doesn't match the target delegate 'EventHandler<TappedEventArgs>' (possibly because of nullability attributes). [D:\STUDY\C#\TasteTourApp\TasteTourApp\TasteTourApp.csproj::TargetFramework=net10.0-maccatalyst]
D:\STUDY\C#\TasteTourApp\TasteTourApp\obj\Debug\net10.0-maccatalyst\maccatalyst-x64\Microsoft.Maui.Controls.SourceGen\Microsoft.Maui.Controls.SourceGen.XamlGenerator\Views_SavedPage.xaml.xsg.cs(487,35): warning CS8622: Nullability of reference types in type of parameter 'sender' of 'void SavedPage.NavTours_Tapped(object sender, EventArgs e)' doesn't match the target delegate 'EventHandler<TappedEventArgs>' (possibly because of nullability attributes). [D:\STUDY\C#\TasteTourApp\TasteTourApp\TasteTourApp.csproj::TargetFramework=net10.0-maccatalyst]
D:\STUDY\C#\TasteTourApp\TasteTourApp\obj\Debug\net10.0-maccatalyst\maccatalyst-x64\Microsoft.Maui.Controls.SourceGen\Microsoft.Maui.Controls.SourceGen.XamlGenerator\Views_SavedPage.xaml.xsg.cs(517,35): warning CS8622: Nullability of reference types in type of parameter 'sender' of 'void SavedPage.NavProfile_Tapped(object sender, EventArgs e)' doesn't match the target delegate 'EventHandler<TappedEventArgs>' (possibly because of nullability attributes). [D:\STUDY\C#\TasteTourApp\TasteTourApp\TasteTourApp.csproj::TargetFramework=net10.0-maccatalyst]
D:\STUDY\C#\TasteTourApp\TasteTourApp\obj\Debug\net10.0-maccatalyst\maccatalyst-x64\Microsoft.Maui.Controls.SourceGen\Microsoft.Maui.Controls.SourceGen.XamlGenerator\Views_TourPage.xaml.xsg.cs(862,34): warning CS8622: Nullability of reference types in type of parameter 'sender' of 'void TourPage.BtnBatDau_Tapped(object sender, EventArgs e)' doesn't match the target delegate 'EventHandler<TappedEventArgs>' (possibly because of nullability attributes). [D:\STUDY\C#\TasteTourApp\TasteTourApp\TasteTourApp.csproj::TargetFramework=net10.0-maccatalyst]
D:\STUDY\C#\TasteTourApp\TasteTourApp\obj\Debug\net10.0-maccatalyst\maccatalyst-x64\Microsoft.Maui.Controls.SourceGen\Microsoft.Maui.Controls.SourceGen.XamlGenerator\Views_TourPage.xaml.xsg.cs(1465,35): warning CS8622: Nullability of reference types in type of parameter 'sender' of 'void TourPage.BtnCloseMini_Tapped(object sender, EventArgs e)' doesn't match the target delegate 'EventHandler<TappedEventArgs>' (possibly because of nullability attributes). [D:\STUDY\C#\TasteTourApp\TasteTourApp\TasteTourApp.csproj::TargetFramework=net10.0-maccatalyst]
D:\STUDY\C#\TasteTourApp\TasteTourApp\obj\Debug\net10.0-maccatalyst\maccatalyst-x64\Microsoft.Maui.Controls.SourceGen\Microsoft.Maui.Controls.SourceGen.XamlGenerator\Views_TourPage.xaml.xsg.cs(1487,35): warning CS8622: Nullability of reference types in type of parameter 'sender' of 'void TourPage.NavExplore_Tapped(object sender, EventArgs e)' doesn't match the target delegate 'EventHandler<TappedEventArgs>' (possibly because of nullability attributes). [D:\STUDY\C#\TasteTourApp\TasteTourApp\TasteTourApp.csproj::TargetFramework=net10.0-maccatalyst]
D:\STUDY\C#\TasteTourApp\TasteTourApp\obj\Debug\net10.0-maccatalyst\maccatalyst-x64\Microsoft.Maui.Controls.SourceGen\Microsoft.Maui.Controls.SourceGen.XamlGenerator\Views_TourPage.xaml.xsg.cs(1520,35): warning CS8622: Nullability of reference types in type of parameter 'sender' of 'void TourPage.NavSaved_Tapped(object sender, EventArgs e)' doesn't match the target delegate 'EventHandler<TappedEventArgs>' (possibly because of nullability attributes). [D:\STUDY\C#\TasteTourApp\TasteTourApp\TasteTourApp.csproj::TargetFramework=net10.0-maccatalyst]
D:\STUDY\C#\TasteTourApp\TasteTourApp\obj\Debug\net10.0-maccatalyst\maccatalyst-x64\Microsoft.Maui.Controls.SourceGen\Microsoft.Maui.Controls.SourceGen.XamlGenerator\Views_TourPage.xaml.xsg.cs(1534,35): warning CS8622: Nullability of reference types in type of parameter 'sender' of 'void TourPage.NavProfile_Tapped(object sender, EventArgs e)' doesn't match the target delegate 'EventHandler<TappedEventArgs>' (possibly because of nullability attributes). [D:\STUDY\C#\TasteTourApp\TasteTourApp\TasteTourApp.csproj::TargetFramework=net10.0-maccatalyst]
D:\STUDY\C#\TasteTourApp\TasteTourApp\obj\Debug\net10.0-maccatalyst\maccatalyst-x64\Microsoft.Maui.Controls.SourceGen\Microsoft.Maui.Controls.SourceGen.XamlGenerator\Views_ProfilePage.xaml.xsg.cs(930,34): warning CS8622: Nullability of reference types in type of parameter 'sender' of 'void ProfilePage.CaiDat_Tapped(object sender, EventArgs e)' doesn't match the target delegate 'EventHandler<TappedEventArgs>' (possibly because of nullability attributes). [D:\STUDY\C#\TasteTourApp\TasteTourApp\TasteTourApp.csproj::TargetFramework=net10.0-maccatalyst]
D:\STUDY\C#\TasteTourApp\TasteTourApp\obj\Debug\net10.0-maccatalyst\maccatalyst-x64\Microsoft.Maui.Controls.SourceGen\Microsoft.Maui.Controls.SourceGen.XamlGenerator\Views_ProfilePage.xaml.xsg.cs(970,35): warning CS8622: Nullability of reference types in type of parameter 'sender' of 'void ProfilePage.TTSVoice_Tapped(object sender, EventArgs e)' doesn't match the target delegate 'EventHandler<TappedEventArgs>' (possibly because of nullability attributes). [D:\STUDY\C#\TasteTourApp\TasteTourApp\TasteTourApp.csproj::TargetFramework=net10.0-maccatalyst]
D:\STUDY\C#\TasteTourApp\TasteTourApp\obj\Debug\net10.0-maccatalyst\maccatalyst-x64\Microsoft.Maui.Controls.SourceGen\Microsoft.Maui.Controls.SourceGen.XamlGenerator\Views_ProfilePage.xaml.xsg.cs(1013,35): warning CS8622: Nullability of reference types in type of parameter 'sender' of 'void ProfilePage.GPSSensitivity_Tapped(object sender, EventArgs e)' doesn't match the target delegate 'EventHandler<TappedEventArgs>' (possibly because of nullability attributes). [D:\STUDY\C#\TasteTourApp\TasteTourApp\TasteTourApp.csproj::TargetFramework=net10.0-maccatalyst]
D:\STUDY\C#\TasteTourApp\TasteTourApp\obj\Debug\net10.0-maccatalyst\maccatalyst-x64\Microsoft.Maui.Controls.SourceGen\Microsoft.Maui.Controls.SourceGen.XamlGenerator\Views_ProfilePage.xaml.xsg.cs(1056,35): warning CS8622: Nullability of reference types in type of parameter 'sender' of 'void ProfilePage.OfflineData_Tapped(object sender, EventArgs e)' doesn't match the target delegate 'EventHandler<TappedEventArgs>' (possibly because of nullability attributes). [D:\STUDY\C#\TasteTourApp\TasteTourApp\TasteTourApp.csproj::TargetFramework=net10.0-maccatalyst]
D:\STUDY\C#\TasteTourApp\TasteTourApp\obj\Debug\net10.0-maccatalyst\maccatalyst-x64\Microsoft.Maui.Controls.SourceGen\Microsoft.Maui.Controls.SourceGen.XamlGenerator\Views_ProfilePage.xaml.xsg.cs(1135,35): warning CS8622: Nullability of reference types in type of parameter 'sender' of 'void ProfilePage.DangXuat_Tapped(object sender, EventArgs e)' doesn't match the target delegate 'EventHandler<TappedEventArgs>' (possibly because of nullability attributes). [D:\STUDY\C#\TasteTourApp\TasteTourApp\TasteTourApp.csproj::TargetFramework=net10.0-maccatalyst]
D:\STUDY\C#\TasteTourApp\TasteTourApp\obj\Debug\net10.0-maccatalyst\maccatalyst-x64\Microsoft.Maui.Controls.SourceGen\Microsoft.Maui.Controls.SourceGen.XamlGenerator\Views_ProfilePage.xaml.xsg.cs(1212,35): warning CS8622: Nullability of reference types in type of parameter 'sender' of 'void ProfilePage.NavExplore_Tapped(object sender, EventArgs e)' doesn't match the target delegate 'EventHandler<TappedEventArgs>' (possibly because of nullability attributes). [D:\STUDY\C#\TasteTourApp\TasteTourApp\TasteTourApp.csproj::TargetFramework=net10.0-maccatalyst]
D:\STUDY\C#\TasteTourApp\TasteTourApp\obj\Debug\net10.0-maccatalyst\maccatalyst-x64\Microsoft.Maui.Controls.SourceGen\Microsoft.Maui.Controls.SourceGen.XamlGenerator\Views_ProfilePage.xaml.xsg.cs(1226,35): warning CS8622: Nullability of reference types in type of parameter 'sender' of 'void ProfilePage.NavTours_Tapped(object sender, EventArgs e)' doesn't match the target delegate 'EventHandler<TappedEventArgs>' (possibly because of nullability attributes). [D:\STUDY\C#\TasteTourApp\TasteTourApp\TasteTourApp.csproj::TargetFramework=net10.0-maccatalyst]
D:\STUDY\C#\TasteTourApp\TasteTourApp\obj\Debug\net10.0-maccatalyst\maccatalyst-x64\Microsoft.Maui.Controls.SourceGen\Microsoft.Maui.Controls.SourceGen.XamlGenerator\Views_ProfilePage.xaml.xsg.cs(1240,35): warning CS8622: Nullability of reference types in type of parameter 'sender' of 'void ProfilePage.NavSaved_Tapped(object sender, EventArgs e)' doesn't match the target delegate 'EventHandler<TappedEventArgs>' (possibly because of nullability attributes). [D:\STUDY\C#\TasteTourApp\TasteTourApp\TasteTourApp.csproj::TargetFramework=net10.0-maccatalyst]
D:\STUDY\C#\TasteTourApp\TasteTourApp\obj\Debug\net10.0-maccatalyst\maccatalyst-x64\Microsoft.Maui.Controls.SourceGen\Microsoft.Maui.Controls.SourceGen.XamlGenerator\Views_MainPage.xaml.xsg.cs(670,82): warning CS0618: 'LayoutOptions.FillAndExpand' is obsolete: 'The StackLayout expansion options are deprecated; please use a Grid instead.' [D:\STUDY\C#\TasteTourApp\TasteTourApp\TasteTourApp.csproj::TargetFramework=net10.0-maccatalyst]
D:\STUDY\C#\TasteTourApp\TasteTourApp\obj\Debug\net10.0-maccatalyst\maccatalyst-x64\Microsoft.Maui.Controls.SourceGen\Microsoft.Maui.Controls.SourceGen.XamlGenerator\Views_MainPage.xaml.xsg.cs(671,84): warning CS0618: 'LayoutOptions.FillAndExpand' is obsolete: 'The StackLayout expansion options are deprecated; please use a Grid instead.' [D:\STUDY\C#\TasteTourApp\TasteTourApp\TasteTourApp.csproj::TargetFramework=net10.0-maccatalyst]
D:\STUDY\C#\TasteTourApp\TasteTourApp\obj\Debug\net10.0-maccatalyst\maccatalyst-x64\Microsoft.Maui.Controls.SourceGen\Microsoft.Maui.Controls.SourceGen.XamlGenerator\Views_MainPage.xaml.xsg.cs(673,25): warning CS8622: Nullability of reference types in type of parameter 'sender' of 'void MainPage.BanDoWebView_Navigating(object sender, WebNavigatingEventArgs e)' doesn't match the target delegate 'EventHandler<WebNavigatingEventArgs>' (possibly because of nullability attributes). [D:\STUDY\C#\TasteTourApp\TasteTourApp\TasteTourApp.csproj::TargetFramework=net10.0-maccatalyst]
D:\STUDY\C#\TasteTourApp\TasteTourApp\obj\Debug\net10.0-maccatalyst\maccatalyst-x64\Microsoft.Maui.Controls.SourceGen\Microsoft.Maui.Controls.SourceGen.XamlGenerator\Views_MainPage.xaml.xsg.cs(766,34): warning CS8622: Nullability of reference types in type of parameter 'sender' of 'void MainPage.BtnLocateMe_Tapped(object sender, EventArgs e)' doesn't match the target delegate 'EventHandler<TappedEventArgs>' (possibly because of nullability attributes). [D:\STUDY\C#\TasteTourApp\TasteTourApp\TasteTourApp.csproj::TargetFramework=net10.0-maccatalyst]
D:\STUDY\C#\TasteTourApp\TasteTourApp\obj\Debug\net10.0-maccatalyst\maccatalyst-x64\Microsoft.Maui.Controls.SourceGen\Microsoft.Maui.Controls.SourceGen.XamlGenerator\Views_MainPage.xaml.xsg.cs(784,38): warning CS8622: Nullability of reference types in type of parameter 'sender' of 'void MainPage.BottomSheet_PanUpdated(object sender, PanUpdatedEventArgs e)' doesn't match the target delegate 'EventHandler<PanUpdatedEventArgs>' (possibly because of nullability attributes). [D:\STUDY\C#\TasteTourApp\TasteTourApp\TasteTourApp.csproj::TargetFramework=net10.0-maccatalyst]
D:\STUDY\C#\TasteTourApp\TasteTourApp\obj\Debug\net10.0-maccatalyst\maccatalyst-x64\Microsoft.Maui.Controls.SourceGen\Microsoft.Maui.Controls.SourceGen.XamlGenerator\Views_MainPage.xaml.xsg.cs(822,35): warning CS8622: Nullability of reference types in type of parameter 'sender' of 'void MainPage.NearestPoi_Tapped(object sender, EventArgs e)' doesn't match the target delegate 'EventHandler<TappedEventArgs>' (possibly because of nullability attributes). [D:\STUDY\C#\TasteTourApp\TasteTourApp\TasteTourApp.csproj::TargetFramework=net10.0-maccatalyst]
D:\STUDY\C#\TasteTourApp\TasteTourApp\obj\Debug\net10.0-maccatalyst\maccatalyst-x64\Microsoft.Maui.Controls.SourceGen\Microsoft.Maui.Controls.SourceGen.XamlGenerator\Views_MainPage.xaml.xsg.cs(908,35): warning CS8622: Nullability of reference types in type of parameter 'sender' of 'void MainPage.BtnDong_Tapped(object sender, EventArgs e)' doesn't match the target delegate 'EventHandler<TappedEventArgs>' (possibly because of nullability attributes). [D:\STUDY\C#\TasteTourApp\TasteTourApp\TasteTourApp.csproj::TargetFramework=net10.0-maccatalyst]
D:\STUDY\C#\TasteTourApp\TasteTourApp\obj\Debug\net10.0-maccatalyst\maccatalyst-x64\Microsoft.Maui.Controls.SourceGen\Microsoft.Maui.Controls.SourceGen.XamlGenerator\Views_MainPage.xaml.xsg.cs(980,35): warning CS8622: Nullability of reference types in type of parameter 'sender' of 'void MainPage.BtnHeartPoi_Tapped(object sender, EventArgs e)' doesn't match the target delegate 'EventHandler<TappedEventArgs>' (possibly because of nullability attributes). [D:\STUDY\C#\TasteTourApp\TasteTourApp\TasteTourApp.csproj::TargetFramework=net10.0-maccatalyst]
D:\STUDY\C#\TasteTourApp\TasteTourApp\obj\Debug\net10.0-maccatalyst\maccatalyst-x64\Microsoft.Maui.Controls.SourceGen\Microsoft.Maui.Controls.SourceGen.XamlGenerator\Views_MainPage.xaml.xsg.cs(1026,35): warning CS8622: Nullability of reference types in type of parameter 'sender' of 'void MainPage.BtnPlay_Tapped(object sender, EventArgs e)' doesn't match the target delegate 'EventHandler<TappedEventArgs>' (possibly because of nullability attributes). [D:\STUDY\C#\TasteTourApp\TasteTourApp\TasteTourApp.csproj::TargetFramework=net10.0-maccatalyst]
D:\STUDY\C#\TasteTourApp\TasteTourApp\obj\Debug\net10.0-maccatalyst\maccatalyst-x64\Microsoft.Maui.Controls.SourceGen\Microsoft.Maui.Controls.SourceGen.XamlGenerator\Views_MainPage.xaml.xsg.cs(1064,35): warning CS8622: Nullability of reference types in type of parameter 'sender' of 'void MainPage.BtnChiDuong_Tapped(object sender, EventArgs e)' doesn't match the target delegate 'EventHandler<TappedEventArgs>' (possibly because of nullability attributes). [D:\STUDY\C#\TasteTourApp\TasteTourApp\TasteTourApp.csproj::TargetFramework=net10.0-maccatalyst]
D:\STUDY\C#\TasteTourApp\TasteTourApp\obj\Debug\net10.0-maccatalyst\maccatalyst-x64\Microsoft.Maui.Controls.SourceGen\Microsoft.Maui.Controls.SourceGen.XamlGenerator\Views_MainPage.xaml.xsg.cs(1084,35): warning CS8622: Nullability of reference types in type of parameter 'sender' of 'void MainPage.BtnNgheThuyetMinh_Tapped(object sender, EventArgs e)' doesn't match the target delegate 'EventHandler<TappedEventArgs>' (possibly because of nullability attributes). [D:\STUDY\C#\TasteTourApp\TasteTourApp\TasteTourApp.csproj::TargetFramework=net10.0-maccatalyst]
D:\STUDY\C#\TasteTourApp\TasteTourApp\obj\Debug\net10.0-maccatalyst\maccatalyst-x64\Microsoft.Maui.Controls.SourceGen\Microsoft.Maui.Controls.SourceGen.XamlGenerator\Views_MainPage.xaml.xsg.cs(1127,35): warning CS8622: Nullability of reference types in type of parameter 'sender' of 'void MainPage.NavTours_Tapped(object sender, EventArgs e)' doesn't match the target delegate 'EventHandler<TappedEventArgs>' (possibly because of nullability attributes). [D:\STUDY\C#\TasteTourApp\TasteTourApp\TasteTourApp.csproj::TargetFramework=net10.0-maccatalyst]
D:\STUDY\C#\TasteTourApp\TasteTourApp\obj\Debug\net10.0-maccatalyst\maccatalyst-x64\Microsoft.Maui.Controls.SourceGen\Microsoft.Maui.Controls.SourceGen.XamlGenerator\Views_MainPage.xaml.xsg.cs(1141,35): warning CS8622: Nullability of reference types in type of parameter 'sender' of 'void MainPage.NavSaved_Tapped(object sender, EventArgs e)' doesn't match the target delegate 'EventHandler<TappedEventArgs>' (possibly because of nullability attributes). [D:\STUDY\C#\TasteTourApp\TasteTourApp\TasteTourApp.csproj::TargetFramework=net10.0-maccatalyst]
D:\STUDY\C#\TasteTourApp\TasteTourApp\obj\Debug\net10.0-maccatalyst\maccatalyst-x64\Microsoft.Maui.Controls.SourceGen\Microsoft.Maui.Controls.SourceGen.XamlGenerator\Views_MainPage.xaml.xsg.cs(1155,35): warning CS8622: Nullability of reference types in type of parameter 'sender' of 'void MainPage.NavProfile_Tapped(object sender, EventArgs e)' doesn't match the target delegate 'EventHandler<TappedEventArgs>' (possibly because of nullability attributes). [D:\STUDY\C#\TasteTourApp\TasteTourApp\TasteTourApp.csproj::TargetFramework=net10.0-maccatalyst]
D:\STUDY\C#\TasteTourApp\TasteTourApp\Views\MainPage.xaml.cs(22,18): warning CS0414: The field 'MainPage._isSheetExpanded' is assigned but its value is never used [D:\STUDY\C#\TasteTourApp\TasteTourApp\TasteTourApp.csproj::TargetFramework=net10.0-maccatalyst]
D:\STUDY\C#\TasteTourApp\TasteTourApp\Views\TourPage.xaml.cs(18,13): warning CS0618: 'Application.MainPage.set' is obsolete: 'This property is deprecated. Initialize your application by overriding Application.CreateWindow rather than setting MainPage. To modify the root page in an active application, use Windows[0].Page for applications with a single window. For applications with multiple windows, use Application.Windows to identify and update the root page on the correct window.  Additionally, each element features a Window property, accessible when it's part of the current window.' [D:\STUDY\C#\TasteTourApp\TasteTourApp\TasteTourApp.csproj::TargetFramework=net10.0-ios]
D:\STUDY\C#\TasteTourApp\TasteTourApp\Views\TourPage.xaml.cs(37,13): warning CS0618: 'Application.MainPage.set' is obsolete: 'This property is deprecated. Initialize your application by overriding Application.CreateWindow rather than setting MainPage. To modify the root page in an active application, use Windows[0].Page for applications with a single window. For applications with multiple windows, use Application.Windows to identify and update the root page on the correct window.  Additionally, each element features a Window property, accessible when it's part of the current window.' [D:\STUDY\C#\TasteTourApp\TasteTourApp\TasteTourApp.csproj::TargetFramework=net10.0-ios]
D:\STUDY\C#\TasteTourApp\TasteTourApp\Views\TourPage.xaml.cs(50,13): warning CS0618: 'Application.MainPage.set' is obsolete: 'This property is deprecated. Initialize your application by overriding Application.CreateWindow rather than setting MainPage. To modify the root page in an active application, use Windows[0].Page for applications with a single window. For applications with multiple windows, use Application.Windows to identify and update the root page on the correct window.  Additionally, each element features a Window property, accessible when it's part of the current window.' [D:\STUDY\C#\TasteTourApp\TasteTourApp\TasteTourApp.csproj::TargetFramework=net10.0-ios]
D:\STUDY\C#\TasteTourApp\TasteTourApp\Models\QuanAn.cs(11,23): warning CS8618: Non-nullable property 'Id' must contain a non-null value when exiting constructor. Consider adding the 'required' modifier or declaring the property as nullable. [D:\STUDY\C#\TasteTourApp\TasteTourApp\TasteTourApp.csproj::TargetFramework=net10.0-ios]
D:\STUDY\C#\TasteTourApp\TasteTourApp\Models\QuanAn.cs(13,23): warning CS8618: Non-nullable property 'TenQuan' must contain a non-null value when exiting constructor. Consider adding the 'required' modifier or declaring the property as nullable. [D:\STUDY\C#\TasteTourApp\TasteTourApp\TasteTourApp.csproj::TargetFramework=net10.0-ios]
D:\STUDY\C#\TasteTourApp\TasteTourApp\Models\QuanAn.cs(14,23): warning CS8618: Non-nullable property 'MoTa' must contain a non-null value when exiting constructor. Consider adding the 'required' modifier or declaring the property as nullable. [D:\STUDY\C#\TasteTourApp\TasteTourApp\TasteTourApp.csproj::TargetFramework=net10.0-ios]
D:\STUDY\C#\TasteTourApp\TasteTourApp\Models\QuanAn.cs(17,23): warning CS8618: Non-nullable property 'HinhAnh' must contain a non-null value when exiting constructor. Consider adding the 'required' modifier or declaring the property as nullable. [D:\STUDY\C#\TasteTourApp\TasteTourApp\TasteTourApp.csproj::TargetFramework=net10.0-ios]
D:\STUDY\C#\TasteTourApp\TasteTourApp\Models\QuanAn.cs(18,23): warning CS8618: Non-nullable property 'LoaiQuan' must contain a non-null value when exiting constructor. Consider adding the 'required' modifier or declaring the property as nullable. [D:\STUDY\C#\TasteTourApp\TasteTourApp\TasteTourApp.csproj::TargetFramework=net10.0-ios]
D:\STUDY\C#\TasteTourApp\TasteTourApp\Views\LoginPage.xaml.cs(12,15): warning CS0618: 'Page.DisplayAlert(string, string, string)' is obsolete: 'Use DisplayAlertAsync instead' [D:\STUDY\C#\TasteTourApp\TasteTourApp\TasteTourApp.csproj::TargetFramework=net10.0-ios]
D:\STUDY\C#\TasteTourApp\TasteTourApp\Views\LoginPage.xaml.cs(25,13): warning CS0618: 'Application.MainPage.set' is obsolete: 'This property is deprecated. Initialize your application by overriding Application.CreateWindow rather than setting MainPage. To modify the root page in an active application, use Windows[0].Page for applications with a single window. For applications with multiple windows, use Application.Windows to identify and update the root page on the correct window.  Additionally, each element features a Window property, accessible when it's part of the current window.' [D:\STUDY\C#\TasteTourApp\TasteTourApp\TasteTourApp.csproj::TargetFramework=net10.0-ios]
D:\STUDY\C#\TasteTourApp\TasteTourApp\Views\LoginPage.xaml.cs(31,15): warning CS0618: 'Page.DisplayAlert(string, string, string)' is obsolete: 'Use DisplayAlertAsync instead' [D:\STUDY\C#\TasteTourApp\TasteTourApp\TasteTourApp.csproj::TargetFramework=net10.0-ios]
D:\STUDY\C#\TasteTourApp\TasteTourApp\Views\LoginPage.xaml.cs(36,15): warning CS0618: 'Page.DisplayAlert(string, string, string)' is obsolete: 'Use DisplayAlertAsync instead' [D:\STUDY\C#\TasteTourApp\TasteTourApp\TasteTourApp.csproj::TargetFramework=net10.0-ios]
D:\STUDY\C#\TasteTourApp\TasteTourApp\Views\LoginPage.xaml.cs(44,13): warning CS0618: 'Application.MainPage.set' is obsolete: 'This property is deprecated. Initialize your application by overriding Application.CreateWindow rather than setting MainPage. To modify the root page in an active application, use Windows[0].Page for applications with a single window. For applications with multiple windows, use Application.Windows to identify and update the root page on the correct window.  Additionally, each element features a Window property, accessible when it's part of the current window.' [D:\STUDY\C#\TasteTourApp\TasteTourApp\TasteTourApp.csproj::TargetFramework=net10.0-ios]
D:\STUDY\C#\TasteTourApp\TasteTourApp\Views\LoginPage.xaml.cs(50,15): warning CS0618: 'Page.DisplayAlert(string, string, string)' is obsolete: 'Use DisplayAlertAsync instead' [D:\STUDY\C#\TasteTourApp\TasteTourApp\TasteTourApp.csproj::TargetFramework=net10.0-ios]
D:\STUDY\C#\TasteTourApp\TasteTourApp\Views\ProfilePage.xaml.cs(17,13): warning CS0618: 'Application.MainPage.set' is obsolete: 'This property is deprecated. Initialize your application by overriding Application.CreateWindow rather than setting MainPage. To modify the root page in an active application, use Windows[0].Page for applications with a single window. For applications with multiple windows, use Application.Windows to identify and update the root page on the correct window.  Additionally, each element features a Window property, accessible when it's part of the current window.' [D:\STUDY\C#\TasteTourApp\TasteTourApp\TasteTourApp.csproj::TargetFramework=net10.0-ios]
D:\STUDY\C#\TasteTourApp\TasteTourApp\Views\ProfilePage.xaml.cs(25,13): warning CS0618: 'Application.MainPage.set' is obsolete: 'This property is deprecated. Initialize your application by overriding Application.CreateWindow rather than setting MainPage. To modify the root page in an active application, use Windows[0].Page for applications with a single window. For applications with multiple windows, use Application.Windows to identify and update the root page on the correct window.  Additionally, each element features a Window property, accessible when it's part of the current window.' [D:\STUDY\C#\TasteTourApp\TasteTourApp\TasteTourApp.csproj::TargetFramework=net10.0-ios]
D:\STUDY\C#\TasteTourApp\TasteTourApp\Views\ProfilePage.xaml.cs(36,29): warning CS0618: 'Page.DisplayAlert(string, string, string, string)' is obsolete: 'Use DisplayAlertAsync instead' [D:\STUDY\C#\TasteTourApp\TasteTourApp\TasteTourApp.csproj::TargetFramework=net10.0-ios]
D:\STUDY\C#\TasteTourApp\TasteTourApp\Views\ProfilePage.xaml.cs(39,13): warning CS0618: 'Application.MainPage.set' is obsolete: 'This property is deprecated. Initialize your application by overriding Application.CreateWindow rather than setting MainPage. To modify the root page in an active application, use Windows[0].Page for applications with a single window. For applications with multiple windows, use Application.Windows to identify and update the root page on the correct window.  Additionally, each element features a Window property, accessible when it's part of the current window.' [D:\STUDY\C#\TasteTourApp\TasteTourApp\TasteTourApp.csproj::TargetFramework=net10.0-ios]
D:\STUDY\C#\TasteTourApp\TasteTourApp\Views\ProfilePage.xaml.cs(51,15): warning CS0618: 'ViewExtensions.RotateTo(VisualElement, double, uint, Easing?)' is obsolete: 'Please use RotateToAsync instead.' [D:\STUDY\C#\TasteTourApp\TasteTourApp\TasteTourApp.csproj::TargetFramework=net10.0-ios]
D:\STUDY\C#\TasteTourApp\TasteTourApp\Views\ProfilePage.xaml.cs(77,31): warning CS0618: 'Page.DisplayActionSheet(string, string, string, params string[])' is obsolete: 'Use DisplayActionSheetAsync instead' [D:\STUDY\C#\TasteTourApp\TasteTourApp\TasteTourApp.csproj::TargetFramework=net10.0-ios]
D:\STUDY\C#\TasteTourApp\TasteTourApp\Views\ProfilePage.xaml.cs(89,27): warning CS0618: 'Page.DisplayAlert(string, string, string)' is obsolete: 'Use DisplayAlertAsync instead' [D:\STUDY\C#\TasteTourApp\TasteTourApp\TasteTourApp.csproj::TargetFramework=net10.0-ios]
D:\STUDY\C#\TasteTourApp\TasteTourApp\Services\DatabaseServices.cs(16,39): warning CS8618: Non-nullable field '_db' must contain a non-null value when exiting constructor. Consider adding the 'required' modifier or declaring the field as nullable. [D:\STUDY\C#\TasteTourApp\TasteTourApp\TasteTourApp.csproj::TargetFramework=net10.0-ios]
D:\STUDY\C#\TasteTourApp\TasteTourApp\Views\ProfilePage.xaml.cs(101,31): warning CS0618: 'Page.DisplayActionSheet(string, string, string, params string[])' is obsolete: 'Use DisplayActionSheetAsync instead' [D:\STUDY\C#\TasteTourApp\TasteTourApp\TasteTourApp.csproj::TargetFramework=net10.0-ios]
D:\STUDY\C#\TasteTourApp\TasteTourApp\Views\ProfilePage.xaml.cs(104,19): warning CS0618: 'Page.DisplayAlert(string, string, string)' is obsolete: 'Use DisplayAlertAsync instead' [D:\STUDY\C#\TasteTourApp\TasteTourApp\TasteTourApp.csproj::TargetFramework=net10.0-ios]
D:\STUDY\C#\TasteTourApp\TasteTourApp\Views\ProfilePage.xaml.cs(111,31): warning CS0618: 'Page.DisplayActionSheet(string, string, string, params string[])' is obsolete: 'Use DisplayActionSheetAsync instead' [D:\STUDY\C#\TasteTourApp\TasteTourApp\TasteTourApp.csproj::TargetFramework=net10.0-ios]
D:\STUDY\C#\TasteTourApp\TasteTourApp\Views\ProfilePage.xaml.cs(116,38): warning CS0618: 'Page.DisplayAlert(string, string, string, string)' is obsolete: 'Use DisplayAlertAsync instead' [D:\STUDY\C#\TasteTourApp\TasteTourApp\TasteTourApp.csproj::TargetFramework=net10.0-ios]
D:\STUDY\C#\TasteTourApp\TasteTourApp\Views\ProfilePage.xaml.cs(119,27): warning CS0618: 'Page.DisplayAlert(string, string, string)' is obsolete: 'Use DisplayAlertAsync instead' [D:\STUDY\C#\TasteTourApp\TasteTourApp\TasteTourApp.csproj::TargetFramework=net10.0-ios]
D:\STUDY\C#\TasteTourApp\TasteTourApp\Views\ProfilePage.xaml.cs(124,23): warning CS0618: 'Page.DisplayAlert(string, string, string)' is obsolete: 'Use DisplayAlertAsync instead' [D:\STUDY\C#\TasteTourApp\TasteTourApp\TasteTourApp.csproj::TargetFramework=net10.0-ios]
D:\STUDY\C#\TasteTourApp\TasteTourApp\Views\SavedPage.xaml.cs(208,23): warning CS0618: 'ViewExtensions.ScaleTo(VisualElement, double, uint, Easing?)' is obsolete: 'Please use ScaleToAsync instead.' [D:\STUDY\C#\TasteTourApp\TasteTourApp\TasteTourApp.csproj::TargetFramework=net10.0-ios]
D:\STUDY\C#\TasteTourApp\TasteTourApp\Views\SavedPage.xaml.cs(258,13): warning CS0618: 'Application.MainPage.set' is obsolete: 'This property is deprecated. Initialize your application by overriding Application.CreateWindow rather than setting MainPage. To modify the root page in an active application, use Windows[0].Page for applications with a single window. For applications with multiple windows, use Application.Windows to identify and update the root page on the correct window.  Additionally, each element features a Window property, accessible when it's part of the current window.' [D:\STUDY\C#\TasteTourApp\TasteTourApp\TasteTourApp.csproj::TargetFramework=net10.0-ios]
D:\STUDY\C#\TasteTourApp\TasteTourApp\Views\SavedPage.xaml.cs(268,33): warning CS0618: 'Application.MainPage.get' is obsolete: 'This property has been deprecated. For single-window applications, use Windows[0].Page. For multi-window applications, identify and use the appropriate Window object to access the desired Page. Additionally, each element features a Window property, accessible when it's part of the current window.' [D:\STUDY\C#\TasteTourApp\TasteTourApp\TasteTourApp.csproj::TargetFramework=net10.0-ios]
D:\STUDY\C#\TasteTourApp\TasteTourApp\Views\SavedPage.xaml.cs(278,33): warning CS0618: 'Application.MainPage.get' is obsolete: 'This property has been deprecated. For single-window applications, use Windows[0].Page. For multi-window applications, identify and use the appropriate Window object to access the desired Page. Additionally, each element features a Window property, accessible when it's part of the current window.' [D:\STUDY\C#\TasteTourApp\TasteTourApp\TasteTourApp.csproj::TargetFramework=net10.0-ios]
D:\STUDY\C#\TasteTourApp\TasteTourApp\obj\Debug\net10.0-ios\iossimulator-x64\Microsoft.Maui.Controls.SourceGen\Microsoft.Maui.Controls.SourceGen.XamlGenerator\Views_SavedPage.xaml.xsg.cs(340,24): warning CS8622: Nullability of reference types in type of parameter 'sender' of 'void SavedPage.SearchEntry_TextChanged(object sender, TextChangedEventArgs e)' doesn't match the target delegate 'EventHandler<TextChangedEventArgs>' (possibly because of nullability attributes). [D:\STUDY\C#\TasteTourApp\TasteTourApp\TasteTourApp.csproj::TargetFramework=net10.0-ios]
D:\STUDY\C#\TasteTourApp\TasteTourApp\obj\Debug\net10.0-ios\iossimulator-x64\Microsoft.Maui.Controls.SourceGen\Microsoft.Maui.Controls.SourceGen.XamlGenerator\Views_SavedPage.xaml.xsg.cs(473,34): warning CS8622: Nullability of reference types in type of parameter 'sender' of 'void SavedPage.NavHome_Tapped(object sender, EventArgs e)' doesn't match the target delegate 'EventHandler<TappedEventArgs>' (possibly because of nullability attributes). [D:\STUDY\C#\TasteTourApp\TasteTourApp\TasteTourApp.csproj::TargetFramework=net10.0-ios]
D:\STUDY\C#\TasteTourApp\TasteTourApp\obj\Debug\net10.0-ios\iossimulator-x64\Microsoft.Maui.Controls.SourceGen\Microsoft.Maui.Controls.SourceGen.XamlGenerator\Views_SavedPage.xaml.xsg.cs(487,35): warning CS8622: Nullability of reference types in type of parameter 'sender' of 'void SavedPage.NavTours_Tapped(object sender, EventArgs e)' doesn't match the target delegate 'EventHandler<TappedEventArgs>' (possibly because of nullability attributes). [D:\STUDY\C#\TasteTourApp\TasteTourApp\TasteTourApp.csproj::TargetFramework=net10.0-ios]
D:\STUDY\C#\TasteTourApp\TasteTourApp\obj\Debug\net10.0-ios\iossimulator-x64\Microsoft.Maui.Controls.SourceGen\Microsoft.Maui.Controls.SourceGen.XamlGenerator\Views_SavedPage.xaml.xsg.cs(517,35): warning CS8622: Nullability of reference types in type of parameter 'sender' of 'void SavedPage.NavProfile_Tapped(object sender, EventArgs e)' doesn't match the target delegate 'EventHandler<TappedEventArgs>' (possibly because of nullability attributes). [D:\STUDY\C#\TasteTourApp\TasteTourApp\TasteTourApp.csproj::TargetFramework=net10.0-ios]
D:\STUDY\C#\TasteTourApp\TasteTourApp\Views\MainPage.xaml.cs(645,13): warning CS0618: 'ViewExtensions.FadeTo(VisualElement, double, uint, Easing?)' is obsolete: 'Please use FadeToAsync instead.' [D:\STUDY\C#\TasteTourApp\TasteTourApp\TasteTourApp.csproj::TargetFramework=net10.0-ios]
D:\STUDY\C#\TasteTourApp\TasteTourApp\Views\MainPage.xaml.cs(646,13): warning CS0618: 'ViewExtensions.FadeTo(VisualElement, double, uint, Easing?)' is obsolete: 'Please use FadeToAsync instead.' [D:\STUDY\C#\TasteTourApp\TasteTourApp\TasteTourApp.csproj::TargetFramework=net10.0-ios]
D:\STUDY\C#\TasteTourApp\TasteTourApp\Views\MainPage.xaml.cs(652,15): warning CS0618: 'ViewExtensions.TranslateTo(VisualElement, double, double, uint, Easing?)' is obsolete: 'Please use TranslateToAsync instead.' [D:\STUDY\C#\TasteTourApp\TasteTourApp\TasteTourApp.csproj::TargetFramework=net10.0-ios]
D:\STUDY\C#\TasteTourApp\TasteTourApp\Views\MainPage.xaml.cs(666,15): warning CS0618: 'ViewExtensions.TranslateTo(VisualElement, double, double, uint, Easing?)' is obsolete: 'Please use TranslateToAsync instead.' [D:\STUDY\C#\TasteTourApp\TasteTourApp\TasteTourApp.csproj::TargetFramework=net10.0-ios]
D:\STUDY\C#\TasteTourApp\TasteTourApp\Views\MainPage.xaml.cs(675,13): warning CS0618: 'ViewExtensions.FadeTo(VisualElement, double, uint, Easing?)' is obsolete: 'Please use FadeToAsync instead.' [D:\STUDY\C#\TasteTourApp\TasteTourApp\TasteTourApp.csproj::TargetFramework=net10.0-ios]
D:\STUDY\C#\TasteTourApp\TasteTourApp\Views\MainPage.xaml.cs(676,13): warning CS0618: 'ViewExtensions.FadeTo(VisualElement, double, uint, Easing?)' is obsolete: 'Please use FadeToAsync instead.' [D:\STUDY\C#\TasteTourApp\TasteTourApp\TasteTourApp.csproj::TargetFramework=net10.0-ios]
D:\STUDY\C#\TasteTourApp\TasteTourApp\obj\Debug\net10.0-ios\iossimulator-x64\Microsoft.Maui.Controls.SourceGen\Microsoft.Maui.Controls.SourceGen.XamlGenerator\Views_LoginPage.xaml.xsg.cs(383,34): warning CS8622: Nullability of reference types in type of parameter 'sender' of 'void LoginPage.QuenMatKhau_Tapped(object sender, EventArgs e)' doesn't match the target delegate 'EventHandler<TappedEventArgs>' (possibly because of nullability attributes). [D:\STUDY\C#\TasteTourApp\TasteTourApp\TasteTourApp.csproj::TargetFramework=net10.0-ios]
D:\STUDY\C#\TasteTourApp\TasteTourApp\obj\Debug\net10.0-ios\iossimulator-x64\Microsoft.Maui.Controls.SourceGen\Microsoft.Maui.Controls.SourceGen.XamlGenerator\Views_LoginPage.xaml.xsg.cs(421,35): warning CS8622: Nullability of reference types in type of parameter 'sender' of 'void LoginPage.DangNhap_Tapped(object sender, EventArgs e)' doesn't match the target delegate 'EventHandler<TappedEventArgs>' (possibly because of nullability attributes). [D:\STUDY\C#\TasteTourApp\TasteTourApp\TasteTourApp.csproj::TargetFramework=net10.0-ios]
D:\STUDY\C#\TasteTourApp\TasteTourApp\obj\Debug\net10.0-ios\iossimulator-x64\Microsoft.Maui.Controls.SourceGen\Microsoft.Maui.Controls.SourceGen.XamlGenerator\Views_LoginPage.xaml.xsg.cs(469,35): warning CS8622: Nullability of reference types in type of parameter 'sender' of 'void LoginPage.Google_Tapped(object sender, EventArgs e)' doesn't match the target delegate 'EventHandler<TappedEventArgs>' (possibly because of nullability attributes). [D:\STUDY\C#\TasteTourApp\TasteTourApp\TasteTourApp.csproj::TargetFramework=net10.0-ios]
D:\STUDY\C#\TasteTourApp\TasteTourApp\obj\Debug\net10.0-ios\iossimulator-x64\Microsoft.Maui.Controls.SourceGen\Microsoft.Maui.Controls.SourceGen.XamlGenerator\Views_LoginPage.xaml.xsg.cs(492,35): warning CS8622: Nullability of reference types in type of parameter 'sender' of 'void LoginPage.Apple_Tapped(object sender, EventArgs e)' doesn't match the target delegate 'EventHandler<TappedEventArgs>' (possibly because of nullability attributes). [D:\STUDY\C#\TasteTourApp\TasteTourApp\TasteTourApp.csproj::TargetFramework=net10.0-ios]
D:\STUDY\C#\TasteTourApp\TasteTourApp\obj\Debug\net10.0-ios\iossimulator-x64\Microsoft.Maui.Controls.SourceGen\Microsoft.Maui.Controls.SourceGen.XamlGenerator\Views_LoginPage.xaml.xsg.cs(513,35): warning CS8622: Nullability of reference types in type of parameter 'sender' of 'void LoginPage.Khach_Tapped(object sender, EventArgs e)' doesn't match the target delegate 'EventHandler<TappedEventArgs>' (possibly because of nullability attributes). [D:\STUDY\C#\TasteTourApp\TasteTourApp\TasteTourApp.csproj::TargetFramework=net10.0-ios]
D:\STUDY\C#\TasteTourApp\TasteTourApp\obj\Debug\net10.0-ios\iossimulator-x64\Microsoft.Maui.Controls.SourceGen\Microsoft.Maui.Controls.SourceGen.XamlGenerator\Views_LoginPage.xaml.xsg.cs(542,35): warning CS8622: Nullability of reference types in type of parameter 'sender' of 'void LoginPage.TaoTaiKhoan_Tapped(object sender, EventArgs e)' doesn't match the target delegate 'EventHandler<TappedEventArgs>' (possibly because of nullability attributes). [D:\STUDY\C#\TasteTourApp\TasteTourApp\TasteTourApp.csproj::TargetFramework=net10.0-ios]
D:\STUDY\C#\TasteTourApp\TasteTourApp\Views\MainPage.xaml.cs(864,13): warning CS0618: 'Application.MainPage.set' is obsolete: 'This property is deprecated. Initialize your application by overriding Application.CreateWindow rather than setting MainPage. To modify the root page in an active application, use Windows[0].Page for applications with a single window. For applications with multiple windows, use Application.Windows to identify and update the root page on the correct window.  Additionally, each element features a Window property, accessible when it's part of the current window.' [D:\STUDY\C#\TasteTourApp\TasteTourApp\TasteTourApp.csproj::TargetFramework=net10.0-ios]
D:\STUDY\C#\TasteTourApp\TasteTourApp\Views\MainPage.xaml.cs(874,13): warning CS0618: 'Application.MainPage.set' is obsolete: 'This property is deprecated. Initialize your application by overriding Application.CreateWindow rather than setting MainPage. To modify the root page in an active application, use Windows[0].Page for applications with a single window. For applications with multiple windows, use Application.Windows to identify and update the root page on the correct window.  Additionally, each element features a Window property, accessible when it's part of the current window.' [D:\STUDY\C#\TasteTourApp\TasteTourApp\TasteTourApp.csproj::TargetFramework=net10.0-ios]
D:\STUDY\C#\TasteTourApp\TasteTourApp\Views\MainPage.xaml.cs(882,13): warning CS0618: 'Application.MainPage.set' is obsolete: 'This property is deprecated. Initialize your application by overriding Application.CreateWindow rather than setting MainPage. To modify the root page in an active application, use Windows[0].Page for applications with a single window. For applications with multiple windows, use Application.Windows to identify and update the root page on the correct window.  Additionally, each element features a Window property, accessible when it's part of the current window.' [D:\STUDY\C#\TasteTourApp\TasteTourApp\TasteTourApp.csproj::TargetFramework=net10.0-ios]
D:\STUDY\C#\TasteTourApp\TasteTourApp\Views\MainPage.xaml.cs(901,15): warning CS0618: 'ViewExtensions.ScaleTo(VisualElement, double, uint, Easing?)' is obsolete: 'Please use ScaleToAsync instead.' [D:\STUDY\C#\TasteTourApp\TasteTourApp\TasteTourApp.csproj::TargetFramework=net10.0-ios]
D:\STUDY\C#\TasteTourApp\TasteTourApp\Views\MainPage.xaml.cs(902,15): warning CS0618: 'ViewExtensions.ScaleTo(VisualElement, double, uint, Easing?)' is obsolete: 'Please use ScaleToAsync instead.' [D:\STUDY\C#\TasteTourApp\TasteTourApp\TasteTourApp.csproj::TargetFramework=net10.0-ios]
D:\STUDY\C#\TasteTourApp\TasteTourApp\obj\Debug\net10.0-ios\iossimulator-x64\Microsoft.Maui.Controls.SourceGen\Microsoft.Maui.Controls.SourceGen.XamlGenerator\Views_TourPage.xaml.xsg.cs(862,34): warning CS8622: Nullability of reference types in type of parameter 'sender' of 'void TourPage.BtnBatDau_Tapped(object sender, EventArgs e)' doesn't match the target delegate 'EventHandler<TappedEventArgs>' (possibly because of nullability attributes). [D:\STUDY\C#\TasteTourApp\TasteTourApp\TasteTourApp.csproj::TargetFramework=net10.0-ios]
D:\STUDY\C#\TasteTourApp\TasteTourApp\obj\Debug\net10.0-ios\iossimulator-x64\Microsoft.Maui.Controls.SourceGen\Microsoft.Maui.Controls.SourceGen.XamlGenerator\Views_TourPage.xaml.xsg.cs(1465,35): warning CS8622: Nullability of reference types in type of parameter 'sender' of 'void TourPage.BtnCloseMini_Tapped(object sender, EventArgs e)' doesn't match the target delegate 'EventHandler<TappedEventArgs>' (possibly because of nullability attributes). [D:\STUDY\C#\TasteTourApp\TasteTourApp\TasteTourApp.csproj::TargetFramework=net10.0-ios]
D:\STUDY\C#\TasteTourApp\TasteTourApp\obj\Debug\net10.0-ios\iossimulator-x64\Microsoft.Maui.Controls.SourceGen\Microsoft.Maui.Controls.SourceGen.XamlGenerator\Views_TourPage.xaml.xsg.cs(1487,35): warning CS8622: Nullability of reference types in type of parameter 'sender' of 'void TourPage.NavExplore_Tapped(object sender, EventArgs e)' doesn't match the target delegate 'EventHandler<TappedEventArgs>' (possibly because of nullability attributes). [D:\STUDY\C#\TasteTourApp\TasteTourApp\TasteTourApp.csproj::TargetFramework=net10.0-ios]
D:\STUDY\C#\TasteTourApp\TasteTourApp\obj\Debug\net10.0-ios\iossimulator-x64\Microsoft.Maui.Controls.SourceGen\Microsoft.Maui.Controls.SourceGen.XamlGenerator\Views_TourPage.xaml.xsg.cs(1520,35): warning CS8622: Nullability of reference types in type of parameter 'sender' of 'void TourPage.NavSaved_Tapped(object sender, EventArgs e)' doesn't match the target delegate 'EventHandler<TappedEventArgs>' (possibly because of nullability attributes). [D:\STUDY\C#\TasteTourApp\TasteTourApp\TasteTourApp.csproj::TargetFramework=net10.0-ios]
D:\STUDY\C#\TasteTourApp\TasteTourApp\obj\Debug\net10.0-ios\iossimulator-x64\Microsoft.Maui.Controls.SourceGen\Microsoft.Maui.Controls.SourceGen.XamlGenerator\Views_TourPage.xaml.xsg.cs(1534,35): warning CS8622: Nullability of reference types in type of parameter 'sender' of 'void TourPage.NavProfile_Tapped(object sender, EventArgs e)' doesn't match the target delegate 'EventHandler<TappedEventArgs>' (possibly because of nullability attributes). [D:\STUDY\C#\TasteTourApp\TasteTourApp\TasteTourApp.csproj::TargetFramework=net10.0-ios]
D:\STUDY\C#\TasteTourApp\TasteTourApp\obj\Debug\net10.0-ios\iossimulator-x64\Microsoft.Maui.Controls.SourceGen\Microsoft.Maui.Controls.SourceGen.XamlGenerator\Views_ProfilePage.xaml.xsg.cs(930,34): warning CS8622: Nullability of reference types in type of parameter 'sender' of 'void ProfilePage.CaiDat_Tapped(object sender, EventArgs e)' doesn't match the target delegate 'EventHandler<TappedEventArgs>' (possibly because of nullability attributes). [D:\STUDY\C#\TasteTourApp\TasteTourApp\TasteTourApp.csproj::TargetFramework=net10.0-ios]
D:\STUDY\C#\TasteTourApp\TasteTourApp\obj\Debug\net10.0-ios\iossimulator-x64\Microsoft.Maui.Controls.SourceGen\Microsoft.Maui.Controls.SourceGen.XamlGenerator\Views_ProfilePage.xaml.xsg.cs(970,35): warning CS8622: Nullability of reference types in type of parameter 'sender' of 'void ProfilePage.TTSVoice_Tapped(object sender, EventArgs e)' doesn't match the target delegate 'EventHandler<TappedEventArgs>' (possibly because of nullability attributes). [D:\STUDY\C#\TasteTourApp\TasteTourApp\TasteTourApp.csproj::TargetFramework=net10.0-ios]
D:\STUDY\C#\TasteTourApp\TasteTourApp\obj\Debug\net10.0-ios\iossimulator-x64\Microsoft.Maui.Controls.SourceGen\Microsoft.Maui.Controls.SourceGen.XamlGenerator\Views_ProfilePage.xaml.xsg.cs(1013,35): warning CS8622: Nullability of reference types in type of parameter 'sender' of 'void ProfilePage.GPSSensitivity_Tapped(object sender, EventArgs e)' doesn't match the target delegate 'EventHandler<TappedEventArgs>' (possibly because of nullability attributes). [D:\STUDY\C#\TasteTourApp\TasteTourApp\TasteTourApp.csproj::TargetFramework=net10.0-ios]
D:\STUDY\C#\TasteTourApp\TasteTourApp\obj\Debug\net10.0-ios\iossimulator-x64\Microsoft.Maui.Controls.SourceGen\Microsoft.Maui.Controls.SourceGen.XamlGenerator\Views_ProfilePage.xaml.xsg.cs(1056,35): warning CS8622: Nullability of reference types in type of parameter 'sender' of 'void ProfilePage.OfflineData_Tapped(object sender, EventArgs e)' doesn't match the target delegate 'EventHandler<TappedEventArgs>' (possibly because of nullability attributes). [D:\STUDY\C#\TasteTourApp\TasteTourApp\TasteTourApp.csproj::TargetFramework=net10.0-ios]
D:\STUDY\C#\TasteTourApp\TasteTourApp\obj\Debug\net10.0-ios\iossimulator-x64\Microsoft.Maui.Controls.SourceGen\Microsoft.Maui.Controls.SourceGen.XamlGenerator\Views_ProfilePage.xaml.xsg.cs(1135,35): warning CS8622: Nullability of reference types in type of parameter 'sender' of 'void ProfilePage.DangXuat_Tapped(object sender, EventArgs e)' doesn't match the target delegate 'EventHandler<TappedEventArgs>' (possibly because of nullability attributes). [D:\STUDY\C#\TasteTourApp\TasteTourApp\TasteTourApp.csproj::TargetFramework=net10.0-ios]
D:\STUDY\C#\TasteTourApp\TasteTourApp\obj\Debug\net10.0-ios\iossimulator-x64\Microsoft.Maui.Controls.SourceGen\Microsoft.Maui.Controls.SourceGen.XamlGenerator\Views_ProfilePage.xaml.xsg.cs(1212,35): warning CS8622: Nullability of reference types in type of parameter 'sender' of 'void ProfilePage.NavExplore_Tapped(object sender, EventArgs e)' doesn't match the target delegate 'EventHandler<TappedEventArgs>' (possibly because of nullability attributes). [D:\STUDY\C#\TasteTourApp\TasteTourApp\TasteTourApp.csproj::TargetFramework=net10.0-ios]
D:\STUDY\C#\TasteTourApp\TasteTourApp\obj\Debug\net10.0-ios\iossimulator-x64\Microsoft.Maui.Controls.SourceGen\Microsoft.Maui.Controls.SourceGen.XamlGenerator\Views_ProfilePage.xaml.xsg.cs(1226,35): warning CS8622: Nullability of reference types in type of parameter 'sender' of 'void ProfilePage.NavTours_Tapped(object sender, EventArgs e)' doesn't match the target delegate 'EventHandler<TappedEventArgs>' (possibly because of nullability attributes). [D:\STUDY\C#\TasteTourApp\TasteTourApp\TasteTourApp.csproj::TargetFramework=net10.0-ios]
D:\STUDY\C#\TasteTourApp\TasteTourApp\obj\Debug\net10.0-ios\iossimulator-x64\Microsoft.Maui.Controls.SourceGen\Microsoft.Maui.Controls.SourceGen.XamlGenerator\Views_ProfilePage.xaml.xsg.cs(1240,35): warning CS8622: Nullability of reference types in type of parameter 'sender' of 'void ProfilePage.NavSaved_Tapped(object sender, EventArgs e)' doesn't match the target delegate 'EventHandler<TappedEventArgs>' (possibly because of nullability attributes). [D:\STUDY\C#\TasteTourApp\TasteTourApp\TasteTourApp.csproj::TargetFramework=net10.0-ios]
D:\STUDY\C#\TasteTourApp\TasteTourApp\obj\Debug\net10.0-ios\iossimulator-x64\Microsoft.Maui.Controls.SourceGen\Microsoft.Maui.Controls.SourceGen.XamlGenerator\Views_MainPage.xaml.xsg.cs(670,82): warning CS0618: 'LayoutOptions.FillAndExpand' is obsolete: 'The StackLayout expansion options are deprecated; please use a Grid instead.' [D:\STUDY\C#\TasteTourApp\TasteTourApp\TasteTourApp.csproj::TargetFramework=net10.0-ios]
D:\STUDY\C#\TasteTourApp\TasteTourApp\obj\Debug\net10.0-ios\iossimulator-x64\Microsoft.Maui.Controls.SourceGen\Microsoft.Maui.Controls.SourceGen.XamlGenerator\Views_MainPage.xaml.xsg.cs(671,84): warning CS0618: 'LayoutOptions.FillAndExpand' is obsolete: 'The StackLayout expansion options are deprecated; please use a Grid instead.' [D:\STUDY\C#\TasteTourApp\TasteTourApp\TasteTourApp.csproj::TargetFramework=net10.0-ios]
D:\STUDY\C#\TasteTourApp\TasteTourApp\obj\Debug\net10.0-ios\iossimulator-x64\Microsoft.Maui.Controls.SourceGen\Microsoft.Maui.Controls.SourceGen.XamlGenerator\Views_MainPage.xaml.xsg.cs(673,25): warning CS8622: Nullability of reference types in type of parameter 'sender' of 'void MainPage.BanDoWebView_Navigating(object sender, WebNavigatingEventArgs e)' doesn't match the target delegate 'EventHandler<WebNavigatingEventArgs>' (possibly because of nullability attributes). [D:\STUDY\C#\TasteTourApp\TasteTourApp\TasteTourApp.csproj::TargetFramework=net10.0-ios]
D:\STUDY\C#\TasteTourApp\TasteTourApp\obj\Debug\net10.0-ios\iossimulator-x64\Microsoft.Maui.Controls.SourceGen\Microsoft.Maui.Controls.SourceGen.XamlGenerator\Views_MainPage.xaml.xsg.cs(766,34): warning CS8622: Nullability of reference types in type of parameter 'sender' of 'void MainPage.BtnLocateMe_Tapped(object sender, EventArgs e)' doesn't match the target delegate 'EventHandler<TappedEventArgs>' (possibly because of nullability attributes). [D:\STUDY\C#\TasteTourApp\TasteTourApp\TasteTourApp.csproj::TargetFramework=net10.0-ios]
D:\STUDY\C#\TasteTourApp\TasteTourApp\obj\Debug\net10.0-ios\iossimulator-x64\Microsoft.Maui.Controls.SourceGen\Microsoft.Maui.Controls.SourceGen.XamlGenerator\Views_MainPage.xaml.xsg.cs(784,38): warning CS8622: Nullability of reference types in type of parameter 'sender' of 'void MainPage.BottomSheet_PanUpdated(object sender, PanUpdatedEventArgs e)' doesn't match the target delegate 'EventHandler<PanUpdatedEventArgs>' (possibly because of nullability attributes). [D:\STUDY\C#\TasteTourApp\TasteTourApp\TasteTourApp.csproj::TargetFramework=net10.0-ios]
D:\STUDY\C#\TasteTourApp\TasteTourApp\obj\Debug\net10.0-ios\iossimulator-x64\Microsoft.Maui.Controls.SourceGen\Microsoft.Maui.Controls.SourceGen.XamlGenerator\Views_MainPage.xaml.xsg.cs(822,35): warning CS8622: Nullability of reference types in type of parameter 'sender' of 'void MainPage.NearestPoi_Tapped(object sender, EventArgs e)' doesn't match the target delegate 'EventHandler<TappedEventArgs>' (possibly because of nullability attributes). [D:\STUDY\C#\TasteTourApp\TasteTourApp\TasteTourApp.csproj::TargetFramework=net10.0-ios]
D:\STUDY\C#\TasteTourApp\TasteTourApp\obj\Debug\net10.0-ios\iossimulator-x64\Microsoft.Maui.Controls.SourceGen\Microsoft.Maui.Controls.SourceGen.XamlGenerator\Views_MainPage.xaml.xsg.cs(908,35): warning CS8622: Nullability of reference types in type of parameter 'sender' of 'void MainPage.BtnDong_Tapped(object sender, EventArgs e)' doesn't match the target delegate 'EventHandler<TappedEventArgs>' (possibly because of nullability attributes). [D:\STUDY\C#\TasteTourApp\TasteTourApp\TasteTourApp.csproj::TargetFramework=net10.0-ios]
D:\STUDY\C#\TasteTourApp\TasteTourApp\obj\Debug\net10.0-ios\iossimulator-x64\Microsoft.Maui.Controls.SourceGen\Microsoft.Maui.Controls.SourceGen.XamlGenerator\Views_MainPage.xaml.xsg.cs(980,35): warning CS8622: Nullability of reference types in type of parameter 'sender' of 'void MainPage.BtnHeartPoi_Tapped(object sender, EventArgs e)' doesn't match the target delegate 'EventHandler<TappedEventArgs>' (possibly because of nullability attributes). [D:\STUDY\C#\TasteTourApp\TasteTourApp\TasteTourApp.csproj::TargetFramework=net10.0-ios]
D:\STUDY\C#\TasteTourApp\TasteTourApp\obj\Debug\net10.0-ios\iossimulator-x64\Microsoft.Maui.Controls.SourceGen\Microsoft.Maui.Controls.SourceGen.XamlGenerator\Views_MainPage.xaml.xsg.cs(1026,35): warning CS8622: Nullability of reference types in type of parameter 'sender' of 'void MainPage.BtnPlay_Tapped(object sender, EventArgs e)' doesn't match the target delegate 'EventHandler<TappedEventArgs>' (possibly because of nullability attributes). [D:\STUDY\C#\TasteTourApp\TasteTourApp\TasteTourApp.csproj::TargetFramework=net10.0-ios]
D:\STUDY\C#\TasteTourApp\TasteTourApp\obj\Debug\net10.0-ios\iossimulator-x64\Microsoft.Maui.Controls.SourceGen\Microsoft.Maui.Controls.SourceGen.XamlGenerator\Views_MainPage.xaml.xsg.cs(1064,35): warning CS8622: Nullability of reference types in type of parameter 'sender' of 'void MainPage.BtnChiDuong_Tapped(object sender, EventArgs e)' doesn't match the target delegate 'EventHandler<TappedEventArgs>' (possibly because of nullability attributes). [D:\STUDY\C#\TasteTourApp\TasteTourApp\TasteTourApp.csproj::TargetFramework=net10.0-ios]
D:\STUDY\C#\TasteTourApp\TasteTourApp\obj\Debug\net10.0-ios\iossimulator-x64\Microsoft.Maui.Controls.SourceGen\Microsoft.Maui.Controls.SourceGen.XamlGenerator\Views_MainPage.xaml.xsg.cs(1084,35): warning CS8622: Nullability of reference types in type of parameter 'sender' of 'void MainPage.BtnNgheThuyetMinh_Tapped(object sender, EventArgs e)' doesn't match the target delegate 'EventHandler<TappedEventArgs>' (possibly because of nullability attributes). [D:\STUDY\C#\TasteTourApp\TasteTourApp\TasteTourApp.csproj::TargetFramework=net10.0-ios]
D:\STUDY\C#\TasteTourApp\TasteTourApp\obj\Debug\net10.0-ios\iossimulator-x64\Microsoft.Maui.Controls.SourceGen\Microsoft.Maui.Controls.SourceGen.XamlGenerator\Views_MainPage.xaml.xsg.cs(1127,35): warning CS8622: Nullability of reference types in type of parameter 'sender' of 'void MainPage.NavTours_Tapped(object sender, EventArgs e)' doesn't match the target delegate 'EventHandler<TappedEventArgs>' (possibly because of nullability attributes). [D:\STUDY\C#\TasteTourApp\TasteTourApp\TasteTourApp.csproj::TargetFramework=net10.0-ios]
D:\STUDY\C#\TasteTourApp\TasteTourApp\obj\Debug\net10.0-ios\iossimulator-x64\Microsoft.Maui.Controls.SourceGen\Microsoft.Maui.Controls.SourceGen.XamlGenerator\Views_MainPage.xaml.xsg.cs(1141,35): warning CS8622: Nullability of reference types in type of parameter 'sender' of 'void MainPage.NavSaved_Tapped(object sender, EventArgs e)' doesn't match the target delegate 'EventHandler<TappedEventArgs>' (possibly because of nullability attributes). [D:\STUDY\C#\TasteTourApp\TasteTourApp\TasteTourApp.csproj::TargetFramework=net10.0-ios]
D:\STUDY\C#\TasteTourApp\TasteTourApp\obj\Debug\net10.0-ios\iossimulator-x64\Microsoft.Maui.Controls.SourceGen\Microsoft.Maui.Controls.SourceGen.XamlGenerator\Views_MainPage.xaml.xsg.cs(1155,35): warning CS8622: Nullability of reference types in type of parameter 'sender' of 'void MainPage.NavProfile_Tapped(object sender, EventArgs e)' doesn't match the target delegate 'EventHandler<TappedEventArgs>' (possibly because of nullability attributes). [D:\STUDY\C#\TasteTourApp\TasteTourApp\TasteTourApp.csproj::TargetFramework=net10.0-ios]
D:\STUDY\C#\TasteTourApp\TasteTourApp\Views\MainPage.xaml.cs(22,18): warning CS0414: The field 'MainPage._isSheetExpanded' is assigned but its value is never used [D:\STUDY\C#\TasteTourApp\TasteTourApp\TasteTourApp.csproj::TargetFramework=net10.0-ios]
D:\STUDY\C#\TasteTourApp\TasteTourApp\Views\TourPage.xaml.cs(18,13): warning CS0618: 'Application.MainPage.set' is obsolete: 'This property is deprecated. Initialize your application by overriding Application.CreateWindow rather than setting MainPage. To modify the root page in an active application, use Windows[0].Page for applications with a single window. For applications with multiple windows, use Application.Windows to identify and update the root page on the correct window.  Additionally, each element features a Window property, accessible when it's part of the current window.' [D:\STUDY\C#\TasteTourApp\TasteTourApp\TasteTourApp.csproj::TargetFramework=net10.0-windows10.0.19041.0]
D:\STUDY\C#\TasteTourApp\TasteTourApp\Views\TourPage.xaml.cs(37,13): warning CS0618: 'Application.MainPage.set' is obsolete: 'This property is deprecated. Initialize your application by overriding Application.CreateWindow rather than setting MainPage. To modify the root page in an active application, use Windows[0].Page for applications with a single window. For applications with multiple windows, use Application.Windows to identify and update the root page on the correct window.  Additionally, each element features a Window property, accessible when it's part of the current window.' [D:\STUDY\C#\TasteTourApp\TasteTourApp\TasteTourApp.csproj::TargetFramework=net10.0-windows10.0.19041.0]
D:\STUDY\C#\TasteTourApp\TasteTourApp\Views\TourPage.xaml.cs(50,13): warning CS0618: 'Application.MainPage.set' is obsolete: 'This property is deprecated. Initialize your application by overriding Application.CreateWindow rather than setting MainPage. To modify the root page in an active application, use Windows[0].Page for applications with a single window. For applications with multiple windows, use Application.Windows to identify and update the root page on the correct window.  Additionally, each element features a Window property, accessible when it's part of the current window.' [D:\STUDY\C#\TasteTourApp\TasteTourApp\TasteTourApp.csproj::TargetFramework=net10.0-windows10.0.19041.0]
D:\STUDY\C#\TasteTourApp\TasteTourApp\Models\QuanAn.cs(11,23): warning CS8618: Non-nullable property 'Id' must contain a non-null value when exiting constructor. Consider adding the 'required' modifier or declaring the property as nullable. [D:\STUDY\C#\TasteTourApp\TasteTourApp\TasteTourApp.csproj::TargetFramework=net10.0-windows10.0.19041.0]
D:\STUDY\C#\TasteTourApp\TasteTourApp\Models\QuanAn.cs(13,23): warning CS8618: Non-nullable property 'TenQuan' must contain a non-null value when exiting constructor. Consider adding the 'required' modifier or declaring the property as nullable. [D:\STUDY\C#\TasteTourApp\TasteTourApp\TasteTourApp.csproj::TargetFramework=net10.0-windows10.0.19041.0]
D:\STUDY\C#\TasteTourApp\TasteTourApp\Models\QuanAn.cs(14,23): warning CS8618: Non-nullable property 'MoTa' must contain a non-null value when exiting constructor. Consider adding the 'required' modifier or declaring the property as nullable. [D:\STUDY\C#\TasteTourApp\TasteTourApp\TasteTourApp.csproj::TargetFramework=net10.0-windows10.0.19041.0]
D:\STUDY\C#\TasteTourApp\TasteTourApp\Models\QuanAn.cs(17,23): warning CS8618: Non-nullable property 'HinhAnh' must contain a non-null value when exiting constructor. Consider adding the 'required' modifier or declaring the property as nullable. [D:\STUDY\C#\TasteTourApp\TasteTourApp\TasteTourApp.csproj::TargetFramework=net10.0-windows10.0.19041.0]
D:\STUDY\C#\TasteTourApp\TasteTourApp\Models\QuanAn.cs(18,23): warning CS8618: Non-nullable property 'LoaiQuan' must contain a non-null value when exiting constructor. Consider adding the 'required' modifier or declaring the property as nullable. [D:\STUDY\C#\TasteTourApp\TasteTourApp\TasteTourApp.csproj::TargetFramework=net10.0-windows10.0.19041.0]
D:\STUDY\C#\TasteTourApp\TasteTourApp\Views\LoginPage.xaml.cs(12,15): warning CS0618: 'Page.DisplayAlert(string, string, string)' is obsolete: 'Use DisplayAlertAsync instead' [D:\STUDY\C#\TasteTourApp\TasteTourApp\TasteTourApp.csproj::TargetFramework=net10.0-windows10.0.19041.0]
D:\STUDY\C#\TasteTourApp\TasteTourApp\Views\LoginPage.xaml.cs(25,13): warning CS0618: 'Application.MainPage.set' is obsolete: 'This property is deprecated. Initialize your application by overriding Application.CreateWindow rather than setting MainPage. To modify the root page in an active application, use Windows[0].Page for applications with a single window. For applications with multiple windows, use Application.Windows to identify and update the root page on the correct window.  Additionally, each element features a Window property, accessible when it's part of the current window.' [D:\STUDY\C#\TasteTourApp\TasteTourApp\TasteTourApp.csproj::TargetFramework=net10.0-windows10.0.19041.0]
D:\STUDY\C#\TasteTourApp\TasteTourApp\Views\LoginPage.xaml.cs(31,15): warning CS0618: 'Page.DisplayAlert(string, string, string)' is obsolete: 'Use DisplayAlertAsync instead' [D:\STUDY\C#\TasteTourApp\TasteTourApp\TasteTourApp.csproj::TargetFramework=net10.0-windows10.0.19041.0]
D:\STUDY\C#\TasteTourApp\TasteTourApp\Views\LoginPage.xaml.cs(36,15): warning CS0618: 'Page.DisplayAlert(string, string, string)' is obsolete: 'Use DisplayAlertAsync instead' [D:\STUDY\C#\TasteTourApp\TasteTourApp\TasteTourApp.csproj::TargetFramework=net10.0-windows10.0.19041.0]
D:\STUDY\C#\TasteTourApp\TasteTourApp\Views\LoginPage.xaml.cs(44,13): warning CS0618: 'Application.MainPage.set' is obsolete: 'This property is deprecated. Initialize your application by overriding Application.CreateWindow rather than setting MainPage. To modify the root page in an active application, use Windows[0].Page for applications with a single window. For applications with multiple windows, use Application.Windows to identify and update the root page on the correct window.  Additionally, each element features a Window property, accessible when it's part of the current window.' [D:\STUDY\C#\TasteTourApp\TasteTourApp\TasteTourApp.csproj::TargetFramework=net10.0-windows10.0.19041.0]
D:\STUDY\C#\TasteTourApp\TasteTourApp\Views\ProfilePage.xaml.cs(17,13): warning CS0618: 'Application.MainPage.set' is obsolete: 'This property is deprecated. Initialize your application by overriding Application.CreateWindow rather than setting MainPage. To modify the root page in an active application, use Windows[0].Page for applications with a single window. For applications with multiple windows, use Application.Windows to identify and update the root page on the correct window.  Additionally, each element features a Window property, accessible when it's part of the current window.' [D:\STUDY\C#\TasteTourApp\TasteTourApp\TasteTourApp.csproj::TargetFramework=net10.0-windows10.0.19041.0]
D:\STUDY\C#\TasteTourApp\TasteTourApp\Views\LoginPage.xaml.cs(50,15): warning CS0618: 'Page.DisplayAlert(string, string, string)' is obsolete: 'Use DisplayAlertAsync instead' [D:\STUDY\C#\TasteTourApp\TasteTourApp\TasteTourApp.csproj::TargetFramework=net10.0-windows10.0.19041.0]
D:\STUDY\C#\TasteTourApp\TasteTourApp\Views\ProfilePage.xaml.cs(25,13): warning CS0618: 'Application.MainPage.set' is obsolete: 'This property is deprecated. Initialize your application by overriding Application.CreateWindow rather than setting MainPage. To modify the root page in an active application, use Windows[0].Page for applications with a single window. For applications with multiple windows, use Application.Windows to identify and update the root page on the correct window.  Additionally, each element features a Window property, accessible when it's part of the current window.' [D:\STUDY\C#\TasteTourApp\TasteTourApp\TasteTourApp.csproj::TargetFramework=net10.0-windows10.0.19041.0]
D:\STUDY\C#\TasteTourApp\TasteTourApp\Views\ProfilePage.xaml.cs(36,29): warning CS0618: 'Page.DisplayAlert(string, string, string, string)' is obsolete: 'Use DisplayAlertAsync instead' [D:\STUDY\C#\TasteTourApp\TasteTourApp\TasteTourApp.csproj::TargetFramework=net10.0-windows10.0.19041.0]
D:\STUDY\C#\TasteTourApp\TasteTourApp\Views\ProfilePage.xaml.cs(39,13): warning CS0618: 'Application.MainPage.set' is obsolete: 'This property is deprecated. Initialize your application by overriding Application.CreateWindow rather than setting MainPage. To modify the root page in an active application, use Windows[0].Page for applications with a single window. For applications with multiple windows, use Application.Windows to identify and update the root page on the correct window.  Additionally, each element features a Window property, accessible when it's part of the current window.' [D:\STUDY\C#\TasteTourApp\TasteTourApp\TasteTourApp.csproj::TargetFramework=net10.0-windows10.0.19041.0]
D:\STUDY\C#\TasteTourApp\TasteTourApp\Views\ProfilePage.xaml.cs(51,15): warning CS0618: 'ViewExtensions.RotateTo(VisualElement, double, uint, Easing?)' is obsolete: 'Please use RotateToAsync instead.' [D:\STUDY\C#\TasteTourApp\TasteTourApp\TasteTourApp.csproj::TargetFramework=net10.0-windows10.0.19041.0]
D:\STUDY\C#\TasteTourApp\TasteTourApp\Views\SavedPage.xaml.cs(208,23): warning CS0618: 'ViewExtensions.ScaleTo(VisualElement, double, uint, Easing?)' is obsolete: 'Please use ScaleToAsync instead.' [D:\STUDY\C#\TasteTourApp\TasteTourApp\TasteTourApp.csproj::TargetFramework=net10.0-windows10.0.19041.0]
D:\STUDY\C#\TasteTourApp\TasteTourApp\Views\SavedPage.xaml.cs(258,13): warning CS0618: 'Application.MainPage.set' is obsolete: 'This property is deprecated. Initialize your application by overriding Application.CreateWindow rather than setting MainPage. To modify the root page in an active application, use Windows[0].Page for applications with a single window. For applications with multiple windows, use Application.Windows to identify and update the root page on the correct window.  Additionally, each element features a Window property, accessible when it's part of the current window.' [D:\STUDY\C#\TasteTourApp\TasteTourApp\TasteTourApp.csproj::TargetFramework=net10.0-windows10.0.19041.0]
D:\STUDY\C#\TasteTourApp\TasteTourApp\Views\SavedPage.xaml.cs(268,33): warning CS0618: 'Application.MainPage.get' is obsolete: 'This property has been deprecated. For single-window applications, use Windows[0].Page. For multi-window applications, identify and use the appropriate Window object to access the desired Page. Additionally, each element features a Window property, accessible when it's part of the current window.' [D:\STUDY\C#\TasteTourApp\TasteTourApp\TasteTourApp.csproj::TargetFramework=net10.0-windows10.0.19041.0]
D:\STUDY\C#\TasteTourApp\TasteTourApp\Views\ProfilePage.xaml.cs(77,31): warning CS0618: 'Page.DisplayActionSheet(string, string, string, params string[])' is obsolete: 'Use DisplayActionSheetAsync instead' [D:\STUDY\C#\TasteTourApp\TasteTourApp\TasteTourApp.csproj::TargetFramework=net10.0-windows10.0.19041.0]
D:\STUDY\C#\TasteTourApp\TasteTourApp\Views\ProfilePage.xaml.cs(89,27): warning CS0618: 'Page.DisplayAlert(string, string, string)' is obsolete: 'Use DisplayAlertAsync instead' [D:\STUDY\C#\TasteTourApp\TasteTourApp\TasteTourApp.csproj::TargetFramework=net10.0-windows10.0.19041.0]
D:\STUDY\C#\TasteTourApp\TasteTourApp\Views\SavedPage.xaml.cs(278,33): warning CS0618: 'Application.MainPage.get' is obsolete: 'This property has been deprecated. For single-window applications, use Windows[0].Page. For multi-window applications, identify and use the appropriate Window object to access the desired Page. Additionally, each element features a Window property, accessible when it's part of the current window.' [D:\STUDY\C#\TasteTourApp\TasteTourApp\TasteTourApp.csproj::TargetFramework=net10.0-windows10.0.19041.0]
D:\STUDY\C#\TasteTourApp\TasteTourApp\Views\ProfilePage.xaml.cs(101,31): warning CS0618: 'Page.DisplayActionSheet(string, string, string, params string[])' is obsolete: 'Use DisplayActionSheetAsync instead' [D:\STUDY\C#\TasteTourApp\TasteTourApp\TasteTourApp.csproj::TargetFramework=net10.0-windows10.0.19041.0]
D:\STUDY\C#\TasteTourApp\TasteTourApp\Views\ProfilePage.xaml.cs(104,19): warning CS0618: 'Page.DisplayAlert(string, string, string)' is obsolete: 'Use DisplayAlertAsync instead' [D:\STUDY\C#\TasteTourApp\TasteTourApp\TasteTourApp.csproj::TargetFramework=net10.0-windows10.0.19041.0]
D:\STUDY\C#\TasteTourApp\TasteTourApp\Services\DatabaseServices.cs(16,39): warning CS8618: Non-nullable field '_db' must contain a non-null value when exiting constructor. Consider adding the 'required' modifier or declaring the field as nullable. [D:\STUDY\C#\TasteTourApp\TasteTourApp\TasteTourApp.csproj::TargetFramework=net10.0-windows10.0.19041.0]
D:\STUDY\C#\TasteTourApp\TasteTourApp\Views\ProfilePage.xaml.cs(111,31): warning CS0618: 'Page.DisplayActionSheet(string, string, string, params string[])' is obsolete: 'Use DisplayActionSheetAsync instead' [D:\STUDY\C#\TasteTourApp\TasteTourApp\TasteTourApp.csproj::TargetFramework=net10.0-windows10.0.19041.0]
D:\STUDY\C#\TasteTourApp\TasteTourApp\Views\ProfilePage.xaml.cs(116,38): warning CS0618: 'Page.DisplayAlert(string, string, string, string)' is obsolete: 'Use DisplayAlertAsync instead' [D:\STUDY\C#\TasteTourApp\TasteTourApp\TasteTourApp.csproj::TargetFramework=net10.0-windows10.0.19041.0]
D:\STUDY\C#\TasteTourApp\TasteTourApp\Views\ProfilePage.xaml.cs(119,27): warning CS0618: 'Page.DisplayAlert(string, string, string)' is obsolete: 'Use DisplayAlertAsync instead' [D:\STUDY\C#\TasteTourApp\TasteTourApp\TasteTourApp.csproj::TargetFramework=net10.0-windows10.0.19041.0]
D:\STUDY\C#\TasteTourApp\TasteTourApp\Views\ProfilePage.xaml.cs(124,23): warning CS0618: 'Page.DisplayAlert(string, string, string)' is obsolete: 'Use DisplayAlertAsync instead' [D:\STUDY\C#\TasteTourApp\TasteTourApp\TasteTourApp.csproj::TargetFramework=net10.0-windows10.0.19041.0]
D:\STUDY\C#\TasteTourApp\TasteTourApp\obj\Debug\net10.0-windows10.0.19041.0\win-x64\intermediatexaml\Microsoft.Maui.Controls.SourceGen\Microsoft.Maui.Controls.SourceGen.XamlGenerator\Views_LoginPage.xaml.xsg.cs(383,34): warning CS8622: Nullability of reference types in type of parameter 'sender' of 'void LoginPage.QuenMatKhau_Tapped(object sender, EventArgs e)' doesn't match the target delegate 'EventHandler<TappedEventArgs>' (possibly because of nullability attributes). [D:\STUDY\C#\TasteTourApp\TasteTourApp\TasteTourApp.csproj::TargetFramework=net10.0-windows10.0.19041.0]
D:\STUDY\C#\TasteTourApp\TasteTourApp\obj\Debug\net10.0-windows10.0.19041.0\win-x64\intermediatexaml\Microsoft.Maui.Controls.SourceGen\Microsoft.Maui.Controls.SourceGen.XamlGenerator\Views_LoginPage.xaml.xsg.cs(421,35): warning CS8622: Nullability of reference types in type of parameter 'sender' of 'void LoginPage.DangNhap_Tapped(object sender, EventArgs e)' doesn't match the target delegate 'EventHandler<TappedEventArgs>' (possibly because of nullability attributes). [D:\STUDY\C#\TasteTourApp\TasteTourApp\TasteTourApp.csproj::TargetFramework=net10.0-windows10.0.19041.0]
D:\STUDY\C#\TasteTourApp\TasteTourApp\obj\Debug\net10.0-windows10.0.19041.0\win-x64\intermediatexaml\Microsoft.Maui.Controls.SourceGen\Microsoft.Maui.Controls.SourceGen.XamlGenerator\Views_LoginPage.xaml.xsg.cs(469,35): warning CS8622: Nullability of reference types in type of parameter 'sender' of 'void LoginPage.Google_Tapped(object sender, EventArgs e)' doesn't match the target delegate 'EventHandler<TappedEventArgs>' (possibly because of nullability attributes). [D:\STUDY\C#\TasteTourApp\TasteTourApp\TasteTourApp.csproj::TargetFramework=net10.0-windows10.0.19041.0]
D:\STUDY\C#\TasteTourApp\TasteTourApp\obj\Debug\net10.0-windows10.0.19041.0\win-x64\intermediatexaml\Microsoft.Maui.Controls.SourceGen\Microsoft.Maui.Controls.SourceGen.XamlGenerator\Views_LoginPage.xaml.xsg.cs(492,35): warning CS8622: Nullability of reference types in type of parameter 'sender' of 'void LoginPage.Apple_Tapped(object sender, EventArgs e)' doesn't match the target delegate 'EventHandler<TappedEventArgs>' (possibly because of nullability attributes). [D:\STUDY\C#\TasteTourApp\TasteTourApp\TasteTourApp.csproj::TargetFramework=net10.0-windows10.0.19041.0]
D:\STUDY\C#\TasteTourApp\TasteTourApp\obj\Debug\net10.0-windows10.0.19041.0\win-x64\intermediatexaml\Microsoft.Maui.Controls.SourceGen\Microsoft.Maui.Controls.SourceGen.XamlGenerator\Views_LoginPage.xaml.xsg.cs(513,35): warning CS8622: Nullability of reference types in type of parameter 'sender' of 'void LoginPage.Khach_Tapped(object sender, EventArgs e)' doesn't match the target delegate 'EventHandler<TappedEventArgs>' (possibly because of nullability attributes). [D:\STUDY\C#\TasteTourApp\TasteTourApp\TasteTourApp.csproj::TargetFramework=net10.0-windows10.0.19041.0]
D:\STUDY\C#\TasteTourApp\TasteTourApp\obj\Debug\net10.0-windows10.0.19041.0\win-x64\intermediatexaml\Microsoft.Maui.Controls.SourceGen\Microsoft.Maui.Controls.SourceGen.XamlGenerator\Views_LoginPage.xaml.xsg.cs(542,35): warning CS8622: Nullability of reference types in type of parameter 'sender' of 'void LoginPage.TaoTaiKhoan_Tapped(object sender, EventArgs e)' doesn't match the target delegate 'EventHandler<TappedEventArgs>' (possibly because of nullability attributes). [D:\STUDY\C#\TasteTourApp\TasteTourApp\TasteTourApp.csproj::TargetFramework=net10.0-windows10.0.19041.0]
D:\STUDY\C#\TasteTourApp\TasteTourApp\Views\MainPage.xaml.cs(645,13): warning CS0618: 'ViewExtensions.FadeTo(VisualElement, double, uint, Easing?)' is obsolete: 'Please use FadeToAsync instead.' [D:\STUDY\C#\TasteTourApp\TasteTourApp\TasteTourApp.csproj::TargetFramework=net10.0-windows10.0.19041.0]
D:\STUDY\C#\TasteTourApp\TasteTourApp\Views\MainPage.xaml.cs(646,13): warning CS0618: 'ViewExtensions.FadeTo(VisualElement, double, uint, Easing?)' is obsolete: 'Please use FadeToAsync instead.' [D:\STUDY\C#\TasteTourApp\TasteTourApp\TasteTourApp.csproj::TargetFramework=net10.0-windows10.0.19041.0]
D:\STUDY\C#\TasteTourApp\TasteTourApp\Views\MainPage.xaml.cs(652,15): warning CS0618: 'ViewExtensions.TranslateTo(VisualElement, double, double, uint, Easing?)' is obsolete: 'Please use TranslateToAsync instead.' [D:\STUDY\C#\TasteTourApp\TasteTourApp\TasteTourApp.csproj::TargetFramework=net10.0-windows10.0.19041.0]
D:\STUDY\C#\TasteTourApp\TasteTourApp\Views\MainPage.xaml.cs(666,15): warning CS0618: 'ViewExtensions.TranslateTo(VisualElement, double, double, uint, Easing?)' is obsolete: 'Please use TranslateToAsync instead.' [D:\STUDY\C#\TasteTourApp\TasteTourApp\TasteTourApp.csproj::TargetFramework=net10.0-windows10.0.19041.0]
D:\STUDY\C#\TasteTourApp\TasteTourApp\Views\MainPage.xaml.cs(675,13): warning CS0618: 'ViewExtensions.FadeTo(VisualElement, double, uint, Easing?)' is obsolete: 'Please use FadeToAsync instead.' [D:\STUDY\C#\TasteTourApp\TasteTourApp\TasteTourApp.csproj::TargetFramework=net10.0-windows10.0.19041.0]
D:\STUDY\C#\TasteTourApp\TasteTourApp\Views\MainPage.xaml.cs(676,13): warning CS0618: 'ViewExtensions.FadeTo(VisualElement, double, uint, Easing?)' is obsolete: 'Please use FadeToAsync instead.' [D:\STUDY\C#\TasteTourApp\TasteTourApp\TasteTourApp.csproj::TargetFramework=net10.0-windows10.0.19041.0]
D:\STUDY\C#\TasteTourApp\TasteTourApp\obj\Debug\net10.0-windows10.0.19041.0\win-x64\intermediatexaml\Microsoft.Maui.Controls.SourceGen\Microsoft.Maui.Controls.SourceGen.XamlGenerator\Views_SavedPage.xaml.xsg.cs(340,24): warning CS8622: Nullability of reference types in type of parameter 'sender' of 'void SavedPage.SearchEntry_TextChanged(object sender, TextChangedEventArgs e)' doesn't match the target delegate 'EventHandler<TextChangedEventArgs>' (possibly because of nullability attributes). [D:\STUDY\C#\TasteTourApp\TasteTourApp\TasteTourApp.csproj::TargetFramework=net10.0-windows10.0.19041.0]
D:\STUDY\C#\TasteTourApp\TasteTourApp\obj\Debug\net10.0-windows10.0.19041.0\win-x64\intermediatexaml\Microsoft.Maui.Controls.SourceGen\Microsoft.Maui.Controls.SourceGen.XamlGenerator\Views_SavedPage.xaml.xsg.cs(473,34): warning CS8622: Nullability of reference types in type of parameter 'sender' of 'void SavedPage.NavHome_Tapped(object sender, EventArgs e)' doesn't match the target delegate 'EventHandler<TappedEventArgs>' (possibly because of nullability attributes). [D:\STUDY\C#\TasteTourApp\TasteTourApp\TasteTourApp.csproj::TargetFramework=net10.0-windows10.0.19041.0]
D:\STUDY\C#\TasteTourApp\TasteTourApp\obj\Debug\net10.0-windows10.0.19041.0\win-x64\intermediatexaml\Microsoft.Maui.Controls.SourceGen\Microsoft.Maui.Controls.SourceGen.XamlGenerator\Views_SavedPage.xaml.xsg.cs(487,35): warning CS8622: Nullability of reference types in type of parameter 'sender' of 'void SavedPage.NavTours_Tapped(object sender, EventArgs e)' doesn't match the target delegate 'EventHandler<TappedEventArgs>' (possibly because of nullability attributes). [D:\STUDY\C#\TasteTourApp\TasteTourApp\TasteTourApp.csproj::TargetFramework=net10.0-windows10.0.19041.0]
D:\STUDY\C#\TasteTourApp\TasteTourApp\obj\Debug\net10.0-windows10.0.19041.0\win-x64\intermediatexaml\Microsoft.Maui.Controls.SourceGen\Microsoft.Maui.Controls.SourceGen.XamlGenerator\Views_SavedPage.xaml.xsg.cs(517,35): warning CS8622: Nullability of reference types in type of parameter 'sender' of 'void SavedPage.NavProfile_Tapped(object sender, EventArgs e)' doesn't match the target delegate 'EventHandler<TappedEventArgs>' (possibly because of nullability attributes). [D:\STUDY\C#\TasteTourApp\TasteTourApp\TasteTourApp.csproj::TargetFramework=net10.0-windows10.0.19041.0]
D:\STUDY\C#\TasteTourApp\TasteTourApp\Views\MainPage.xaml.cs(864,13): warning CS0618: 'Application.MainPage.set' is obsolete: 'This property is deprecated. Initialize your application by overriding Application.CreateWindow rather than setting MainPage. To modify the root page in an active application, use Windows[0].Page for applications with a single window. For applications with multiple windows, use Application.Windows to identify and update the root page on the correct window.  Additionally, each element features a Window property, accessible when it's part of the current window.' [D:\STUDY\C#\TasteTourApp\TasteTourApp\TasteTourApp.csproj::TargetFramework=net10.0-windows10.0.19041.0]
D:\STUDY\C#\TasteTourApp\TasteTourApp\Views\MainPage.xaml.cs(874,13): warning CS0618: 'Application.MainPage.set' is obsolete: 'This property is deprecated. Initialize your application by overriding Application.CreateWindow rather than setting MainPage. To modify the root page in an active application, use Windows[0].Page for applications with a single window. For applications with multiple windows, use Application.Windows to identify and update the root page on the correct window.  Additionally, each element features a Window property, accessible when it's part of the current window.' [D:\STUDY\C#\TasteTourApp\TasteTourApp\TasteTourApp.csproj::TargetFramework=net10.0-windows10.0.19041.0]
D:\STUDY\C#\TasteTourApp\TasteTourApp\Views\MainPage.xaml.cs(882,13): warning CS0618: 'Application.MainPage.set' is obsolete: 'This property is deprecated. Initialize your application by overriding Application.CreateWindow rather than setting MainPage. To modify the root page in an active application, use Windows[0].Page for applications with a single window. For applications with multiple windows, use Application.Windows to identify and update the root page on the correct window.  Additionally, each element features a Window property, accessible when it's part of the current window.' [D:\STUDY\C#\TasteTourApp\TasteTourApp\TasteTourApp.csproj::TargetFramework=net10.0-windows10.0.19041.0]
D:\STUDY\C#\TasteTourApp\TasteTourApp\Views\MainPage.xaml.cs(901,15): warning CS0618: 'ViewExtensions.ScaleTo(VisualElement, double, uint, Easing?)' is obsolete: 'Please use ScaleToAsync instead.' [D:\STUDY\C#\TasteTourApp\TasteTourApp\TasteTourApp.csproj::TargetFramework=net10.0-windows10.0.19041.0]
D:\STUDY\C#\TasteTourApp\TasteTourApp\Views\MainPage.xaml.cs(902,15): warning CS0618: 'ViewExtensions.ScaleTo(VisualElement, double, uint, Easing?)' is obsolete: 'Please use ScaleToAsync instead.' [D:\STUDY\C#\TasteTourApp\TasteTourApp\TasteTourApp.csproj::TargetFramework=net10.0-windows10.0.19041.0]
D:\STUDY\C#\TasteTourApp\TasteTourApp\obj\Debug\net10.0-windows10.0.19041.0\win-x64\intermediatexaml\Microsoft.Maui.Controls.SourceGen\Microsoft.Maui.Controls.SourceGen.XamlGenerator\Views_ProfilePage.xaml.xsg.cs(930,34): warning CS8622: Nullability of reference types in type of parameter 'sender' of 'void ProfilePage.CaiDat_Tapped(object sender, EventArgs e)' doesn't match the target delegate 'EventHandler<TappedEventArgs>' (possibly because of nullability attributes). [D:\STUDY\C#\TasteTourApp\TasteTourApp\TasteTourApp.csproj::TargetFramework=net10.0-windows10.0.19041.0]
D:\STUDY\C#\TasteTourApp\TasteTourApp\obj\Debug\net10.0-windows10.0.19041.0\win-x64\intermediatexaml\Microsoft.Maui.Controls.SourceGen\Microsoft.Maui.Controls.SourceGen.XamlGenerator\Views_ProfilePage.xaml.xsg.cs(970,35): warning CS8622: Nullability of reference types in type of parameter 'sender' of 'void ProfilePage.TTSVoice_Tapped(object sender, EventArgs e)' doesn't match the target delegate 'EventHandler<TappedEventArgs>' (possibly because of nullability attributes). [D:\STUDY\C#\TasteTourApp\TasteTourApp\TasteTourApp.csproj::TargetFramework=net10.0-windows10.0.19041.0]
D:\STUDY\C#\TasteTourApp\TasteTourApp\obj\Debug\net10.0-windows10.0.19041.0\win-x64\intermediatexaml\Microsoft.Maui.Controls.SourceGen\Microsoft.Maui.Controls.SourceGen.XamlGenerator\Views_ProfilePage.xaml.xsg.cs(1013,35): warning CS8622: Nullability of reference types in type of parameter 'sender' of 'void ProfilePage.GPSSensitivity_Tapped(object sender, EventArgs e)' doesn't match the target delegate 'EventHandler<TappedEventArgs>' (possibly because of nullability attributes). [D:\STUDY\C#\TasteTourApp\TasteTourApp\TasteTourApp.csproj::TargetFramework=net10.0-windows10.0.19041.0]
D:\STUDY\C#\TasteTourApp\TasteTourApp\obj\Debug\net10.0-windows10.0.19041.0\win-x64\intermediatexaml\Microsoft.Maui.Controls.SourceGen\Microsoft.Maui.Controls.SourceGen.XamlGenerator\Views_ProfilePage.xaml.xsg.cs(1056,35): warning CS8622: Nullability of reference types in type of parameter 'sender' of 'void ProfilePage.OfflineData_Tapped(object sender, EventArgs e)' doesn't match the target delegate 'EventHandler<TappedEventArgs>' (possibly because of nullability attributes). [D:\STUDY\C#\TasteTourApp\TasteTourApp\TasteTourApp.csproj::TargetFramework=net10.0-windows10.0.19041.0]
D:\STUDY\C#\TasteTourApp\TasteTourApp\obj\Debug\net10.0-windows10.0.19041.0\win-x64\intermediatexaml\Microsoft.Maui.Controls.SourceGen\Microsoft.Maui.Controls.SourceGen.XamlGenerator\Views_ProfilePage.xaml.xsg.cs(1135,35): warning CS8622: Nullability of reference types in type of parameter 'sender' of 'void ProfilePage.DangXuat_Tapped(object sender, EventArgs e)' doesn't match the target delegate 'EventHandler<TappedEventArgs>' (possibly because of nullability attributes). [D:\STUDY\C#\TasteTourApp\TasteTourApp\TasteTourApp.csproj::TargetFramework=net10.0-windows10.0.19041.0]
D:\STUDY\C#\TasteTourApp\TasteTourApp\obj\Debug\net10.0-windows10.0.19041.0\win-x64\intermediatexaml\Microsoft.Maui.Controls.SourceGen\Microsoft.Maui.Controls.SourceGen.XamlGenerator\Views_ProfilePage.xaml.xsg.cs(1212,35): warning CS8622: Nullability of reference types in type of parameter 'sender' of 'void ProfilePage.NavExplore_Tapped(object sender, EventArgs e)' doesn't match the target delegate 'EventHandler<TappedEventArgs>' (possibly because of nullability attributes). [D:\STUDY\C#\TasteTourApp\TasteTourApp\TasteTourApp.csproj::TargetFramework=net10.0-windows10.0.19041.0]
D:\STUDY\C#\TasteTourApp\TasteTourApp\obj\Debug\net10.0-windows10.0.19041.0\win-x64\intermediatexaml\Microsoft.Maui.Controls.SourceGen\Microsoft.Maui.Controls.SourceGen.XamlGenerator\Views_ProfilePage.xaml.xsg.cs(1226,35): warning CS8622: Nullability of reference types in type of parameter 'sender' of 'void ProfilePage.NavTours_Tapped(object sender, EventArgs e)' doesn't match the target delegate 'EventHandler<TappedEventArgs>' (possibly because of nullability attributes). [D:\STUDY\C#\TasteTourApp\TasteTourApp\TasteTourApp.csproj::TargetFramework=net10.0-windows10.0.19041.0]
D:\STUDY\C#\TasteTourApp\TasteTourApp\obj\Debug\net10.0-windows10.0.19041.0\win-x64\intermediatexaml\Microsoft.Maui.Controls.SourceGen\Microsoft.Maui.Controls.SourceGen.XamlGenerator\Views_ProfilePage.xaml.xsg.cs(1240,35): warning CS8622: Nullability of reference types in type of parameter 'sender' of 'void ProfilePage.NavSaved_Tapped(object sender, EventArgs e)' doesn't match the target delegate 'EventHandler<TappedEventArgs>' (possibly because of nullability attributes). [D:\STUDY\C#\TasteTourApp\TasteTourApp\TasteTourApp.csproj::TargetFramework=net10.0-windows10.0.19041.0]
D:\STUDY\C#\TasteTourApp\TasteTourApp\obj\Debug\net10.0-windows10.0.19041.0\win-x64\intermediatexaml\Microsoft.Maui.Controls.SourceGen\Microsoft.Maui.Controls.SourceGen.XamlGenerator\Views_TourPage.xaml.xsg.cs(862,34): warning CS8622: Nullability of reference types in type of parameter 'sender' of 'void TourPage.BtnBatDau_Tapped(object sender, EventArgs e)' doesn't match the target delegate 'EventHandler<TappedEventArgs>' (possibly because of nullability attributes). [D:\STUDY\C#\TasteTourApp\TasteTourApp\TasteTourApp.csproj::TargetFramework=net10.0-windows10.0.19041.0]
D:\STUDY\C#\TasteTourApp\TasteTourApp\obj\Debug\net10.0-windows10.0.19041.0\win-x64\intermediatexaml\Microsoft.Maui.Controls.SourceGen\Microsoft.Maui.Controls.SourceGen.XamlGenerator\Views_TourPage.xaml.xsg.cs(1465,35): warning CS8622: Nullability of reference types in type of parameter 'sender' of 'void TourPage.BtnCloseMini_Tapped(object sender, EventArgs e)' doesn't match the target delegate 'EventHandler<TappedEventArgs>' (possibly because of nullability attributes). [D:\STUDY\C#\TasteTourApp\TasteTourApp\TasteTourApp.csproj::TargetFramework=net10.0-windows10.0.19041.0]
D:\STUDY\C#\TasteTourApp\TasteTourApp\obj\Debug\net10.0-windows10.0.19041.0\win-x64\intermediatexaml\Microsoft.Maui.Controls.SourceGen\Microsoft.Maui.Controls.SourceGen.XamlGenerator\Views_TourPage.xaml.xsg.cs(1487,35): warning CS8622: Nullability of reference types in type of parameter 'sender' of 'void TourPage.NavExplore_Tapped(object sender, EventArgs e)' doesn't match the target delegate 'EventHandler<TappedEventArgs>' (possibly because of nullability attributes). [D:\STUDY\C#\TasteTourApp\TasteTourApp\TasteTourApp.csproj::TargetFramework=net10.0-windows10.0.19041.0]
D:\STUDY\C#\TasteTourApp\TasteTourApp\obj\Debug\net10.0-windows10.0.19041.0\win-x64\intermediatexaml\Microsoft.Maui.Controls.SourceGen\Microsoft.Maui.Controls.SourceGen.XamlGenerator\Views_TourPage.xaml.xsg.cs(1520,35): warning CS8622: Nullability of reference types in type of parameter 'sender' of 'void TourPage.NavSaved_Tapped(object sender, EventArgs e)' doesn't match the target delegate 'EventHandler<TappedEventArgs>' (possibly because of nullability attributes). [D:\STUDY\C#\TasteTourApp\TasteTourApp\TasteTourApp.csproj::TargetFramework=net10.0-windows10.0.19041.0]
D:\STUDY\C#\TasteTourApp\TasteTourApp\obj\Debug\net10.0-windows10.0.19041.0\win-x64\intermediatexaml\Microsoft.Maui.Controls.SourceGen\Microsoft.Maui.Controls.SourceGen.XamlGenerator\Views_TourPage.xaml.xsg.cs(1534,35): warning CS8622: Nullability of reference types in type of parameter 'sender' of 'void TourPage.NavProfile_Tapped(object sender, EventArgs e)' doesn't match the target delegate 'EventHandler<TappedEventArgs>' (possibly because of nullability attributes). [D:\STUDY\C#\TasteTourApp\TasteTourApp\TasteTourApp.csproj::TargetFramework=net10.0-windows10.0.19041.0]
D:\STUDY\C#\TasteTourApp\TasteTourApp\obj\Debug\net10.0-windows10.0.19041.0\win-x64\intermediatexaml\Microsoft.Maui.Controls.SourceGen\Microsoft.Maui.Controls.SourceGen.XamlGenerator\Views_MainPage.xaml.xsg.cs(670,82): warning CS0618: 'LayoutOptions.FillAndExpand' is obsolete: 'The StackLayout expansion options are deprecated; please use a Grid instead.' [D:\STUDY\C#\TasteTourApp\TasteTourApp\TasteTourApp.csproj::TargetFramework=net10.0-windows10.0.19041.0]
D:\STUDY\C#\TasteTourApp\TasteTourApp\obj\Debug\net10.0-windows10.0.19041.0\win-x64\intermediatexaml\Microsoft.Maui.Controls.SourceGen\Microsoft.Maui.Controls.SourceGen.XamlGenerator\Views_MainPage.xaml.xsg.cs(671,84): warning CS0618: 'LayoutOptions.FillAndExpand' is obsolete: 'The StackLayout expansion options are deprecated; please use a Grid instead.' [D:\STUDY\C#\TasteTourApp\TasteTourApp\TasteTourApp.csproj::TargetFramework=net10.0-windows10.0.19041.0]
D:\STUDY\C#\TasteTourApp\TasteTourApp\obj\Debug\net10.0-windows10.0.19041.0\win-x64\intermediatexaml\Microsoft.Maui.Controls.SourceGen\Microsoft.Maui.Controls.SourceGen.XamlGenerator\Views_MainPage.xaml.xsg.cs(673,25): warning CS8622: Nullability of reference types in type of parameter 'sender' of 'void MainPage.BanDoWebView_Navigating(object sender, WebNavigatingEventArgs e)' doesn't match the target delegate 'EventHandler<WebNavigatingEventArgs>' (possibly because of nullability attributes). [D:\STUDY\C#\TasteTourApp\TasteTourApp\TasteTourApp.csproj::TargetFramework=net10.0-windows10.0.19041.0]
D:\STUDY\C#\TasteTourApp\TasteTourApp\obj\Debug\net10.0-windows10.0.19041.0\win-x64\intermediatexaml\Microsoft.Maui.Controls.SourceGen\Microsoft.Maui.Controls.SourceGen.XamlGenerator\Views_MainPage.xaml.xsg.cs(766,34): warning CS8622: Nullability of reference types in type of parameter 'sender' of 'void MainPage.BtnLocateMe_Tapped(object sender, EventArgs e)' doesn't match the target delegate 'EventHandler<TappedEventArgs>' (possibly because of nullability attributes). [D:\STUDY\C#\TasteTourApp\TasteTourApp\TasteTourApp.csproj::TargetFramework=net10.0-windows10.0.19041.0]
D:\STUDY\C#\TasteTourApp\TasteTourApp\obj\Debug\net10.0-windows10.0.19041.0\win-x64\intermediatexaml\Microsoft.Maui.Controls.SourceGen\Microsoft.Maui.Controls.SourceGen.XamlGenerator\Views_MainPage.xaml.xsg.cs(784,38): warning CS8622: Nullability of reference types in type of parameter 'sender' of 'void MainPage.BottomSheet_PanUpdated(object sender, PanUpdatedEventArgs e)' doesn't match the target delegate 'EventHandler<PanUpdatedEventArgs>' (possibly because of nullability attributes). [D:\STUDY\C#\TasteTourApp\TasteTourApp\TasteTourApp.csproj::TargetFramework=net10.0-windows10.0.19041.0]
D:\STUDY\C#\TasteTourApp\TasteTourApp\obj\Debug\net10.0-windows10.0.19041.0\win-x64\intermediatexaml\Microsoft.Maui.Controls.SourceGen\Microsoft.Maui.Controls.SourceGen.XamlGenerator\Views_MainPage.xaml.xsg.cs(822,35): warning CS8622: Nullability of reference types in type of parameter 'sender' of 'void MainPage.NearestPoi_Tapped(object sender, EventArgs e)' doesn't match the target delegate 'EventHandler<TappedEventArgs>' (possibly because of nullability attributes). [D:\STUDY\C#\TasteTourApp\TasteTourApp\TasteTourApp.csproj::TargetFramework=net10.0-windows10.0.19041.0]
D:\STUDY\C#\TasteTourApp\TasteTourApp\obj\Debug\net10.0-windows10.0.19041.0\win-x64\intermediatexaml\Microsoft.Maui.Controls.SourceGen\Microsoft.Maui.Controls.SourceGen.XamlGenerator\Views_MainPage.xaml.xsg.cs(908,35): warning CS8622: Nullability of reference types in type of parameter 'sender' of 'void MainPage.BtnDong_Tapped(object sender, EventArgs e)' doesn't match the target delegate 'EventHandler<TappedEventArgs>' (possibly because of nullability attributes). [D:\STUDY\C#\TasteTourApp\TasteTourApp\TasteTourApp.csproj::TargetFramework=net10.0-windows10.0.19041.0]
D:\STUDY\C#\TasteTourApp\TasteTourApp\obj\Debug\net10.0-windows10.0.19041.0\win-x64\intermediatexaml\Microsoft.Maui.Controls.SourceGen\Microsoft.Maui.Controls.SourceGen.XamlGenerator\Views_MainPage.xaml.xsg.cs(980,35): warning CS8622: Nullability of reference types in type of parameter 'sender' of 'void MainPage.BtnHeartPoi_Tapped(object sender, EventArgs e)' doesn't match the target delegate 'EventHandler<TappedEventArgs>' (possibly because of nullability attributes). [D:\STUDY\C#\TasteTourApp\TasteTourApp\TasteTourApp.csproj::TargetFramework=net10.0-windows10.0.19041.0]
D:\STUDY\C#\TasteTourApp\TasteTourApp\obj\Debug\net10.0-windows10.0.19041.0\win-x64\intermediatexaml\Microsoft.Maui.Controls.SourceGen\Microsoft.Maui.Controls.SourceGen.XamlGenerator\Views_MainPage.xaml.xsg.cs(1026,35): warning CS8622: Nullability of reference types in type of parameter 'sender' of 'void MainPage.BtnPlay_Tapped(object sender, EventArgs e)' doesn't match the target delegate 'EventHandler<TappedEventArgs>' (possibly because of nullability attributes). [D:\STUDY\C#\TasteTourApp\TasteTourApp\TasteTourApp.csproj::TargetFramework=net10.0-windows10.0.19041.0]
D:\STUDY\C#\TasteTourApp\TasteTourApp\obj\Debug\net10.0-windows10.0.19041.0\win-x64\intermediatexaml\Microsoft.Maui.Controls.SourceGen\Microsoft.Maui.Controls.SourceGen.XamlGenerator\Views_MainPage.xaml.xsg.cs(1064,35): warning CS8622: Nullability of reference types in type of parameter 'sender' of 'void MainPage.BtnChiDuong_Tapped(object sender, EventArgs e)' doesn't match the target delegate 'EventHandler<TappedEventArgs>' (possibly because of nullability attributes). [D:\STUDY\C#\TasteTourApp\TasteTourApp\TasteTourApp.csproj::TargetFramework=net10.0-windows10.0.19041.0]
D:\STUDY\C#\TasteTourApp\TasteTourApp\obj\Debug\net10.0-windows10.0.19041.0\win-x64\intermediatexaml\Microsoft.Maui.Controls.SourceGen\Microsoft.Maui.Controls.SourceGen.XamlGenerator\Views_MainPage.xaml.xsg.cs(1084,35): warning CS8622: Nullability of reference types in type of parameter 'sender' of 'void MainPage.BtnNgheThuyetMinh_Tapped(object sender, EventArgs e)' doesn't match the target delegate 'EventHandler<TappedEventArgs>' (possibly because of nullability attributes). [D:\STUDY\C#\TasteTourApp\TasteTourApp\TasteTourApp.csproj::TargetFramework=net10.0-windows10.0.19041.0]
D:\STUDY\C#\TasteTourApp\TasteTourApp\obj\Debug\net10.0-windows10.0.19041.0\win-x64\intermediatexaml\Microsoft.Maui.Controls.SourceGen\Microsoft.Maui.Controls.SourceGen.XamlGenerator\Views_MainPage.xaml.xsg.cs(1127,35): warning CS8622: Nullability of reference types in type of parameter 'sender' of 'void MainPage.NavTours_Tapped(object sender, EventArgs e)' doesn't match the target delegate 'EventHandler<TappedEventArgs>' (possibly because of nullability attributes). [D:\STUDY\C#\TasteTourApp\TasteTourApp\TasteTourApp.csproj::TargetFramework=net10.0-windows10.0.19041.0]
D:\STUDY\C#\TasteTourApp\TasteTourApp\obj\Debug\net10.0-windows10.0.19041.0\win-x64\intermediatexaml\Microsoft.Maui.Controls.SourceGen\Microsoft.Maui.Controls.SourceGen.XamlGenerator\Views_MainPage.xaml.xsg.cs(1141,35): warning CS8622: Nullability of reference types in type of parameter 'sender' of 'void MainPage.NavSaved_Tapped(object sender, EventArgs e)' doesn't match the target delegate 'EventHandler<TappedEventArgs>' (possibly because of nullability attributes). [D:\STUDY\C#\TasteTourApp\TasteTourApp\TasteTourApp.csproj::TargetFramework=net10.0-windows10.0.19041.0]
D:\STUDY\C#\TasteTourApp\TasteTourApp\obj\Debug\net10.0-windows10.0.19041.0\win-x64\intermediatexaml\Microsoft.Maui.Controls.SourceGen\Microsoft.Maui.Controls.SourceGen.XamlGenerator\Views_MainPage.xaml.xsg.cs(1155,35): warning CS8622: Nullability of reference types in type of parameter 'sender' of 'void MainPage.NavProfile_Tapped(object sender, EventArgs e)' doesn't match the target delegate 'EventHandler<TappedEventArgs>' (possibly because of nullability attributes). [D:\STUDY\C#\TasteTourApp\TasteTourApp\TasteTourApp.csproj::TargetFramework=net10.0-windows10.0.19041.0]
D:\STUDY\C#\TasteTourApp\TasteTourApp\Views\MainPage.xaml.cs(22,18): warning CS0414: The field 'MainPage._isSheetExpanded' is assigned but its value is never used [D:\STUDY\C#\TasteTourApp\TasteTourApp\TasteTourApp.csproj::TargetFramework=net10.0-windows10.0.19041.0]
D:\STUDY\C#\TasteTourApp\TasteTourApp\Views\TourPage.xaml.cs(18,67): error CS7036: There is no argument given that corresponds to the required parameter 'dbService' of 'MainPage.MainPage(DatabaseService, GeofenceEngine)' [D:\STUDY\C#\TasteTourApp\TasteTourApp\TasteTourApp.csproj::TargetFramework=net10.0-maccatalyst]
D:\STUDY\C#\TasteTourApp\TasteTourApp\Views\TourPage.xaml.cs(37,67): error CS7036: There is no argument given that corresponds to the required parameter 'dbService' of 'MainPage.MainPage(DatabaseService, GeofenceEngine)' [D:\STUDY\C#\TasteTourApp\TasteTourApp\TasteTourApp.csproj::TargetFramework=net10.0-maccatalyst]
D:\STUDY\C#\TasteTourApp\TasteTourApp\Views\ProfilePage.xaml.cs(17,67): error CS7036: There is no argument given that corresponds to the required parameter 'dbService' of 'MainPage.MainPage(DatabaseService, GeofenceEngine)' [D:\STUDY\C#\TasteTourApp\TasteTourApp\TasteTourApp.csproj::TargetFramework=net10.0-maccatalyst]
D:\STUDY\C#\TasteTourApp\TasteTourApp\Views\SavedPage.xaml.cs(145,13): error CS0120: An object reference is required for the non-static field, method, or property 'Grid.SetRow(IView, int)' [D:\STUDY\C#\TasteTourApp\TasteTourApp\TasteTourApp.csproj::TargetFramework=net10.0-maccatalyst]
D:\STUDY\C#\TasteTourApp\TasteTourApp\Views\SavedPage.xaml.cs(178,13): error CS0120: An object reference is required for the non-static field, method, or property 'Grid.SetRow(IView, int)' [D:\STUDY\C#\TasteTourApp\TasteTourApp\TasteTourApp.csproj::TargetFramework=net10.0-maccatalyst]
D:\STUDY\C#\TasteTourApp\TasteTourApp\Views\TourPage.xaml.cs(18,67): error CS7036: There is no argument given that corresponds to the required parameter 'dbService' of 'MainPage.MainPage(DatabaseService, GeofenceEngine)' [D:\STUDY\C#\TasteTourApp\TasteTourApp\TasteTourApp.csproj::TargetFramework=net10.0-ios]
D:\STUDY\C#\TasteTourApp\TasteTourApp\Views\TourPage.xaml.cs(37,67): error CS7036: There is no argument given that corresponds to the required parameter 'dbService' of 'MainPage.MainPage(DatabaseService, GeofenceEngine)' [D:\STUDY\C#\TasteTourApp\TasteTourApp\TasteTourApp.csproj::TargetFramework=net10.0-ios]
D:\STUDY\C#\TasteTourApp\TasteTourApp\Views\ProfilePage.xaml.cs(17,67): error CS7036: There is no argument given that corresponds to the required parameter 'dbService' of 'MainPage.MainPage(DatabaseService, GeofenceEngine)' [D:\STUDY\C#\TasteTourApp\TasteTourApp\TasteTourApp.csproj::TargetFramework=net10.0-ios]
D:\STUDY\C#\TasteTourApp\TasteTourApp\Views\SavedPage.xaml.cs(145,13): error CS0120: An object reference is required for the non-static field, method, or property 'Grid.SetRow(IView, int)' [D:\STUDY\C#\TasteTourApp\TasteTourApp\TasteTourApp.csproj::TargetFramework=net10.0-ios]
D:\STUDY\C#\TasteTourApp\TasteTourApp\Views\SavedPage.xaml.cs(178,13): error CS0120: An object reference is required for the non-static field, method, or property 'Grid.SetRow(IView, int)' [D:\STUDY\C#\TasteTourApp\TasteTourApp\TasteTourApp.csproj::TargetFramework=net10.0-ios]
D:\STUDY\C#\TasteTourApp\TasteTourApp\Platforms\Android\AndroidLocationListener.cs(3,15): error CS0234: The type or namespace name 'Gms' does not exist in the namespace 'Android' (are you missing an assembly reference?) [D:\STUDY\C#\TasteTourApp\TasteTourApp\TasteTourApp.csproj::TargetFramework=net10.0-android]
D:\STUDY\C#\TasteTourApp\TasteTourApp\Platforms\Android\AndroidLocationListener.cs(15,17): error CS0246: The type or namespace name 'IFusedLocationProviderClient' could not be found (are you missing a using directive or an assembly reference?) [D:\STUDY\C#\TasteTourApp\TasteTourApp\TasteTourApp.csproj::TargetFramework=net10.0-android]
D:\STUDY\C#\TasteTourApp\TasteTourApp\Platforms\Android\AndroidLocationListener.cs(16,17): error CS0246: The type or namespace name 'LocationCallback' could not be found (are you missing a using directive or an assembly reference?) [D:\STUDY\C#\TasteTourApp\TasteTourApp\TasteTourApp.csproj::TargetFramework=net10.0-android]
D:\STUDY\C#\TasteTourApp\TasteTourApp\Platforms\Android\AndroidLocationListener.cs(52,50): error CS0246: The type or namespace name 'LocationCallback' could not be found (are you missing a using directive or an assembly reference?) [D:\STUDY\C#\TasteTourApp\TasteTourApp\TasteTourApp.csproj::TargetFramework=net10.0-android]
D:\STUDY\C#\TasteTourApp\TasteTourApp\Platforms\Android\AndroidLocationListener.cs(61,51): error CS0246: The type or namespace name 'LocationResult' could not be found (are you missing a using directive or an assembly reference?) [D:\STUDY\C#\TasteTourApp\TasteTourApp\TasteTourApp.csproj::TargetFramework=net10.0-android]
D:\STUDY\C#\TasteTourApp\TasteTourApp\Views\TourPage.xaml.cs(18,67): error CS7036: There is no argument given that corresponds to the required parameter 'dbService' of 'MainPage.MainPage(DatabaseService, GeofenceEngine)' [D:\STUDY\C#\TasteTourApp\TasteTourApp\TasteTourApp.csproj::TargetFramework=net10.0-windows10.0.19041.0]
D:\STUDY\C#\TasteTourApp\TasteTourApp\Views\TourPage.xaml.cs(37,67): error CS7036: There is no argument given that corresponds to the required parameter 'dbService' of 'MainPage.MainPage(DatabaseService, GeofenceEngine)' [D:\STUDY\C#\TasteTourApp\TasteTourApp\TasteTourApp.csproj::TargetFramework=net10.0-windows10.0.19041.0]
D:\STUDY\C#\TasteTourApp\TasteTourApp\Views\ProfilePage.xaml.cs(17,67): error CS7036: There is no argument given that corresponds to the required parameter 'dbService' of 'MainPage.MainPage(DatabaseService, GeofenceEngine)' [D:\STUDY\C#\TasteTourApp\TasteTourApp\TasteTourApp.csproj::TargetFramework=net10.0-windows10.0.19041.0]
D:\STUDY\C#\TasteTourApp\TasteTourApp\Views\SavedPage.xaml.cs(145,13): error CS0120: An object reference is required for the non-static field, method, or property 'Grid.SetRow(IView, int)' [D:\STUDY\C#\TasteTourApp\TasteTourApp\TasteTourApp.csproj::TargetFramework=net10.0-windows10.0.19041.0]
D:\STUDY\C#\TasteTourApp\TasteTourApp\Views\SavedPage.xaml.cs(178,13): error CS0120: An object reference is required for the non-static field, method, or property 'Grid.SetRow(IView, int)' [D:\STUDY\C#\TasteTourApp\TasteTourApp\TasteTourApp.csproj::TargetFramework=net10.0-windows10.0.19041.0]
    243 Warning(s)
    20 Error(s)

Time Elapsed 00:00:07.84
